###############################################################################
#
# IAR ELF Linker V7.60.2.11341/W32 for ARM                24/Jun/2016  11:33:28
# Copyright 2007-2016 IAR Systems AB.
#
#    Output file  =  
#        C:\Users\Public\Documents\stm32f4-discovery\BinarySemaphoreTest\EWARM\BinarySemaphoreTest\Exe\BinarySemaphoreTest.out
#    Map file     =  
#        C:\Users\Public\Documents\stm32f4-discovery\BinarySemaphoreTest\EWARM\BinarySemaphoreTest\List\BinarySemaphoreTest.map
#    Command line =  
#        C:\Users\Public\Documents\stm32f4-discovery\BinarySemaphoreTest\EWARM\BinarySemaphoreTest\Obj\cmsis_os.o
#        C:\Users\Public\Documents\stm32f4-discovery\BinarySemaphoreTest\EWARM\BinarySemaphoreTest\Obj\croutine.o
#        C:\Users\Public\Documents\stm32f4-discovery\BinarySemaphoreTest\EWARM\BinarySemaphoreTest\Obj\event_groups.o
#        C:\Users\Public\Documents\stm32f4-discovery\BinarySemaphoreTest\EWARM\BinarySemaphoreTest\Obj\freertos.o
#        C:\Users\Public\Documents\stm32f4-discovery\BinarySemaphoreTest\EWARM\BinarySemaphoreTest\Obj\heap_4.o
#        C:\Users\Public\Documents\stm32f4-discovery\BinarySemaphoreTest\EWARM\BinarySemaphoreTest\Obj\list.o
#        C:\Users\Public\Documents\stm32f4-discovery\BinarySemaphoreTest\EWARM\BinarySemaphoreTest\Obj\main.o
#        C:\Users\Public\Documents\stm32f4-discovery\BinarySemaphoreTest\EWARM\BinarySemaphoreTest\Obj\port.o
#        C:\Users\Public\Documents\stm32f4-discovery\BinarySemaphoreTest\EWARM\BinarySemaphoreTest\Obj\portasm.o
#        C:\Users\Public\Documents\stm32f4-discovery\BinarySemaphoreTest\EWARM\BinarySemaphoreTest\Obj\queue.o
#        C:\Users\Public\Documents\stm32f4-discovery\BinarySemaphoreTest\EWARM\BinarySemaphoreTest\Obj\startup_stm32f407xx.o
#        C:\Users\Public\Documents\stm32f4-discovery\BinarySemaphoreTest\EWARM\BinarySemaphoreTest\Obj\stm32f4xx_hal.o
#        C:\Users\Public\Documents\stm32f4-discovery\BinarySemaphoreTest\EWARM\BinarySemaphoreTest\Obj\stm32f4xx_hal_cortex.o
#        C:\Users\Public\Documents\stm32f4-discovery\BinarySemaphoreTest\EWARM\BinarySemaphoreTest\Obj\stm32f4xx_hal_dma.o
#        C:\Users\Public\Documents\stm32f4-discovery\BinarySemaphoreTest\EWARM\BinarySemaphoreTest\Obj\stm32f4xx_hal_dma_ex.o
#        C:\Users\Public\Documents\stm32f4-discovery\BinarySemaphoreTest\EWARM\BinarySemaphoreTest\Obj\stm32f4xx_hal_flash.o
#        C:\Users\Public\Documents\stm32f4-discovery\BinarySemaphoreTest\EWARM\BinarySemaphoreTest\Obj\stm32f4xx_hal_flash_ex.o
#        C:\Users\Public\Documents\stm32f4-discovery\BinarySemaphoreTest\EWARM\BinarySemaphoreTest\Obj\stm32f4xx_hal_flash_ramfunc.o
#        C:\Users\Public\Documents\stm32f4-discovery\BinarySemaphoreTest\EWARM\BinarySemaphoreTest\Obj\stm32f4xx_hal_gpio.o
#        C:\Users\Public\Documents\stm32f4-discovery\BinarySemaphoreTest\EWARM\BinarySemaphoreTest\Obj\stm32f4xx_hal_msp.o
#        C:\Users\Public\Documents\stm32f4-discovery\BinarySemaphoreTest\EWARM\BinarySemaphoreTest\Obj\stm32f4xx_hal_pwr.o
#        C:\Users\Public\Documents\stm32f4-discovery\BinarySemaphoreTest\EWARM\BinarySemaphoreTest\Obj\stm32f4xx_hal_pwr_ex.o
#        C:\Users\Public\Documents\stm32f4-discovery\BinarySemaphoreTest\EWARM\BinarySemaphoreTest\Obj\stm32f4xx_hal_rcc.o
#        C:\Users\Public\Documents\stm32f4-discovery\BinarySemaphoreTest\EWARM\BinarySemaphoreTest\Obj\stm32f4xx_hal_rcc_ex.o
#        C:\Users\Public\Documents\stm32f4-discovery\BinarySemaphoreTest\EWARM\BinarySemaphoreTest\Obj\stm32f4xx_hal_tim.o
#        C:\Users\Public\Documents\stm32f4-discovery\BinarySemaphoreTest\EWARM\BinarySemaphoreTest\Obj\stm32f4xx_hal_tim_ex.o
#        C:\Users\Public\Documents\stm32f4-discovery\BinarySemaphoreTest\EWARM\BinarySemaphoreTest\Obj\stm32f4xx_hal_uart.o
#        C:\Users\Public\Documents\stm32f4-discovery\BinarySemaphoreTest\EWARM\BinarySemaphoreTest\Obj\stm32f4xx_it.o
#        C:\Users\Public\Documents\stm32f4-discovery\BinarySemaphoreTest\EWARM\BinarySemaphoreTest\Obj\system_stm32f4xx.o
#        C:\Users\Public\Documents\stm32f4-discovery\BinarySemaphoreTest\EWARM\BinarySemaphoreTest\Obj\tasks.o
#        C:\Users\Public\Documents\stm32f4-discovery\BinarySemaphoreTest\EWARM\BinarySemaphoreTest\Obj\timers.o
#        --redirect _Printf=_PrintfFull --redirect _Scanf=_ScanfFull -o
#        C:\Users\Public\Documents\stm32f4-discovery\BinarySemaphoreTest\EWARM\BinarySemaphoreTest\Exe\BinarySemaphoreTest.out
#        --map
#        C:\Users\Public\Documents\stm32f4-discovery\BinarySemaphoreTest\EWARM\BinarySemaphoreTest\List\BinarySemaphoreTest.map
#        --config
#        C:\Users\Public\Documents\stm32f4-discovery\BinarySemaphoreTest\EWARM/stm32f407xx_flash.icf
#        --semihosting --entry __iar_program_start --vfe
#
###############################################################################

*******************************************************************************
*** RUNTIME MODEL ATTRIBUTES
***

CppFlavor       = *
__SystemLibrary = DLib


*******************************************************************************
*** PLACEMENT SUMMARY
***

"A1":  place at 0x08000000 { ro section .intvec };
"P1":  place in [from 0x08000000 to 0x080fffff] { ro };
"P2":  place in [from 0x20000000 to 0x2001ffff] { rw, block CSTACK, block HEAP };
initialize by copy { rw };

  Section            Kind        Address    Size  Object
  -------            ----        -------    ----  ------
"A1":                                      0x188
  .intvec            ro code  0x08000000   0x188  startup_stm32f407xx.o [1]
                            - 0x08000188   0x188

"P1":                                     0x25c8
  .text              ro code  0x08000188   0x77c  tasks.o [1]
  .text              ro code  0x08000904   0x19c  port.o [1]
  .text              ro code  0x08000aa0    0x8e  list.o [1]
  .text              ro code  0x08000b30   0x1b4  heap_4.o [1]
  .text              ro code  0x08000ce4    0x3a  ABImemset48.o [5]
  CODE               ro code  0x08000d20    0xa8  portasm.o [1]
  .text              ro code  0x08000dc8   0x468  queue.o [1]
  .text              ro code  0x08001230    0x76  ABImemcpy_unaligned.o [5]
  .text              ro code  0x080012a8   0x450  main.o [1]
  .text              ro code  0x080016f8    0x70  stm32f4xx_hal.o [1]
  .text              ro code  0x08001768   0x44e  stm32f4xx_hal_uart.o [1]
  .text              ro code  0x08001bb8    0x94  cmsis_os.o [1]
  .text              ro code  0x08001c4c   0x438  stm32f4xx_hal_rcc.o [1]
  .text              ro code  0x08002084    0xdc  stm32f4xx_hal_cortex.o [1]
  .text              ro code  0x08002160   0x1e8  stm32f4xx_hal_gpio.o [1]
  .text              ro code  0x08002348    0xc4  stm32f4xx_hal_msp.o [1]
  .text              ro code  0x0800240c    0x24  stm32f4xx_hal_dma.o [1]
  .text              ro code  0x08002430    0x50  system_stm32f4xx.o [1]
  .text              ro code  0x08002480    0x40  zero_init3.o [5]
  .text              ro code  0x080024c0    0x2c  copy_init3.o [5]
  .text              ro code  0x080024ec    0x28  data_init.o [5]
  .text              ro code  0x08002514    0x22  fpinit_M.o [4]
  .iar.init_table    const    0x08002538    0x24  - Linker created -
  .text              ro code  0x0800255c    0x1a  cmain.o [5]
  .text              ro code  0x08002576     0x4  low_level_init.o [3]
  .text              ro code  0x0800257a     0x4  exit.o [3]
  .text              ro code  0x08002580     0xa  cexit.o [5]
  .text              ro code  0x0800258c    0x14  exit.o [6]
  .text              ro code  0x080025a0    0x18  stm32f4xx_it.o [1]
  .rodata            const    0x080025b8    0x14  main.o [1]
  .text              ro code  0x080025cc    0x10  startup_stm32f407xx.o [1]
  Initializer bytes  const    0x080025dc    0x10  <for P2-1>
  .text              ro code  0x080025ec     0xc  cstartup_M.o [5]
  .text              ro code  0x080025f8     0x4  startup_stm32f407xx.o [1]
  .text              ro code  0x080025fc     0x4  startup_stm32f407xx.o [1]
  .text              ro code  0x08002600     0x4  startup_stm32f407xx.o [1]
  .text              ro code  0x08002604     0x4  startup_stm32f407xx.o [1]
  .text              ro code  0x08002608     0x4  startup_stm32f407xx.o [1]
  .text              ro code  0x0800260c     0x4  startup_stm32f407xx.o [1]
  .text              ro code  0x08002610     0x4  startup_stm32f407xx.o [1]
  .text              ro code  0x08002614     0x4  startup_stm32f407xx.o [1]
  .text              ro code  0x08002618     0x4  startup_stm32f407xx.o [1]
  .text              ro code  0x0800261c     0x4  startup_stm32f407xx.o [1]
  .text              ro code  0x08002620     0x4  startup_stm32f407xx.o [1]
  .text              ro code  0x08002624     0x4  startup_stm32f407xx.o [1]
  .text              ro code  0x08002628     0x4  startup_stm32f407xx.o [1]
  .text              ro code  0x0800262c     0x4  startup_stm32f407xx.o [1]
  .text              ro code  0x08002630     0x4  startup_stm32f407xx.o [1]
  .text              ro code  0x08002634     0x4  startup_stm32f407xx.o [1]
  .text              ro code  0x08002638     0x4  startup_stm32f407xx.o [1]
  .text              ro code  0x0800263c     0x4  startup_stm32f407xx.o [1]
  .text              ro code  0x08002640     0x4  startup_stm32f407xx.o [1]
  .text              ro code  0x08002644     0x4  startup_stm32f407xx.o [1]
  .text              ro code  0x08002648     0x4  startup_stm32f407xx.o [1]
  .text              ro code  0x0800264c     0x4  startup_stm32f407xx.o [1]
  .text              ro code  0x08002650     0x4  startup_stm32f407xx.o [1]
  .text              ro code  0x08002654     0x4  startup_stm32f407xx.o [1]
  .text              ro code  0x08002658     0x4  startup_stm32f407xx.o [1]
  .text              ro code  0x0800265c     0x4  startup_stm32f407xx.o [1]
  .text              ro code  0x08002660     0x4  startup_stm32f407xx.o [1]
  .text              ro code  0x08002664     0x4  startup_stm32f407xx.o [1]
  .text              ro code  0x08002668     0x4  startup_stm32f407xx.o [1]
  .text              ro code  0x0800266c     0x4  startup_stm32f407xx.o [1]
  .text              ro code  0x08002670     0x4  startup_stm32f407xx.o [1]
  .text              ro code  0x08002674     0x4  startup_stm32f407xx.o [1]
  .text              ro code  0x08002678     0x4  startup_stm32f407xx.o [1]
  .text              ro code  0x0800267c     0x4  startup_stm32f407xx.o [1]
  .text              ro code  0x08002680     0x4  startup_stm32f407xx.o [1]
  .text              ro code  0x08002684     0x4  startup_stm32f407xx.o [1]
  .text              ro code  0x08002688     0x4  startup_stm32f407xx.o [1]
  .text              ro code  0x0800268c     0x4  startup_stm32f407xx.o [1]
  .text              ro code  0x08002690     0x4  startup_stm32f407xx.o [1]
  .text              ro code  0x08002694     0x4  startup_stm32f407xx.o [1]
  .text              ro code  0x08002698     0x4  startup_stm32f407xx.o [1]
  .text              ro code  0x0800269c     0x4  startup_stm32f407xx.o [1]
  .text              ro code  0x080026a0     0x4  startup_stm32f407xx.o [1]
  .text              ro code  0x080026a4     0x4  startup_stm32f407xx.o [1]
  .text              ro code  0x080026a8     0x4  startup_stm32f407xx.o [1]
  .text              ro code  0x080026ac     0x4  startup_stm32f407xx.o [1]
  .text              ro code  0x080026b0     0x4  startup_stm32f407xx.o [1]
  .text              ro code  0x080026b4     0x4  startup_stm32f407xx.o [1]
  .text              ro code  0x080026b8     0x4  startup_stm32f407xx.o [1]
  .text              ro code  0x080026bc     0x4  startup_stm32f407xx.o [1]
  .text              ro code  0x080026c0     0x4  startup_stm32f407xx.o [1]
  .text              ro code  0x080026c4     0x4  startup_stm32f407xx.o [1]
  .text              ro code  0x080026c8     0x4  startup_stm32f407xx.o [1]
  .text              ro code  0x080026cc     0x4  startup_stm32f407xx.o [1]
  .text              ro code  0x080026d0     0x4  startup_stm32f407xx.o [1]
  .text              ro code  0x080026d4     0x4  startup_stm32f407xx.o [1]
  .text              ro code  0x080026d8     0x4  startup_stm32f407xx.o [1]
  .text              ro code  0x080026dc     0x4  startup_stm32f407xx.o [1]
  .text              ro code  0x080026e0     0x4  startup_stm32f407xx.o [1]
  .text              ro code  0x080026e4     0x4  startup_stm32f407xx.o [1]
  .text              ro code  0x080026e8     0x4  startup_stm32f407xx.o [1]
  .text              ro code  0x080026ec     0x4  startup_stm32f407xx.o [1]
  .text              ro code  0x080026f0     0x4  startup_stm32f407xx.o [1]
  .text              ro code  0x080026f4     0x4  startup_stm32f407xx.o [1]
  .text              ro code  0x080026f8     0x4  startup_stm32f407xx.o [1]
  .text              ro code  0x080026fc     0x4  startup_stm32f407xx.o [1]
  .text              ro code  0x08002700     0x4  startup_stm32f407xx.o [1]
  .text              ro code  0x08002704     0x4  startup_stm32f407xx.o [1]
  .text              ro code  0x08002708     0x4  startup_stm32f407xx.o [1]
  .text              ro code  0x0800270c     0x4  startup_stm32f407xx.o [1]
  .text              ro code  0x08002710     0x4  startup_stm32f407xx.o [1]
  .text              ro code  0x08002714     0x4  startup_stm32f407xx.o [1]
  .text              ro code  0x08002718     0x4  startup_stm32f407xx.o [1]
  .text              ro code  0x0800271c     0x4  startup_stm32f407xx.o [1]
  .text              ro code  0x08002720     0x4  startup_stm32f407xx.o [1]
  .text              ro code  0x08002724     0x4  startup_stm32f407xx.o [1]
  .text              ro code  0x08002728     0x4  startup_stm32f407xx.o [1]
  .text              ro code  0x0800272c     0x4  startup_stm32f407xx.o [1]
  .text              ro code  0x08002730     0x4  startup_stm32f407xx.o [1]
  .text              ro code  0x08002734     0x4  startup_stm32f407xx.o [1]
  .text              ro code  0x08002738     0x4  startup_stm32f407xx.o [1]
  .text              ro code  0x0800273c     0x4  startup_stm32f407xx.o [1]
  .text              ro code  0x08002740     0x4  startup_stm32f407xx.o [1]
  .text              ro code  0x08002744     0x4  startup_stm32f407xx.o [1]
  .text              ro code  0x08002748     0x4  startup_stm32f407xx.o [1]
  .text              ro code  0x0800274c     0x4  startup_stm32f407xx.o [1]
  .rodata            const    0x08002750     0x0  zero_init3.o [5]
  .rodata            const    0x08002750     0x0  copy_init3.o [5]
                            - 0x08002750  0x25c8

"P2", part 1 of 3:                          0x10
  P2-1                        0x20000000    0x10  <Init block>
    .data            inited   0x20000000     0xc  port.o [1]
    .data            inited   0x2000000c     0x4  system_stm32f4xx.o [1]
                            - 0x20000010    0x10

"P2", part 2 of 3:                         0x400
  CSTACK                      0x20000010   0x400  <Block>
    CSTACK           uninit   0x20000010   0x400  <Block tail>
                            - 0x20000410   0x400

"P2", part 3 of 3:                        0x3d90
  .bss               zero     0x20000410  0x3c18  heap_4.o [1]
  .bss               zero     0x20004028    0x9c  tasks.o [1]
  .bss               zero     0x200040c4    0x8c  tasks.o [1]
  .bss               zero     0x20004150    0x4c  main.o [1]
  .bss               zero     0x2000419c     0x4  stm32f4xx_hal.o [1]
                            - 0x200041a0  0x3d90


*******************************************************************************
*** INIT TABLE
***

          Address     Size
          -------     ----
Zero (__iar_zero_init3)
    1 destination range, total size 0x3d90:
          0x20000410  0x3d90

Copy (__iar_copy_init3)
    1 source range, total size 0x10:
          0x080025dc    0x10
    1 destination range, total size 0x10:
          0x20000000    0x10



*******************************************************************************
*** MODULE SUMMARY
***

    Module                  ro code  ro data  rw data
    ------                  -------  -------  -------
C:\Users\Public\Documents\stm32f4-discovery\BinarySemaphoreTest\EWARM\BinarySemaphoreTest\Obj: [1]
    cmsis_os.o                  148
    heap_4.o                    436            15 384
    list.o                      142
    main.o                    1 104       20       76
    port.o                      412       12       12
    portasm.o                   168
    queue.o                   1 128
    startup_stm32f407xx.o       752
    stm32f4xx_hal.o             112                 4
    stm32f4xx_hal_cortex.o      220
    stm32f4xx_hal_dma.o          36
    stm32f4xx_hal_gpio.o        488
    stm32f4xx_hal_msp.o         196
    stm32f4xx_hal_rcc.o       1 080
    stm32f4xx_hal_uart.o      1 102
    stm32f4xx_it.o               24
    system_stm32f4xx.o           80        4        4
    tasks.o                   1 916               296
    -------------------------------------------------
    Total:                    9 544       36   15 776

command line: [2]
    -------------------------------------------------
    Total:

dl7M_tlf.a: [3]
    exit.o                        4
    low_level_init.o              4
    -------------------------------------------------
    Total:                        8

m7M_tls.a: [4]
    fpinit_M.o                   34
    -------------------------------------------------
    Total:                       34

rt7M_tl.a: [5]
    ABImemcpy_unaligned.o       118
    ABImemset48.o                58
    cexit.o                      10
    cmain.o                      26
    copy_init3.o                 44
    cstartup_M.o                 12
    data_init.o                  40
    zero_init3.o                 64
    -------------------------------------------------
    Total:                      372

shb_l.a: [6]
    exit.o                       20
    -------------------------------------------------
    Total:                       20

    Gaps                         12        2
    Linker created                        36    1 024
-----------------------------------------------------
    Grand Total:              9 990       74   16 800


*******************************************************************************
*** ENTRY LIST
***

Entry                      Address    Size  Type      Object
-----                      -------    ----  ----      ------
.iar.init_table$$Base   0x08002538           --   Gb  - Linker created -
.iar.init_table$$Limit  0x0800255c           --   Gb  - Linker created -
?main                   0x0800255d          Code  Gb  cmain.o [5]
APBAHBPrescTable        0x08002074    0x10  Data  Gb  stm32f4xx_hal_rcc.o [1]
BossTask                0x080015c3    0x4a  Code  Gb  main.o [1]
CSTACK$$Base            0x20000010           --   Gb  - Linker created -
CSTACK$$Limit           0x20000410           --   Gb  - Linker created -
EmployeeTask            0x0800160d    0x2e  Code  Gb  main.o [1]
HAL_DMA_Abort_IT        0x0800240d    0x24  Code  Gb  stm32f4xx_hal_dma.o [1]
HAL_GPIO_Init           0x08002161   0x1ae  Code  Gb  stm32f4xx_hal_gpio.o [1]
HAL_GPIO_WritePin       0x0800230f     0x8  Code  Gb  stm32f4xx_hal_gpio.o [1]
HAL_GetTick             0x08001757     0x6  Code  Wk  stm32f4xx_hal.o [1]
HAL_IncTick             0x0800174d     0xa  Code  Wk  stm32f4xx_hal.o [1]
HAL_Init                0x080016f9    0x30  Code  Gb  stm32f4xx_hal.o [1]
HAL_InitTick            0x08001729    0x24  Code  Wk  stm32f4xx_hal.o [1]
HAL_MspInit             0x08002349    0x60  Code  Gb  stm32f4xx_hal_msp.o [1]
HAL_NVIC_EnableIRQ      0x080020f3     0xc  Code  Gb  stm32f4xx_hal_cortex.o [1]
HAL_NVIC_SetPriority    0x080020b9    0x3a  Code  Gb  stm32f4xx_hal_cortex.o [1]
HAL_NVIC_SetPriorityGrouping
                        0x0800209f    0x1a  Code  Gb  stm32f4xx_hal_cortex.o [1]
HAL_RCC_ClockConfig     0x08001e99   0x12e  Code  Gb  stm32f4xx_hal_rcc.o [1]
HAL_RCC_GetHCLKFreq     0x0800201b     0x6  Code  Gb  stm32f4xx_hal_rcc.o [1]
HAL_RCC_GetPCLK1Freq    0x08002021    0x12  Code  Gb  stm32f4xx_hal_rcc.o [1]
HAL_RCC_GetPCLK2Freq    0x08002033    0x10  Code  Gb  stm32f4xx_hal_rcc.o [1]
HAL_RCC_GetSysClockFreq
                        0x08001fd5    0x46  Code  Wk  stm32f4xx_hal_rcc.o [1]
HAL_RCC_OscConfig       0x08001c4d   0x244  Code  Wk  stm32f4xx_hal_rcc.o [1]
HAL_SYSTICK_CLKSourceConfig
                        0x0800212f    0x16  Code  Gb  stm32f4xx_hal_cortex.o [1]
HAL_SYSTICK_Config      0x08002107    0x28  Code  Gb  stm32f4xx_hal_cortex.o [1]
HAL_UART_ErrorCallback  0x0800197b     0x2  Code  Wk  stm32f4xx_hal_uart.o [1]
HAL_UART_IRQHandler     0x0800181f   0x14a  Code  Gb  stm32f4xx_hal_uart.o [1]
HAL_UART_Init           0x08001769    0x2e  Code  Gb  stm32f4xx_hal_uart.o [1]
HAL_UART_MspInit        0x080023a9    0x56  Code  Gb  stm32f4xx_hal_msp.o [1]
HAL_UART_RxCpltCallback
                        0x08001979     0x2  Code  Wk  stm32f4xx_hal_uart.o [1]
HAL_UART_Transmit_IT    0x080017d9    0x40  Code  Gb  stm32f4xx_hal_uart.o [1]
HAL_UART_TxCpltCallback
                        0x08001977     0x2  Code  Wk  stm32f4xx_hal_uart.o [1]
MX_GPIO_Init            0x080013d1   0x196  Code  Lc  main.o [1]
NVIC_SetPriority        0x08002085    0x1a  Code  Lc  stm32f4xx_hal_cortex.o [1]
PendSV_Handler          0x08000d21          Code  Gb  portasm.o [1]
Region$$Table$$Base     0x08002538           --   Gb  - Linker created -
Region$$Table$$Limit    0x0800255c           --   Gb  - Linker created -
SVC_Handler             0x08000d79          Code  Gb  portasm.o [1]
SysTick_Handler         0x080025a1     0xe  Code  Gb  stm32f4xx_it.o [1]
SystemClock_Config      0x08001325    0xac  Code  Gb  main.o [1]
SystemCoreClock         0x2000000c     0x4  Data  Gb  system_stm32f4xx.o [1]
SystemInit              0x08002431    0x3a  Code  Gb  system_stm32f4xx.o [1]
UART_DMAAbortOnError    0x0800199d    0x10  Code  Lc  stm32f4xx_hal_uart.o [1]
UART_EndRxTransfer      0x0800197d    0x1c  Code  Lc  stm32f4xx_hal_uart.o [1]
UART_Receive_IT         0x080019ad    0x80  Code  Lc  stm32f4xx_hal_uart.o [1]
UART_SetConfig          0x08001a3b   0x13a  Code  Lc  stm32f4xx_hal_uart.o [1]
USART2_IRQHandler       0x080025af     0x6  Code  Gb  stm32f4xx_it.o [1]
__aeabi_memset4         0x08000ce5          Code  Gb  ABImemset48.o [5]
__aeabi_memset8         0x08000ce5          Code  Gb  ABImemset48.o [5]
__cmain                 0x0800255d          Code  Gb  cmain.o [5]
__exit                  0x0800258d    0x14  Code  Gb  exit.o [6]
__iar_Memset4_word      0x08000ced          Code  Gb  ABImemset48.o [5]
__iar_Memset8_word      0x08000ced          Code  Gb  ABImemset48.o [5]
__iar_copy_init3        0x080024c1    0x2c  Code  Gb  copy_init3.o [5]
__iar_data_init3        0x080024ed    0x28  Code  Gb  data_init.o [5]
__iar_init_vfp          0x08002515          Code  Gb  fpinit_M.o [4]
__iar_program_start     0x080025ed          Code  Gb  cstartup_M.o [5]
__iar_unaligned___aeabi_memcpy
                        0x08001231          Code  Gb  ABImemcpy_unaligned.o [5]
__iar_unaligned___aeabi_memcpy4
                        0x08001251          Code  Gb  ABImemcpy_unaligned.o [5]
__iar_unaligned___aeabi_memcpy8
                        0x08001251          Code  Gb  ABImemcpy_unaligned.o [5]
__iar_zero_init3        0x08002481    0x40  Code  Gb  zero_init3.o [5]
__low_level_init        0x08002577     0x4  Code  Gb  low_level_init.o [3]
__vector_table          0x08000000          Data  Gb  startup_stm32f407xx.o [1]
_call_main              0x08002569          Code  Gb  cmain.o [5]
_exit                   0x08002581          Code  Gb  cexit.o [5]
_main                   0x08002573          Code  Gb  cmain.o [5]
bossHandle              0x20004190     0x4  Data  Gb  main.o [1]
employeeHandle          0x20004194     0x4  Data  Gb  main.o [1]
employee_signalHandle   0x20004198     0x4  Data  Gb  main.o [1]
exit                    0x0800257b     0x4  Code  Gb  exit.o [3]
huart2                  0x20004150    0x40  Data  Gb  main.o [1]
main                    0x080012a9    0x7c  Code  Gb  main.o [1]
makeFreeRtosPriority    0x08001bb9     0xc  Code  Lc  cmsis_os.o [1]
osDelay                 0x08001c05     0xe  Code  Gb  cmsis_os.o [1]
osKernelStart           0x08001bc5     0xa  Code  Gb  cmsis_os.o [1]
osSemaphoreCreate       0x08001c13    0x26  Code  Gb  cmsis_os.o [1]
osSystickHandler        0x08001c39    0x14  Code  Gb  cmsis_os.o [1]
osThreadCreate          0x08001bcf    0x36  Code  Gb  cmsis_os.o [1]
prvAddCurrentTaskToDelayedList
                        0x08000717    0x30  Code  Lc  tasks.o [1]
prvAllocateTCBAndStack  0x08000747    0x38  Code  Lc  tasks.o [1]
prvCopyDataFromQueue    0x080011a9    0x26  Code  Lc  queue.o [1]
prvCopyDataToQueue      0x0800113b    0x6e  Code  Lc  queue.o [1]
prvIdleTask             0x08000669    0x5a  Code  Lc  tasks.o [1]
prvInitialiseTCBVariables
                        0x080006c3    0x54  Code  Lc  tasks.o [1]
prvInsertBlockIntoFreeList
                        0x08000c99    0x46  Code  Lc  heap_4.o [1]
prvResetNextTaskUnblockTime
                        0x0800077f    0x1a  Code  Lc  tasks.o [1]
prvTaskExitError        0x08000929    0x28  Code  Lc  port.o [1]
prvUnlockQueue          0x080011cf    0x5c  Code  Lc  queue.o [1]
pvPortMalloc            0x08000b31    0xfa  Code  Gb  heap_4.o [1]
pvTaskIncrementMutexHeldCount
                        0x080008b9    0x12  Code  Gb  tasks.o [1]
pxCurrentTCB            0x20004050     0x4  Data  Gb  tasks.o [1]
pxDelayedTaskList       0x20004054     0x4  Data  Lc  tasks.o [1]
pxEnd                   0x20000418     0x4  Data  Lc  heap_4.o [1]
pxOverflowDelayedTaskList
                        0x20004058     0x4  Data  Lc  tasks.o [1]
pxPortInitialiseStack   0x08000905    0x22  Code  Gb  port.o [1]
pxReadyTasksLists       0x200040c4    0x8c  Data  Lc  tasks.o [1]
ucHeap                  0x20000428  0x3c00  Data  Lc  heap_4.o [1]
ucMaxSysCallPriority    0x20000000     0x1  Data  Lc  port.o [1]
ulMaxPRIGROUPValue      0x20000008     0x4  Data  Lc  port.o [1]
uwTick                  0x2000419c     0x4  Data  Gb  stm32f4xx_hal.o [1]
uxCriticalNesting       0x20000004     0x4  Data  Lc  port.o [1]
uxCurrentNumberOfTasks  0x20004074     0x4  Data  Lc  tasks.o [1]
uxListRemove            0x08000b0b    0x24  Code  Gb  list.o [1]
uxPendedTicks           0x20004084     0x4  Data  Lc  tasks.o [1]
uxSchedulerSuspended    0x20004098     0x4  Data  Lc  tasks.o [1]
uxTaskNumber            0x20004090     0x4  Data  Lc  tasks.o [1]
uxTasksDeleted          0x2000405c     0x4  Data  Lc  tasks.o [1]
uxTopReadyPriority      0x2000407c     0x4  Data  Lc  tasks.o [1]
vListInitialise         0x08000aa1    0x1a  Code  Gb  list.o [1]
vListInitialiseItem     0x08000abb     0x6  Code  Gb  list.o [1]
vListInsert             0x08000ad9    0x32  Code  Gb  list.o [1]
vListInsertEnd          0x08000ac1    0x18  Code  Gb  list.o [1]
vPortEnableVFP          0x08000dad          Code  Gb  portasm.o [1]
vPortEnterCritical      0x080009e9    0x32  Code  Gb  port.o [1]
vPortExitCritical       0x08000a1b    0x24  Code  Gb  port.o [1]
vPortFree               0x08000c3d    0x4e  Code  Gb  heap_4.o [1]
vPortSetupTimerInterrupt
                        0x08000a65    0x18  Code  Wk  port.o [1]
vPortStartFirstTask     0x08000d95          Code  Gb  portasm.o [1]
vTaskDelay              0x080002a9    0x3a  Code  Gb  tasks.o [1]
vTaskMissedYield        0x0800065f     0xa  Code  Gb  tasks.o [1]
vTaskPlaceOnEventList   0x08000515    0x2c  Code  Gb  tasks.o [1]
vTaskPriorityInherit    0x080007af    0x7c  Code  Gb  tasks.o [1]
vTaskSetTimeOutState    0x080005df    0x20  Code  Gb  tasks.o [1]
vTaskStartScheduler     0x08000309    0x5a  Code  Gb  tasks.o [1]
vTaskSuspendAll         0x08000363     0xc  Code  Gb  tasks.o [1]
vTaskSwitchContext      0x080004c3    0x52  Code  Gb  tasks.o [1]
xBlockAllocatedBit      0x20000424     0x4  Data  Lc  heap_4.o [1]
xDelayedTaskList1       0x2000409c    0x14  Data  Lc  tasks.o [1]
xDelayedTaskList2       0x200040b0    0x14  Data  Lc  tasks.o [1]
xFreeBytesRemaining     0x2000041c     0x4  Data  Lc  heap_4.o [1]
xMinimumEverFreeBytesRemaining
                        0x20000420     0x4  Data  Lc  heap_4.o [1]
xNextTaskUnblockTime    0x20004094     0x4  Data  Lc  tasks.o [1]
xNumOfOverflows         0x2000408c     0x4  Data  Lc  tasks.o [1]
xPendingReadyList       0x20004028    0x14  Data  Lc  tasks.o [1]
xPortStartScheduler     0x08000951    0x84  Code  Gb  port.o [1]
xPortSysTickHandler     0x08000a3f    0x26  Code  Gb  port.o [1]
xQueueGenericCreate     0x08000e33    0x54  Code  Gb  queue.o [1]
xQueueGenericReceive    0x08000fe5   0x126  Code  Gb  queue.o [1]
xQueueGenericReset      0x08000dc9    0x6a  Code  Gb  queue.o [1]
xQueueGenericSend       0x08000e87   0x12a  Code  Gb  queue.o [1]
xSchedulerRunning       0x20004080     0x4  Data  Lc  tasks.o [1]
xStart                  0x20000410     0x8  Data  Lc  heap_4.o [1]
xSuspendedTaskList      0x20004060    0x14  Data  Lc  tasks.o [1]
xTaskCheckForTimeOut    0x080005ff    0x58  Code  Gb  tasks.o [1]
xTaskGenericCreate      0x08000189   0x118  Code  Gb  tasks.o [1]
xTaskGetSchedulerState  0x08000799    0x16  Code  Gb  tasks.o [1]
xTaskIncrementTick      0x08000407    0xbc  Code  Gb  tasks.o [1]
xTaskPriorityDisinherit
                        0x0800082b    0x88  Code  Gb  tasks.o [1]
xTaskRemoveFromEventList
                        0x08000575    0x56  Code  Gb  tasks.o [1]
xTaskResumeAll          0x0800036f    0x98  Code  Gb  tasks.o [1]
xTasksWaitingTermination
                        0x2000403c    0x14  Data  Lc  tasks.o [1]
xTickCount              0x20004078     0x4  Data  Lc  tasks.o [1]
xYieldPending           0x20004088     0x4  Data  Lc  tasks.o [1]


[1] = C:\Users\Public\Documents\stm32f4-discovery\BinarySemaphoreTest\EWARM\BinarySemaphoreTest\Obj
[2] = command line
[3] = dl7M_tlf.a
[4] = m7M_tls.a
[5] = rt7M_tl.a
[6] = shb_l.a

   9 990 bytes of readonly  code memory
      74 bytes of readonly  data memory
  16 800 bytes of readwrite data memory

Errors: none
Warnings: none
