###############################################################################
#
# IAR ELF Linker V7.60.2.11341/W32 for ARM                20/Jun/2016  11:39:56
# Copyright 2007-2016 IAR Systems AB.
#
#    Output file  =  
#        C:\Users\Public\Documents\Project\InterruptTest\EWARM\InterruptTest\Exe\InterruptTest.out
#    Map file     =  
#        C:\Users\Public\Documents\Project\InterruptTest\EWARM\InterruptTest\List\InterruptTest.map
#    Command line =  
#        C:\Users\Public\Documents\Project\InterruptTest\EWARM\InterruptTest\Obj\main.o
#        C:\Users\Public\Documents\Project\InterruptTest\EWARM\InterruptTest\Obj\startup_stm32f407xx.o
#        C:\Users\Public\Documents\Project\InterruptTest\EWARM\InterruptTest\Obj\stm32f4xx_hal.o
#        C:\Users\Public\Documents\Project\InterruptTest\EWARM\InterruptTest\Obj\stm32f4xx_hal_cortex.o
#        C:\Users\Public\Documents\Project\InterruptTest\EWARM\InterruptTest\Obj\stm32f4xx_hal_dma.o
#        C:\Users\Public\Documents\Project\InterruptTest\EWARM\InterruptTest\Obj\stm32f4xx_hal_dma_ex.o
#        C:\Users\Public\Documents\Project\InterruptTest\EWARM\InterruptTest\Obj\stm32f4xx_hal_flash.o
#        C:\Users\Public\Documents\Project\InterruptTest\EWARM\InterruptTest\Obj\stm32f4xx_hal_flash_ex.o
#        C:\Users\Public\Documents\Project\InterruptTest\EWARM\InterruptTest\Obj\stm32f4xx_hal_flash_ramfunc.o
#        C:\Users\Public\Documents\Project\InterruptTest\EWARM\InterruptTest\Obj\stm32f4xx_hal_gpio.o
#        C:\Users\Public\Documents\Project\InterruptTest\EWARM\InterruptTest\Obj\stm32f4xx_hal_msp.o
#        C:\Users\Public\Documents\Project\InterruptTest\EWARM\InterruptTest\Obj\stm32f4xx_hal_pwr.o
#        C:\Users\Public\Documents\Project\InterruptTest\EWARM\InterruptTest\Obj\stm32f4xx_hal_pwr_ex.o
#        C:\Users\Public\Documents\Project\InterruptTest\EWARM\InterruptTest\Obj\stm32f4xx_hal_rcc.o
#        C:\Users\Public\Documents\Project\InterruptTest\EWARM\InterruptTest\Obj\stm32f4xx_hal_rcc_ex.o
#        C:\Users\Public\Documents\Project\InterruptTest\EWARM\InterruptTest\Obj\stm32f4xx_hal_tim.o
#        C:\Users\Public\Documents\Project\InterruptTest\EWARM\InterruptTest\Obj\stm32f4xx_hal_tim_ex.o
#        C:\Users\Public\Documents\Project\InterruptTest\EWARM\InterruptTest\Obj\stm32f4xx_it.o
#        C:\Users\Public\Documents\Project\InterruptTest\EWARM\InterruptTest\Obj\system_stm32f4xx.o
#        --redirect _Printf=_PrintfFull --redirect _Scanf=_ScanfFull -o
#        C:\Users\Public\Documents\Project\InterruptTest\EWARM\InterruptTest\Exe\InterruptTest.out
#        --map
#        C:\Users\Public\Documents\Project\InterruptTest\EWARM\InterruptTest\List\InterruptTest.map
#        --config
#        C:\Users\Public\Documents\Project\InterruptTest\EWARM/stm32f407xx_flash.icf
#        --semihosting --entry __iar_program_start --vfe
#
###############################################################################

*******************************************************************************
*** RUNTIME MODEL ATTRIBUTES
***

CppFlavor       = *
__SystemLibrary = DLib


*******************************************************************************
*** PLACEMENT SUMMARY
***

"A1":  place at 0x08000000 { ro section .intvec };
"P1":  place in [from 0x08000000 to 0x080fffff] { ro };
"P2":  place in [from 0x20000000 to 0x2001ffff] { rw, block CSTACK, block HEAP };
initialize by copy { rw };

  Section            Kind        Address   Size  Object
  -------            ----        -------   ----  ------
"A1":                                     0x188
  .intvec            ro code  0x08000000  0x188  startup_stm32f407xx.o [1]
                            - 0x08000188  0x188

"P1":                                     0xdee
  .text              ro code  0x08000188  0x40c  stm32f4xx_hal_rcc.o [1]
  .text              ro code  0x08000594   0x70  stm32f4xx_hal.o [1]
  .text              ro code  0x08000604   0xe6  stm32f4xx_hal_cortex.o [1]
  .text              ro code  0x080006ea   0x60  stm32f4xx_hal_msp.o [1]
  .text              ro code  0x0800074c  0x2fc  main.o [1]
  .text              ro code  0x08000a48  0x20a  stm32f4xx_hal_gpio.o [1]
  .text              ro code  0x08000c54   0x78  stm32f4xx_it.o [1]
  .text              ro code  0x08000ccc   0x50  system_stm32f4xx.o [1]
  .text              ro code  0x08000d1c   0x38  packbits_init_single.o [5]
  .text              ro code  0x08000d54   0x28  data_init.o [5]
  .text              ro code  0x08000d7c   0x22  fpinit_M.o [4]
  .iar.init_table    const    0x08000da0   0x10  - Linker created -
  .text              ro code  0x08000db0   0x1a  cmain.o [5]
  .text              ro code  0x08000dca    0x4  low_level_init.o [3]
  .text              ro code  0x08000dce    0x4  exit.o [3]
  .text              ro code  0x08000dd4    0xa  cexit.o [5]
  .text              ro code  0x08000de0   0x14  exit.o [6]
  .text              ro code  0x08000df4   0x10  startup_stm32f407xx.o [1]
  .text              ro code  0x08000e04    0xc  cstartup_M.o [5]
  .text              ro code  0x08000e10    0x4  startup_stm32f407xx.o [1]
  .text              ro code  0x08000e14    0x4  startup_stm32f407xx.o [1]
  .text              ro code  0x08000e18    0x4  startup_stm32f407xx.o [1]
  .text              ro code  0x08000e1c    0x4  startup_stm32f407xx.o [1]
  .text              ro code  0x08000e20    0x4  startup_stm32f407xx.o [1]
  .text              ro code  0x08000e24    0x4  startup_stm32f407xx.o [1]
  .text              ro code  0x08000e28    0x4  startup_stm32f407xx.o [1]
  .text              ro code  0x08000e2c    0x4  startup_stm32f407xx.o [1]
  .text              ro code  0x08000e30    0x4  startup_stm32f407xx.o [1]
  .text              ro code  0x08000e34    0x4  startup_stm32f407xx.o [1]
  .text              ro code  0x08000e38    0x4  startup_stm32f407xx.o [1]
  .text              ro code  0x08000e3c    0x4  startup_stm32f407xx.o [1]
  .text              ro code  0x08000e40    0x4  startup_stm32f407xx.o [1]
  .text              ro code  0x08000e44    0x4  startup_stm32f407xx.o [1]
  .text              ro code  0x08000e48    0x4  startup_stm32f407xx.o [1]
  .text              ro code  0x08000e4c    0x4  startup_stm32f407xx.o [1]
  .text              ro code  0x08000e50    0x4  startup_stm32f407xx.o [1]
  .text              ro code  0x08000e54    0x4  startup_stm32f407xx.o [1]
  .text              ro code  0x08000e58    0x4  startup_stm32f407xx.o [1]
  .text              ro code  0x08000e5c    0x4  startup_stm32f407xx.o [1]
  .text              ro code  0x08000e60    0x4  startup_stm32f407xx.o [1]
  .text              ro code  0x08000e64    0x4  startup_stm32f407xx.o [1]
  .text              ro code  0x08000e68    0x4  startup_stm32f407xx.o [1]
  .text              ro code  0x08000e6c    0x4  startup_stm32f407xx.o [1]
  .text              ro code  0x08000e70    0x4  startup_stm32f407xx.o [1]
  .text              ro code  0x08000e74    0x4  startup_stm32f407xx.o [1]
  .text              ro code  0x08000e78    0x4  startup_stm32f407xx.o [1]
  .text              ro code  0x08000e7c    0x4  startup_stm32f407xx.o [1]
  .text              ro code  0x08000e80    0x4  startup_stm32f407xx.o [1]
  .text              ro code  0x08000e84    0x4  startup_stm32f407xx.o [1]
  .text              ro code  0x08000e88    0x4  startup_stm32f407xx.o [1]
  .text              ro code  0x08000e8c    0x4  startup_stm32f407xx.o [1]
  .text              ro code  0x08000e90    0x4  startup_stm32f407xx.o [1]
  .text              ro code  0x08000e94    0x4  startup_stm32f407xx.o [1]
  .text              ro code  0x08000e98    0x4  startup_stm32f407xx.o [1]
  .text              ro code  0x08000e9c    0x4  startup_stm32f407xx.o [1]
  .text              ro code  0x08000ea0    0x4  startup_stm32f407xx.o [1]
  .text              ro code  0x08000ea4    0x4  startup_stm32f407xx.o [1]
  .text              ro code  0x08000ea8    0x4  startup_stm32f407xx.o [1]
  .text              ro code  0x08000eac    0x4  startup_stm32f407xx.o [1]
  .text              ro code  0x08000eb0    0x4  startup_stm32f407xx.o [1]
  .text              ro code  0x08000eb4    0x4  startup_stm32f407xx.o [1]
  .text              ro code  0x08000eb8    0x4  startup_stm32f407xx.o [1]
  .text              ro code  0x08000ebc    0x4  startup_stm32f407xx.o [1]
  .text              ro code  0x08000ec0    0x4  startup_stm32f407xx.o [1]
  .text              ro code  0x08000ec4    0x4  startup_stm32f407xx.o [1]
  .text              ro code  0x08000ec8    0x4  startup_stm32f407xx.o [1]
  .text              ro code  0x08000ecc    0x4  startup_stm32f407xx.o [1]
  .text              ro code  0x08000ed0    0x4  startup_stm32f407xx.o [1]
  .text              ro code  0x08000ed4    0x4  startup_stm32f407xx.o [1]
  .text              ro code  0x08000ed8    0x4  startup_stm32f407xx.o [1]
  .text              ro code  0x08000edc    0x4  startup_stm32f407xx.o [1]
  .text              ro code  0x08000ee0    0x4  startup_stm32f407xx.o [1]
  .text              ro code  0x08000ee4    0x4  startup_stm32f407xx.o [1]
  .text              ro code  0x08000ee8    0x4  startup_stm32f407xx.o [1]
  .text              ro code  0x08000eec    0x4  startup_stm32f407xx.o [1]
  .text              ro code  0x08000ef0    0x4  startup_stm32f407xx.o [1]
  .text              ro code  0x08000ef4    0x4  startup_stm32f407xx.o [1]
  .text              ro code  0x08000ef8    0x4  startup_stm32f407xx.o [1]
  .text              ro code  0x08000efc    0x4  startup_stm32f407xx.o [1]
  .text              ro code  0x08000f00    0x4  startup_stm32f407xx.o [1]
  .text              ro code  0x08000f04    0x4  startup_stm32f407xx.o [1]
  .text              ro code  0x08000f08    0x4  startup_stm32f407xx.o [1]
  .text              ro code  0x08000f0c    0x4  startup_stm32f407xx.o [1]
  .text              ro code  0x08000f10    0x4  startup_stm32f407xx.o [1]
  .text              ro code  0x08000f14    0x4  startup_stm32f407xx.o [1]
  .text              ro code  0x08000f18    0x4  startup_stm32f407xx.o [1]
  .text              ro code  0x08000f1c    0x4  startup_stm32f407xx.o [1]
  .text              ro code  0x08000f20    0x4  startup_stm32f407xx.o [1]
  .text              ro code  0x08000f24    0x4  startup_stm32f407xx.o [1]
  .text              ro code  0x08000f28    0x4  startup_stm32f407xx.o [1]
  .text              ro code  0x08000f2c    0x4  startup_stm32f407xx.o [1]
  .text              ro code  0x08000f30    0x4  startup_stm32f407xx.o [1]
  .text              ro code  0x08000f34    0x4  startup_stm32f407xx.o [1]
  .text              ro code  0x08000f38    0x4  startup_stm32f407xx.o [1]
  .text              ro code  0x08000f3c    0x4  startup_stm32f407xx.o [1]
  .text              ro code  0x08000f40    0x4  startup_stm32f407xx.o [1]
  .text              ro code  0x08000f44    0x4  startup_stm32f407xx.o [1]
  .text              ro code  0x08000f48    0x4  startup_stm32f407xx.o [1]
  .text              ro code  0x08000f4c    0x4  startup_stm32f407xx.o [1]
  .text              ro code  0x08000f50    0x4  startup_stm32f407xx.o [1]
  .text              ro code  0x08000f54    0x4  startup_stm32f407xx.o [1]
  .text              ro code  0x08000f58    0x4  startup_stm32f407xx.o [1]
  .text              ro code  0x08000f5c    0x4  startup_stm32f407xx.o [1]
  .text              ro code  0x08000f60    0x4  startup_stm32f407xx.o [1]
  .text              ro code  0x08000f64    0x4  startup_stm32f407xx.o [1]
  .text              ro code  0x08000f68    0x4  startup_stm32f407xx.o [1]
  .text              ro code  0x08000f6c    0x4  startup_stm32f407xx.o [1]
  .rodata            const    0x08000f70    0x0  packbits_init_single.o [5]
  Initializer bytes  const    0x08000f70    0x6  <for P2-1>
                            - 0x08000f76  0xdee

"P2", part 1 of 2:                         0x14
  P2-1                        0x20000000   0x14  <Init block>
    .data            inited   0x20000000    0x4  system_stm32f4xx.o [1]
    .bss             inited   0x20000004    0x4  stm32f4xx_hal.o [1]
    .bss             inited   0x20000008    0xc  stm32f4xx_it.o [1]
                            - 0x20000014   0x14

"P2", part 2 of 2:                        0x400
  CSTACK                      0x20000018  0x400  <Block>
    CSTACK           uninit   0x20000018  0x400  <Block tail>
                            - 0x20000418  0x400


*******************************************************************************
*** INIT TABLE
***

          Address     Size
          -------     ----
Copy/packbits (__iar_packbits_init_single3)
    1 source range, total size 0x6 (30% of destination):
          0x08000f70   0x6
    1 destination range, total size 0x14:
          0x20000000  0x14



*******************************************************************************
*** MODULE SUMMARY
***

    Module                  ro code  ro data  rw data
    ------                  -------  -------  -------
C:\Users\Public\Documents\Project\InterruptTest\EWARM\InterruptTest\Obj: [1]
    main.o                      764
    startup_stm32f407xx.o       760
    stm32f4xx_hal.o             112        1        4
    stm32f4xx_hal_cortex.o      230
    stm32f4xx_hal_gpio.o        522
    stm32f4xx_hal_msp.o          96
    stm32f4xx_hal_rcc.o       1 036
    stm32f4xx_it.o              120        4       12
    system_stm32f4xx.o           80        1        4
    -------------------------------------------------
    Total:                    3 720        6       20

command line: [2]
    -------------------------------------------------
    Total:

dl7M_tlf.a: [3]
    exit.o                        4
    low_level_init.o              4
    -------------------------------------------------
    Total:                        8

m7M_tls.a: [4]
    fpinit_M.o                   34
    -------------------------------------------------
    Total:                       34

rt7M_tl.a: [5]
    cexit.o                      10
    cmain.o                      26
    cstartup_M.o                 12
    data_init.o                  40
    packbits_init_single.o       56
    -------------------------------------------------
    Total:                      144

shb_l.a: [6]
    exit.o                       20
    -------------------------------------------------
    Total:                       20

    Gaps                          8        2
    Linker created                        16    1 024
-----------------------------------------------------
    Grand Total:              3 934       24    1 044


*******************************************************************************
*** ENTRY LIST
***

Entry                      Address   Size  Type      Object
-----                      -------   ----  ----      ------
.iar.init_table$$Base   0x08000da0          --   Gb  - Linker created -
.iar.init_table$$Limit  0x08000db0          --   Gb  - Linker created -
?main                   0x08000db1         Code  Gb  cmain.o [5]
APBAHBPrescTable        0x08000584   0x10  Data  Gb  stm32f4xx_hal_rcc.o [1]
ButtonCounter           0x20000010    0x4  Data  Gb  stm32f4xx_it.o [1]
CSTACK$$Base            0x20000018          --   Gb  - Linker created -
CSTACK$$Limit           0x20000418          --   Gb  - Linker created -
EXTI0_IRQHandler        0x08000c85   0x40  Code  Gb  stm32f4xx_it.o [1]
HAL_GPIO_EXTI_Callback  0x08000c51    0x2  Code  Wk  stm32f4xx_hal_gpio.o [1]
HAL_GPIO_EXTI_IRQHandler
                        0x08000c07   0x14  Code  Gb  stm32f4xx_hal_gpio.o [1]
HAL_GPIO_Init           0x08000a49  0x1ae  Code  Gb  stm32f4xx_hal_gpio.o [1]
HAL_GPIO_TogglePin      0x08000bff    0x8  Code  Gb  stm32f4xx_hal_gpio.o [1]
HAL_GPIO_WritePin       0x08000bf7    0x8  Code  Gb  stm32f4xx_hal_gpio.o [1]
HAL_GetTick             0x080005f3    0x6  Code  Wk  stm32f4xx_hal.o [1]
HAL_IncTick             0x080005e9    0xa  Code  Wk  stm32f4xx_hal.o [1]
HAL_Init                0x08000595   0x30  Code  Gb  stm32f4xx_hal.o [1]
HAL_InitTick            0x080005c5   0x24  Code  Wk  stm32f4xx_hal.o [1]
HAL_MspInit             0x080006eb   0x60  Code  Gb  stm32f4xx_hal_msp.o [1]
HAL_NVIC_EnableIRQ      0x08000673    0xc  Code  Gb  stm32f4xx_hal_cortex.o [1]
HAL_NVIC_SetPriority    0x08000639   0x3a  Code  Gb  stm32f4xx_hal_cortex.o [1]
HAL_NVIC_SetPriorityGrouping
                        0x0800061f   0x1a  Code  Gb  stm32f4xx_hal_cortex.o [1]
HAL_RCC_ClockConfig     0x080003d5  0x12e  Code  Gb  stm32f4xx_hal_rcc.o [1]
HAL_RCC_GetHCLKFreq     0x08000557    0x6  Code  Gb  stm32f4xx_hal_rcc.o [1]
HAL_RCC_GetSysClockFreq
                        0x08000511   0x46  Code  Wk  stm32f4xx_hal_rcc.o [1]
HAL_RCC_OscConfig       0x08000189  0x244  Code  Wk  stm32f4xx_hal_rcc.o [1]
HAL_SYSTICK_CLKSourceConfig
                        0x080006af   0x16  Code  Gb  stm32f4xx_hal_cortex.o [1]
HAL_SYSTICK_Callback    0x080006e9    0x2  Code  Wk  stm32f4xx_hal_cortex.o [1]
HAL_SYSTICK_Config      0x08000687   0x28  Code  Gb  stm32f4xx_hal_cortex.o [1]
HAL_SYSTICK_IRQHandler  0x080006e1    0x8  Code  Gb  stm32f4xx_hal_cortex.o [1]
LDx                     0x20000008    0x2  Data  Gb  stm32f4xx_it.o [1]
LEDCounter              0x2000000c    0x4  Data  Gb  stm32f4xx_it.o [1]
MX_GPIO_Init            0x0800081b  0x1b2  Code  Lc  main.o [1]
NVIC_SetPriority        0x08000605   0x1a  Code  Lc  stm32f4xx_hal_cortex.o [1]
Region$$Table$$Base     0x08000da0          --   Gb  - Linker created -
Region$$Table$$Limit    0x08000db0          --   Gb  - Linker created -
SysTick_Handler         0x08000c55   0x30  Code  Gb  stm32f4xx_it.o [1]
SystemClock_Config      0x0800076f   0xac  Code  Gb  main.o [1]
SystemCoreClock         0x20000000    0x4  Data  Gb  system_stm32f4xx.o [1]
SystemInit              0x08000ccd   0x3a  Code  Gb  system_stm32f4xx.o [1]
__cmain                 0x08000db1         Code  Gb  cmain.o [5]
__exit                  0x08000de1   0x14  Code  Gb  exit.o [6]
__iar_data_init3        0x08000d55   0x28  Code  Gb  data_init.o [5]
__iar_init_vfp          0x08000d7d         Code  Gb  fpinit_M.o [4]
__iar_packbits_init_single3
                        0x08000d1d   0x38  Code  Gb  packbits_init_single.o [5]
__iar_program_start     0x08000e05         Code  Gb  cstartup_M.o [5]
__low_level_init        0x08000dcb    0x4  Code  Gb  low_level_init.o [3]
__vector_table          0x08000000         Data  Gb  startup_stm32f407xx.o [1]
_call_main              0x08000dbd         Code  Gb  cmain.o [5]
_exit                   0x08000dd5         Code  Gb  cexit.o [5]
_main                   0x08000dc7         Code  Gb  cmain.o [5]
exit                    0x08000dcf    0x4  Code  Gb  exit.o [3]
main                    0x0800074d   0x22  Code  Gb  main.o [1]
uwTick                  0x20000004    0x4  Data  Gb  stm32f4xx_hal.o [1]


[1] = C:\Users\Public\Documents\Project\InterruptTest\EWARM\InterruptTest\Obj
[2] = command line
[3] = dl7M_tlf.a
[4] = m7M_tls.a
[5] = rt7M_tl.a
[6] = shb_l.a

  3 934 bytes of readonly  code memory
     24 bytes of readonly  data memory
  1 044 bytes of readwrite data memory

Errors: none
Warnings: none
