###############################################################################
#
# IAR ELF Linker V7.60.2.11341/W32 for ARM                28/Jun/2016  17:02:33
# Copyright 2007-2016 IAR Systems AB.
#
#    Output file  =  
#        C:\Users\Public\Documents\stm32f4-discovery\ColaDebug
#        v1\EWARM\ColaDebug\Exe\ColaDebug.out
#    Map file     =  
#        C:\Users\Public\Documents\stm32f4-discovery\ColaDebug
#        v1\EWARM\ColaDebug\List\ColaDebug.map
#    Command line =  
#        "C:\Users\Public\Documents\stm32f4-discovery\ColaDebug
#        v1\EWARM\ColaDebug\Obj\cmsis_os.o"
#        "C:\Users\Public\Documents\stm32f4-discovery\ColaDebug
#        v1\EWARM\ColaDebug\Obj\cola.o"
#        "C:\Users\Public\Documents\stm32f4-discovery\ColaDebug
#        v1\EWARM\ColaDebug\Obj\croutine.o"
#        "C:\Users\Public\Documents\stm32f4-discovery\ColaDebug
#        v1\EWARM\ColaDebug\Obj\debug.o"
#        "C:\Users\Public\Documents\stm32f4-discovery\ColaDebug
#        v1\EWARM\ColaDebug\Obj\debug_uart.o"
#        "C:\Users\Public\Documents\stm32f4-discovery\ColaDebug
#        v1\EWARM\ColaDebug\Obj\event_groups.o"
#        "C:\Users\Public\Documents\stm32f4-discovery\ColaDebug
#        v1\EWARM\ColaDebug\Obj\freertos.o"
#        "C:\Users\Public\Documents\stm32f4-discovery\ColaDebug
#        v1\EWARM\ColaDebug\Obj\heap_4.o"
#        "C:\Users\Public\Documents\stm32f4-discovery\ColaDebug
#        v1\EWARM\ColaDebug\Obj\list.o"
#        "C:\Users\Public\Documents\stm32f4-discovery\ColaDebug
#        v1\EWARM\ColaDebug\Obj\main.o"
#        "C:\Users\Public\Documents\stm32f4-discovery\ColaDebug
#        v1\EWARM\ColaDebug\Obj\port.o"
#        "C:\Users\Public\Documents\stm32f4-discovery\ColaDebug
#        v1\EWARM\ColaDebug\Obj\portasm.o"
#        "C:\Users\Public\Documents\stm32f4-discovery\ColaDebug
#        v1\EWARM\ColaDebug\Obj\queue.o"
#        "C:\Users\Public\Documents\stm32f4-discovery\ColaDebug
#        v1\EWARM\ColaDebug\Obj\startup_stm32f407xx.o"
#        "C:\Users\Public\Documents\stm32f4-discovery\ColaDebug
#        v1\EWARM\ColaDebug\Obj\stm32f4xx_hal.o"
#        "C:\Users\Public\Documents\stm32f4-discovery\ColaDebug
#        v1\EWARM\ColaDebug\Obj\stm32f4xx_hal_cortex.o"
#        "C:\Users\Public\Documents\stm32f4-discovery\ColaDebug
#        v1\EWARM\ColaDebug\Obj\stm32f4xx_hal_dma.o"
#        "C:\Users\Public\Documents\stm32f4-discovery\ColaDebug
#        v1\EWARM\ColaDebug\Obj\stm32f4xx_hal_dma_ex.o"
#        "C:\Users\Public\Documents\stm32f4-discovery\ColaDebug
#        v1\EWARM\ColaDebug\Obj\stm32f4xx_hal_flash.o"
#        "C:\Users\Public\Documents\stm32f4-discovery\ColaDebug
#        v1\EWARM\ColaDebug\Obj\stm32f4xx_hal_flash_ex.o"
#        "C:\Users\Public\Documents\stm32f4-discovery\ColaDebug
#        v1\EWARM\ColaDebug\Obj\stm32f4xx_hal_flash_ramfunc.o"
#        "C:\Users\Public\Documents\stm32f4-discovery\ColaDebug
#        v1\EWARM\ColaDebug\Obj\stm32f4xx_hal_gpio.o"
#        "C:\Users\Public\Documents\stm32f4-discovery\ColaDebug
#        v1\EWARM\ColaDebug\Obj\stm32f4xx_hal_msp.o"
#        "C:\Users\Public\Documents\stm32f4-discovery\ColaDebug
#        v1\EWARM\ColaDebug\Obj\stm32f4xx_hal_pwr.o"
#        "C:\Users\Public\Documents\stm32f4-discovery\ColaDebug
#        v1\EWARM\ColaDebug\Obj\stm32f4xx_hal_pwr_ex.o"
#        "C:\Users\Public\Documents\stm32f4-discovery\ColaDebug
#        v1\EWARM\ColaDebug\Obj\stm32f4xx_hal_rcc.o"
#        "C:\Users\Public\Documents\stm32f4-discovery\ColaDebug
#        v1\EWARM\ColaDebug\Obj\stm32f4xx_hal_rcc_ex.o"
#        "C:\Users\Public\Documents\stm32f4-discovery\ColaDebug
#        v1\EWARM\ColaDebug\Obj\stm32f4xx_hal_tim.o"
#        "C:\Users\Public\Documents\stm32f4-discovery\ColaDebug
#        v1\EWARM\ColaDebug\Obj\stm32f4xx_hal_tim_ex.o"
#        "C:\Users\Public\Documents\stm32f4-discovery\ColaDebug
#        v1\EWARM\ColaDebug\Obj\stm32f4xx_hal_uart.o"
#        "C:\Users\Public\Documents\stm32f4-discovery\ColaDebug
#        v1\EWARM\ColaDebug\Obj\stm32f4xx_it.o"
#        "C:\Users\Public\Documents\stm32f4-discovery\ColaDebug
#        v1\EWARM\ColaDebug\Obj\system_stm32f4xx.o"
#        "C:\Users\Public\Documents\stm32f4-discovery\ColaDebug
#        v1\EWARM\ColaDebug\Obj\tasks.o"
#        "C:\Users\Public\Documents\stm32f4-discovery\ColaDebug
#        v1\EWARM\ColaDebug\Obj\timers.o" --redirect _Printf=_PrintfFull
#        --redirect _Scanf=_ScanfFull -o
#        "C:\Users\Public\Documents\stm32f4-discovery\ColaDebug
#        v1\EWARM\ColaDebug\Exe\ColaDebug.out" --map
#        "C:\Users\Public\Documents\stm32f4-discovery\ColaDebug
#        v1\EWARM\ColaDebug\List\ColaDebug.map" --config
#        "C:\Users\Public\Documents\stm32f4-discovery\ColaDebug
#        v1\EWARM/stm32f407xx_flash.icf" --semihosting --entry
#        __iar_program_start --vfe
#
###############################################################################

*******************************************************************************
*** RUNTIME MODEL ATTRIBUTES
***

CppFlavor                     = *
__Heap_Handler                = Basic
__SystemLibrary               = DLib
__dlib_dynamic_initialization = normal


*******************************************************************************
*** PLACEMENT SUMMARY
***

"A1":  place at 0x08000000 { ro section .intvec };
"P1":  place in [from 0x08000000 to 0x080fffff] { ro };
"P2":  place in [from 0x20000000 to 0x2001ffff] { rw, block CSTACK, block HEAP };
initialize by copy { rw };

  Section             Kind        Address    Size  Object
  -------             ----        -------    ----  ------
"A1":                                       0x188
  .intvec             ro code  0x08000000   0x188  startup_stm32f407xx.o [1]
                             - 0x08000188   0x188

"P1":                                      0x5d9e
  .text               ro code  0x08000188  0x119e  xprintffull.o [3]
  .text               ro code  0x08001326    0x20  xmbtowc.o [3]
  .text               ro code  0x08001346     0xa  xsprout.o [3]
  .text               ro code  0x08001350    0x16  strchr.o [5]
  .text               ro code  0x08001368    0x36  strlen.o [5]
  .text               ro code  0x080013a0    0x58  memchr.o [5]
  .text               ro code  0x080013f8     0xa  xmbcurmax.o [3]
  .text               ro code  0x08001404    0xb0  xxmemxmalloc.o [3]
  .text               ro code  0x080014b4    0x1a  xwctomb.o [3]
  .text               ro code  0x080014d0    0x76  ABImemcpy_unaligned.o [5]
  .text               ro code  0x08001548    0x80  xxmemxfree.o [3]
  .text               ro code  0x080015c8    0xee  I64DivMod.o [5]
  .text               ro code  0x080016b6    0x44  xdnorm.o [4]
  .text               ro code  0x080016fc    0x2e  DblCmpLe.o [4]
  .text               ro code  0x0800172c    0x2e  DblCmpGe.o [4]
  .text               ro code  0x0800175c   0x114  xdscale.o [4]
  .text               ro code  0x08001870    0x58  DblToI32.o [4]
  .text               ro code  0x080018c8    0x30  I32ToDbl.o [4]
  .text               ro code  0x080018f8   0x180  DblSub.o [4]
  .text               ro code  0x08001a78   0x1a2  DblMul.o [4]
  .text               ro code  0x08001c1c   0x256  DblDiv.o [4]
  .text               ro code  0x08001e74    0x6c  localeconv.o [3]
  .text               ro code  0x08001ee0     0xe  div.o [3]
  .text               ro code  0x08001ef0    0x14  setlocale.o [3]
  .text               ro code  0x08001f04    0x60  xencoding_sb.o [3]
  .text               ro code  0x08001f64    0x2c  xgetmemchunk.o [3]
  .text               ro code  0x08001f90     0x2  I64DivZer.o [5]
  .text               ro code  0x08001f94    0xd4  DblAdd.o [4]
  .text               ro code  0x08002068     0x2  xtls.o [3]
  .text               ro code  0x0800206c   0xb38  tasks.o [1]
  .text               ro code  0x08002ba4   0x258  port.o [1]
  .text               ro code  0x08002dfc    0x9e  list.o [1]
  .text               ro code  0x08002e9c   0x284  heap_4.o [1]
  .text               ro code  0x08003120    0x66  ABImemset.o [5]
  CODE                ro code  0x08003188    0xa8  portasm.o [1]
  .text               ro code  0x08003230   0x73c  queue.o [1]
  .text               ro code  0x0800396c   0x668  stm32f4xx_hal_uart.o [1]
  .text               ro code  0x08003fd4    0xc4  stm32f4xx_hal_msp.o [1]
  .text               ro code  0x08004098    0x28  stm32f4xx_hal_dma.o [1]
  .text               ro code  0x080040c0   0x620  stm32f4xx_hal_rcc.o [1]
  .text               ro code  0x080046e0   0x160  stm32f4xx_hal_cortex.o [1]
  .text               ro code  0x08004840   0x262  stm32f4xx_hal_gpio.o [1]
  .text               ro code  0x08004aa4    0x7c  stm32f4xx_hal.o [1]
  .text               ro code  0x08004b20   0x35a  main.o [1]
  .text               ro code  0x08004e7c   0x274  debug.o [1]
  .text               ro code  0x080050f0   0x14a  cola.o [1]
  .text               ro code  0x0800523c    0xa8  debug_uart.o [1]
  .text               ro code  0x080052e4    0x34  sprintf.o [3]
  .text               ro code  0x08005318    0x3c  puts.o [3]
  .text               ro code  0x08005354     0x4  xsyslock_nop.o [3]
  .text               ro code  0x08005358    0x98  fputs.o [3]
  .text               ro code  0x080053f0    0x56  fputc.o [3]
  .text               ro code  0x08005446    0xb8  xfwprep.o [3]
  .text               ro code  0x080054fe    0x18  strrchr.o [3]
  .text               ro code  0x08005518    0xb0  fflush.o [3]
  .text               ro code  0x080055c8    0x22  fseek.o [3]
  .text               ro code  0x080055ea    0x10  write.o [6]
  .text               ro code  0x080055fa    0xd6  xfspos.o [3]
  .text               ro code  0x080056d0    0x1e  dwrite.o [6]
  .text               ro code  0x080056ee     0xa  xfgpos.o [3]
  .text               ro code  0x080056f8    0x4c  lseek.o [6]
  .text               ro code  0x08005744     0xc  errno.o [3]
  .text               ro code  0x08005750    0x20  iarwstd.o [6]
  .text               ro code  0x08005770    0x20  iarwrite.o [6]
  .text               ro code  0x08005790    0xcc  XShHandles.o [3]
  .text               ro code  0x0800585c    0x6c  iarttio.o [6]
  .text               ro code  0x080058c8     0x8  XShttio.o [3]
  .text               ro code  0x080058d0    0x80  xfofind.o [3]
  .text               ro code  0x08005950    0x7a  fclose.o [3]
  .text               ro code  0x080059ca    0x1a  close.o [6]
  .text               ro code  0x080059e4    0x16  remove.o [6]
  .text               ro code  0x080059fc    0x74  stm32f4xx_it.o [1]
  .text               ro code  0x08005a70    0x10  cmsis_os.o [1]
  .text               ro code  0x08005a80    0x6c  system_stm32f4xx.o [1]
  .text               ro code  0x08005aec    0x58  xcloseall.o [3]
  .text               ro code  0x08005b44    0x40  zero_init3.o [5]
  .text               ro code  0x08005b84    0x38  packbits_init_single.o [5]
  .rodata             const    0x08005bbc    0x28  debug.o [1]
  .rodata             const    0x08005be4    0x28  debug_uart.o [1]
  .text               ro code  0x08005c0c    0x28  data_init.o [5]
  .text               ro code  0x08005c34    0x22  fpinit_M.o [4]
  .iar.init_table     const    0x08005c58    0x20  - Linker created -
  .text               ro code  0x08005c78    0x1a  cmain.o [5]
  .text               ro code  0x08005c92     0x4  low_level_init.o [3]
  .text               ro code  0x08005c96     0x4  exit.o [3]
  .text               ro code  0x08005c9c     0xe  cexit.o [5]
  .text               ro code  0x08005cac    0x14  exit.o [6]
  .rodata             const    0x08005cc0    0x10  debug.o [1]
  .rodata             const    0x08005cd0    0x10  debug.o [1]
  .rodata             const    0x08005ce0    0x10  stm32f4xx_hal_rcc.o [1]
  .text               ro code  0x08005cf0    0x10  startup_stm32f407xx.o [1]
  .rodata             const    0x08005d00     0xc  debug.o [1]
  .rodata             const    0x08005d0c     0xc  debug.o [1]
  .text               ro code  0x08005d18     0xc  cstartup_M.o [5]
  .rodata             const    0x08005d24     0x8  debug.o [1]
  .rodata             const    0x08005d2c     0x8  tasks.o [1]
  .rodata             const    0x08005d34     0x4  heap_4.o [1]
  .rodata             const    0x08005d38     0x4  port.o [1]
  .text               ro code  0x08005d3c     0x4  startup_stm32f407xx.o [1]
  .text               ro code  0x08005d40     0x4  startup_stm32f407xx.o [1]
  .text               ro code  0x08005d44     0x4  startup_stm32f407xx.o [1]
  .text               ro code  0x08005d48     0x4  startup_stm32f407xx.o [1]
  .text               ro code  0x08005d4c     0x4  startup_stm32f407xx.o [1]
  .text               ro code  0x08005d50     0x4  startup_stm32f407xx.o [1]
  .text               ro code  0x08005d54     0x4  startup_stm32f407xx.o [1]
  .text               ro code  0x08005d58     0x4  startup_stm32f407xx.o [1]
  .text               ro code  0x08005d5c     0x4  startup_stm32f407xx.o [1]
  .text               ro code  0x08005d60     0x4  startup_stm32f407xx.o [1]
  .text               ro code  0x08005d64     0x4  startup_stm32f407xx.o [1]
  .text               ro code  0x08005d68     0x4  startup_stm32f407xx.o [1]
  .text               ro code  0x08005d6c     0x4  startup_stm32f407xx.o [1]
  .text               ro code  0x08005d70     0x4  startup_stm32f407xx.o [1]
  .text               ro code  0x08005d74     0x4  startup_stm32f407xx.o [1]
  .text               ro code  0x08005d78     0x4  startup_stm32f407xx.o [1]
  .text               ro code  0x08005d7c     0x4  startup_stm32f407xx.o [1]
  .text               ro code  0x08005d80     0x4  startup_stm32f407xx.o [1]
  .text               ro code  0x08005d84     0x4  startup_stm32f407xx.o [1]
  .text               ro code  0x08005d88     0x4  startup_stm32f407xx.o [1]
  .text               ro code  0x08005d8c     0x4  startup_stm32f407xx.o [1]
  .text               ro code  0x08005d90     0x4  startup_stm32f407xx.o [1]
  .text               ro code  0x08005d94     0x4  startup_stm32f407xx.o [1]
  .text               ro code  0x08005d98     0x4  startup_stm32f407xx.o [1]
  .text               ro code  0x08005d9c     0x4  startup_stm32f407xx.o [1]
  .text               ro code  0x08005da0     0x4  startup_stm32f407xx.o [1]
  .text               ro code  0x08005da4     0x4  startup_stm32f407xx.o [1]
  .text               ro code  0x08005da8     0x4  startup_stm32f407xx.o [1]
  .text               ro code  0x08005dac     0x4  startup_stm32f407xx.o [1]
  .text               ro code  0x08005db0     0x4  startup_stm32f407xx.o [1]
  .text               ro code  0x08005db4     0x4  startup_stm32f407xx.o [1]
  .text               ro code  0x08005db8     0x4  startup_stm32f407xx.o [1]
  .text               ro code  0x08005dbc     0x4  startup_stm32f407xx.o [1]
  .text               ro code  0x08005dc0     0x4  startup_stm32f407xx.o [1]
  .text               ro code  0x08005dc4     0x4  startup_stm32f407xx.o [1]
  .text               ro code  0x08005dc8     0x4  startup_stm32f407xx.o [1]
  .text               ro code  0x08005dcc     0x4  startup_stm32f407xx.o [1]
  .text               ro code  0x08005dd0     0x4  startup_stm32f407xx.o [1]
  .text               ro code  0x08005dd4     0x4  startup_stm32f407xx.o [1]
  .text               ro code  0x08005dd8     0x4  startup_stm32f407xx.o [1]
  .text               ro code  0x08005ddc     0x4  startup_stm32f407xx.o [1]
  .text               ro code  0x08005de0     0x4  startup_stm32f407xx.o [1]
  .text               ro code  0x08005de4     0x4  startup_stm32f407xx.o [1]
  .text               ro code  0x08005de8     0x4  startup_stm32f407xx.o [1]
  .text               ro code  0x08005dec     0x4  startup_stm32f407xx.o [1]
  .text               ro code  0x08005df0     0x4  startup_stm32f407xx.o [1]
  .text               ro code  0x08005df4     0x4  startup_stm32f407xx.o [1]
  .text               ro code  0x08005df8     0x4  startup_stm32f407xx.o [1]
  .text               ro code  0x08005dfc     0x4  startup_stm32f407xx.o [1]
  .text               ro code  0x08005e00     0x4  startup_stm32f407xx.o [1]
  .text               ro code  0x08005e04     0x4  startup_stm32f407xx.o [1]
  .text               ro code  0x08005e08     0x4  startup_stm32f407xx.o [1]
  .text               ro code  0x08005e0c     0x4  startup_stm32f407xx.o [1]
  .text               ro code  0x08005e10     0x4  startup_stm32f407xx.o [1]
  .text               ro code  0x08005e14     0x4  startup_stm32f407xx.o [1]
  .text               ro code  0x08005e18     0x4  startup_stm32f407xx.o [1]
  .text               ro code  0x08005e1c     0x4  startup_stm32f407xx.o [1]
  .text               ro code  0x08005e20     0x4  startup_stm32f407xx.o [1]
  .text               ro code  0x08005e24     0x4  startup_stm32f407xx.o [1]
  .text               ro code  0x08005e28     0x4  startup_stm32f407xx.o [1]
  .text               ro code  0x08005e2c     0x4  startup_stm32f407xx.o [1]
  .text               ro code  0x08005e30     0x4  startup_stm32f407xx.o [1]
  .text               ro code  0x08005e34     0x4  startup_stm32f407xx.o [1]
  .text               ro code  0x08005e38     0x4  startup_stm32f407xx.o [1]
  .text               ro code  0x08005e3c     0x4  startup_stm32f407xx.o [1]
  .text               ro code  0x08005e40     0x4  startup_stm32f407xx.o [1]
  .text               ro code  0x08005e44     0x4  startup_stm32f407xx.o [1]
  .text               ro code  0x08005e48     0x4  startup_stm32f407xx.o [1]
  .text               ro code  0x08005e4c     0x4  startup_stm32f407xx.o [1]
  .text               ro code  0x08005e50     0x4  startup_stm32f407xx.o [1]
  .text               ro code  0x08005e54     0x4  startup_stm32f407xx.o [1]
  .text               ro code  0x08005e58     0x4  startup_stm32f407xx.o [1]
  .text               ro code  0x08005e5c     0x4  startup_stm32f407xx.o [1]
  .text               ro code  0x08005e60     0x4  startup_stm32f407xx.o [1]
  .text               ro code  0x08005e64     0x4  startup_stm32f407xx.o [1]
  .text               ro code  0x08005e68     0x4  startup_stm32f407xx.o [1]
  .text               ro code  0x08005e6c     0x4  startup_stm32f407xx.o [1]
  .text               ro code  0x08005e70     0x4  startup_stm32f407xx.o [1]
  .text               ro code  0x08005e74     0x4  startup_stm32f407xx.o [1]
  .text               ro code  0x08005e78     0x4  startup_stm32f407xx.o [1]
  .text               ro code  0x08005e7c     0x4  startup_stm32f407xx.o [1]
  .text               ro code  0x08005e80     0x4  startup_stm32f407xx.o [1]
  .text               ro code  0x08005e84     0x4  startup_stm32f407xx.o [1]
  .text               ro code  0x08005e88     0x4  startup_stm32f407xx.o [1]
  .text               ro code  0x08005e8c     0x4  startup_stm32f407xx.o [1]
  .text               ro code  0x08005e90     0x0  cstart_closeall.o [5]
  .rodata             const    0x08005e90     0x0  zero_init3.o [5]
  .rodata             const    0x08005e90     0x0  packbits_init_single.o [5]
  Initializer bytes   const    0x08005e90    0x96  <for P2-1>
                             - 0x08005f26  0x5d9e

"P2", part 1 of 3:                          0x1f8
  P2-1                         0x20000000   0x1f8  <Init block>
    .data             inited   0x20000000     0x4  debug.o [1]
    .data             inited   0x20000004     0x4  port.o [1]
    .data             inited   0x20000008     0x4  system_stm32f4xx.o [1]
    .data             inited   0x2000000c    0x40  xfiles.o [3]
    .data             inited   0x2000004c    0x40  xfiles.o [3]
    .data             inited   0x2000008c    0x40  xfiles.o [3]
    .data             inited   0x200000cc    0x20  xfiles.o [3]
    .data             inited   0x200000ec     0x8  XShttio.o [3]
    __DLIB_PERTHREAD  inited   0x200000f4    0x88  localeconv.o [3]
    __DLIB_PERTHREAD  inited   0x2000017c    0x74  setlocale.o [3]
    __DLIB_PERTHREAD  inited   0x200001f0     0x4  errno.o [3]
    .data             inited   0x200001f4     0x2  debug.o [1]
    .data             inited   0x200001f6     0x2  debug.o [1]
                             - 0x200001f8   0x1f8

"P2", part 2 of 3:                          0x600
  CSTACK                       0x200001f8   0x400  <Block>
    CSTACK            uninit   0x200001f8   0x400  <Block tail>
  HEAP                         0x200005f8   0x200  <Block>
    HEAP              uninit   0x200005f8   0x200  <Block tail>
                             - 0x200007f8   0x600

"P2", part 3 of 3:                         0x52ec
  .bss                zero     0x200007f8  0x3c00  heap_4.o [1]
  .bss                zero     0x200043f8  0x1014  cola.o [1]
  .bss                zero     0x2000540c   0x400  debug.o [1]
  .bss                zero     0x2000580c    0x8c  tasks.o [1]
  .bss                zero     0x20005898    0x80  XShHandles.o [3]
  .bss                zero     0x20005918    0x50  xfiles.o [3]
  .bss                zero     0x20005968    0x50  xfiles.o [3]
  .bss                zero     0x200059b8    0x40  stm32f4xx_it.o [1]
  .bss                zero     0x200059f8    0x14  tasks.o [1]
  .bss                zero     0x20005a0c    0x14  tasks.o [1]
  .bss                zero     0x20005a20    0x14  tasks.o [1]
  .bss                zero     0x20005a34    0x14  tasks.o [1]
  .bss                zero     0x20005a48    0x14  tasks.o [1]
  .bss                zero     0x20005a5c     0x8  heap_4.o [1]
  .bss                zero     0x20005a64     0x8  xxmemxmalloc.o [3]
  .bss                zero     0x20005a6c     0x4  debug.o [1]
  .bss                zero     0x20005a70     0x4  debug.o [1]
  .bss                zero     0x20005a74     0x4  debug.o [1]
  .bss                zero     0x20005a78     0x4  debug.o [1]
  .bss                zero     0x20005a7c     0x4  debug.o [1]
  .bss                zero     0x20005a80     0x4  heap_4.o [1]
  .bss                zero     0x20005a84     0x4  heap_4.o [1]
  .bss                zero     0x20005a88     0x4  heap_4.o [1]
  .bss                zero     0x20005a8c     0x4  heap_4.o [1]
  .bss                zero     0x20005a90     0x4  port.o [1]
  .bss                zero     0x20005a94     0x4  stm32f4xx_hal.o [1]
  .bss                zero     0x20005a98     0x4  stm32f4xx_it.o [1]
  .bss                zero     0x20005a9c     0x4  stm32f4xx_it.o [1]
  .bss                zero     0x20005aa0     0x4  tasks.o [1]
  .bss                zero     0x20005aa4     0x4  tasks.o [1]
  .bss                zero     0x20005aa8     0x4  tasks.o [1]
  .bss                zero     0x20005aac     0x4  tasks.o [1]
  .bss                zero     0x20005ab0     0x4  tasks.o [1]
  .bss                zero     0x20005ab4     0x4  tasks.o [1]
  .bss                zero     0x20005ab8     0x4  tasks.o [1]
  .bss                zero     0x20005abc     0x4  tasks.o [1]
  .bss                zero     0x20005ac0     0x4  tasks.o [1]
  .bss                zero     0x20005ac4     0x4  tasks.o [1]
  .bss                zero     0x20005ac8     0x4  tasks.o [1]
  .bss                zero     0x20005acc     0x4  tasks.o [1]
  .bss                zero     0x20005ad0     0x4  tasks.o [1]
  .bss                zero     0x20005ad4     0x4  tasks.o [1]
  .bss                zero     0x20005ad8     0x4  xgetmemchunk.o [3]
  .bss                zero     0x20005adc     0x2  debug.o [1]
  .bss                zero     0x20005ade     0x2  debug.o [1]
  .bss                zero     0x20005ae0     0x1  port.o [1]
                             - 0x20005ae1  0x52e9


*******************************************************************************
*** INIT TABLE
***

          Address     Size
          -------     ----
Zero (__iar_zero_init3)
    1 destination range, total size 0x52e9:
          0x200007f8  0x52e9

Copy/packbits (__iar_packbits_init_single3)
    1 source range, total size 0x96 (29% of destination):
          0x08005e90    0x96
    1 destination range, total size 0x1f8:
          0x20000000   0x1f8



*******************************************************************************
*** MODULE SUMMARY
***

    Module                  ro code  ro data  rw data
    ------                  -------  -------  -------
C:\Users\Public\Documents\stm32f4-discovery\ColaDebug v1\EWARM\ColaDebug\Obj: [1]
    cmsis_os.o                   16
    cola.o                      330             4 116
    debug.o                     628      107    1 056
    debug_uart.o                168       40
    heap_4.o                    644        4   15 384
    list.o                      158
    main.o                      858
    port.o                      600        5        9
    portasm.o                   168
    queue.o                   1 852
    startup_stm32f407xx.o       748
    stm32f4xx_hal.o             124                 4
    stm32f4xx_hal_cortex.o      352
    stm32f4xx_hal_dma.o          40
    stm32f4xx_hal_gpio.o        610
    stm32f4xx_hal_msp.o         196
    stm32f4xx_hal_rcc.o       1 568       16
    stm32f4xx_hal_uart.o      1 640
    stm32f4xx_it.o              116                72
    system_stm32f4xx.o          108        1        4
    tasks.o                   2 872        8      296
    -------------------------------------------------
    Total:                   13 796      181   20 941

command line: [2]
    -------------------------------------------------
    Total:

dl7M_tlf.a: [3]
    XShHandles.o                204               128
    XShttio.o                     8        2        8
    div.o                        14
    errno.o                      12        1        4
    exit.o                        4
    fclose.o                    122
    fflush.o                    176
    fputc.o                      86
    fputs.o                     152
    fseek.o                      34
    localeconv.o                108       41      136
    low_level_init.o              4
    puts.o                       60
    setlocale.o                  20       34      116
    sprintf.o                    52
    strrchr.o                    24
    xcloseall.o                  88
    xencoding_sb.o               96
    xfgpos.o                     10
    xfiles.o                              67      384
    xfofind.o                   128
    xfspos.o                    214
    xfwprep.o                   184
    xgetmemchunk.o               44                 4
    xmbcurmax.o                  10
    xmbtowc.o                    32
    xprintffull.o             4 510
    xsprout.o                    10
    xsyslock_nop.o                4
    xtls.o                        2
    xwctomb.o                    26
    xxmemxfree.o                128
    xxmemxmalloc.o              176                 8
    -------------------------------------------------
    Total:                    6 742      145      788

m7M_tls.a: [4]
    DblAdd.o                    212
    DblCmpGe.o                   46
    DblCmpLe.o                   46
    DblDiv.o                    598
    DblMul.o                    418
    DblSub.o                    384
    DblToI32.o                   88
    I32ToDbl.o                   48
    fpinit_M.o                   34
    xdnorm.o                     68
    xdscale.o                   276
    -------------------------------------------------
    Total:                    2 218

rt7M_tl.a: [5]
    ABImemcpy_unaligned.o       118
    ABImemset.o                 102
    I64DivMod.o                 238
    I64DivZer.o                   2
    cexit.o                      14
    cmain.o                      26
    cstart_closeall.o
    cstartup_M.o                 12
    data_init.o                  40
    memchr.o                     88
    packbits_init_single.o       56
    strchr.o                     22
    strlen.o                     54
    zero_init3.o                 64
    -------------------------------------------------
    Total:                      836

shb_l.a: [6]
    close.o                      26
    dwrite.o                     30
    exit.o                       20
    iarttio.o                   108
    iarwrite.o                   32
    iarwstd.o                    32
    lseek.o                      76
    remove.o                     22
    write.o                      16
    -------------------------------------------------
    Total:                      362

    Gaps                         44        2
    Linker created                        32    1 536
-----------------------------------------------------
    Grand Total:             23 998      360   23 265


*******************************************************************************
*** ENTRY LIST
***

Entry                      Address    Size  Type      Object
-----                      -------    ----  ----      ------
.iar.init_table$$Base   0x08005c58           --   Gb  - Linker created -
.iar.init_table$$Limit  0x08005c78           --   Gb  - Linker created -
?main                   0x08005c79          Code  Gb  cmain.o [5]
APBAHBPrescTable        0x08005ce0    0x10  Data  Gb  stm32f4xx_hal_rcc.o [1]
CSTACK$$Base            0x200001f8           --   Gb  - Linker created -
CSTACK$$Limit           0x200005f8           --   Gb  - Linker created -
DebugGuardar1sTask      0x08005035    0x38  Code  Gb  debug.o [1]
DebugGuardar2sTask      0x0800506d    0x38  Code  Gb  debug.o [1]
DebugInit               0x08004eed    0x9e  Code  Gb  debug.o [1]
DebugTask               0x08004f8d    0xa6  Code  Gb  debug.o [1]
EXTI0_IRQHandler        0x08005a4d     0xa  Code  Gb  stm32f4xx_it.o [1]
Error_Handler           0x08004e79     0x2  Code  Gb  main.o [1]
HAL_DMA_Abort_IT        0x08004099    0x28  Code  Gb  stm32f4xx_hal_dma.o [1]
HAL_GPIO_EXTI_Callback  0x08004aa1     0x2  Code  Wk  stm32f4xx_hal_gpio.o [1]
HAL_GPIO_EXTI_IRQHandler
                        0x08004a43    0x1e  Code  Gb  stm32f4xx_hal_gpio.o [1]
HAL_GPIO_Init           0x08004841   0x1ee  Code  Gb  stm32f4xx_hal_gpio.o [1]
HAL_GPIO_WritePin       0x08004a2f    0x14  Code  Gb  stm32f4xx_hal_gpio.o [1]
HAL_GetTick             0x08004b0f     0x6  Code  Wk  stm32f4xx_hal.o [1]
HAL_IncTick             0x08004b03     0xc  Code  Wk  stm32f4xx_hal.o [1]
HAL_Init                0x08004aa5    0x3a  Code  Gb  stm32f4xx_hal.o [1]
HAL_InitTick            0x08004adf    0x24  Code  Wk  stm32f4xx_hal.o [1]
HAL_MspInit             0x08003fd5    0x5e  Code  Gb  stm32f4xx_hal_msp.o [1]
HAL_NVIC_EnableIRQ      0x080047e3     0xe  Code  Gb  stm32f4xx_hal_cortex.o [1]
HAL_NVIC_SetPriority    0x080047bd    0x26  Code  Gb  stm32f4xx_hal_cortex.o [1]
HAL_NVIC_SetPriorityGrouping
                        0x080047b1     0xc  Code  Gb  stm32f4xx_hal_cortex.o [1]
HAL_RCC_ClockConfig     0x080043fd   0x1b4  Code  Gb  stm32f4xx_hal_rcc.o [1]
HAL_RCC_GetHCLKFreq     0x08004655     0x6  Code  Gb  stm32f4xx_hal_rcc.o [1]
HAL_RCC_GetPCLK1Freq    0x0800465b    0x20  Code  Gb  stm32f4xx_hal_rcc.o [1]
HAL_RCC_GetPCLK2Freq    0x0800467b    0x20  Code  Gb  stm32f4xx_hal_rcc.o [1]
HAL_RCC_GetSysClockFreq
                        0x080045b1    0xa4  Code  Wk  stm32f4xx_hal_rcc.o [1]
HAL_RCC_OscConfig       0x080040c1   0x33c  Code  Wk  stm32f4xx_hal_rcc.o [1]
HAL_SYSTICK_CLKSourceConfig
                        0x080047fd    0x22  Code  Gb  stm32f4xx_hal_cortex.o [1]
HAL_SYSTICK_Config      0x080047f1     0xc  Code  Gb  stm32f4xx_hal_cortex.o [1]
HAL_UART_ErrorCallback  0x08003b2f     0x2  Code  Wk  stm32f4xx_hal_uart.o [1]
HAL_UART_GetState       0x08003b31    0x18  Code  Gb  stm32f4xx_hal_uart.o [1]
HAL_UART_IRQHandler     0x080039e5   0x146  Code  Gb  stm32f4xx_hal_uart.o [1]
HAL_UART_Init           0x0800396d    0x78  Code  Gb  stm32f4xx_hal_uart.o [1]
HAL_UART_MspInit        0x08004033    0x5a  Code  Gb  stm32f4xx_hal_msp.o [1]
HAL_UART_RxCpltCallback
                        0x08003b2d     0x2  Code  Wk  stm32f4xx_hal_uart.o [1]
HAL_UART_TxCpltCallback
                        0x08003b2b     0x2  Code  Wk  stm32f4xx_hal_uart.o [1]
HEAP$$Base              0x200005f8           --   Gb  - Linker created -
HEAP$$Limit             0x200007f8           --   Gb  - Linker created -
LoadInt                 0x080007f7    0x70  Code  Lc  xprintffull.o [3]
MX_GPIO_Init            0x08004bf5   0x25c  Code  Lc  main.o [1]
NVIC_EnableIRQ          0x08004709    0x14  Code  Lc  stm32f4xx_hal_cortex.o [1]
NVIC_EncodePriority     0x08004743    0x3e  Code  Lc  stm32f4xx_hal_cortex.o [1]
NVIC_GetPriorityGrouping
                        0x080046ff     0xa  Code  Lc  stm32f4xx_hal_cortex.o [1]
NVIC_SetPriority        0x0800471d    0x26  Code  Lc  stm32f4xx_hal_cortex.o [1]
NVIC_SetPriorityGrouping
                        0x080046e1    0x1e  Code  Lc  stm32f4xx_hal_cortex.o [1]
PendSV_Handler          0x08003189          Code  Gb  portasm.o [1]
Region$$Table$$Base     0x08005c58           --   Gb  - Linker created -
Region$$Table$$Limit    0x08005c78           --   Gb  - Linker created -
SVC_Handler             0x080031e1          Code  Gb  portasm.o [1]
SysTick_Config          0x08004781    0x30  Code  Lc  stm32f4xx_hal_cortex.o [1]
SysTick_Handler         0x080059fd    0x50  Code  Gb  stm32f4xx_it.o [1]
SystemClock_Config      0x08004b39    0xbc  Code  Gb  main.o [1]
SystemCoreClock         0x20000008     0x4  Data  Gb  system_stm32f4xx.o [1]
SystemInit              0x08005a81    0x4c  Code  Gb  system_stm32f4xx.o [1]
UART_DMAAbortOnError    0x08003b6d    0x16  Code  Lc  stm32f4xx_hal_uart.o [1]
UART_EndRxTransfer      0x08003b49    0x20  Code  Lc  stm32f4xx_hal_uart.o [1]
UART_EndTransmit_IT     0x08003bf3    0x22  Code  Lc  stm32f4xx_hal_uart.o [1]
UART_Receive_IT         0x08003c15    0xa2  Code  Lc  stm32f4xx_hal_uart.o [1]
UART_SetConfig          0x08003cb7   0x312  Code  Lc  stm32f4xx_hal_uart.o [1]
UART_Transmit_IT        0x08003b83    0x70  Code  Lc  stm32f4xx_hal_uart.o [1]
USART2_IRQHandler       0x08005a57     0xe  Code  Gb  stm32f4xx_it.o [1]
_Close_all              0x08005aed    0x58  Code  Gb  xcloseall.o [3]
_EncodingSb_Mbtowc      0x08001f1f    0x30  Code  Gb  xencoding_sb.o [3]
_EncodingSb_Mbtowc::initial
                        0x08001f5c     0x8  Data  Lc  xencoding_sb.o [3]
_EncodingSb_Wctomb      0x08001f05    0x1a  Code  Gb  xencoding_sb.o [3]
_EncodingSb_Wctomb::initial
                        0x08001f54     0x8  Data  Lc  xencoding_sb.o [3]
_Files                  0x200000cc    0x20  Data  Gb  xfiles.o [3]
_Fofree                 0x080058d1    0x78  Code  Gb  xfofind.o [3]
_Fspos                  0x080055fb    0xd6  Code  Gb  xfspos.o [3]
_Fwprep                 0x08005447    0xb8  Code  Gb  xfwprep.o [3]
_GenldFull              0x08001089   0x254  Code  Lc  xprintffull.o [3]
_IsdstStr               0x20000180     0x4  Data  Gb  setlocale.o [3]
_LdtobFull              0x08000c7d   0x406  Code  Lc  xprintffull.o [3]
_LitobFull              0x08000b73   0x10a  Code  Lc  xprintffull.o [3]
_LocaleEncoding         0x08001ef1     0xe  Code  Gb  setlocale.o [3]
_LocaleReturnString     0x200001a0    0x50  Data  Lc  setlocale.o [3]
_Locale_Profile         0x20000184    0x1c  Data  Gb  setlocale.o [3]
_Locale_aeabi_lconv     0x20000144    0x38  Data  Gb  localeconv.o [3]
_Locale_lconv           0x200000f4    0x50  Data  Gb  localeconv.o [3]
_Mbtowc                 0x08001327    0x20  Code  Gb  xmbtowc.o [3]
_Nnl                    0x080056ef     0xa  Code  Gb  xfgpos.o [3]
_PrintfFull             0x08000189   0x658  Code  Gb  xprintffull.o [3]
_PutcharsFull           0x080012dd    0x2e  Code  Lc  xprintffull.o [3]
_PutstrFull             0x08000867   0x306  Code  Lc  xprintffull.o [3]
_SProut                 0x08001347     0xa  Code  Gb  xsprout.o [3]
_TzoneStr               0x2000017c     0x4  Data  Gb  setlocale.o [3]
_Wctomb                 0x080014b5    0x1a  Code  Gb  xwctomb.o [3]
__aeabi_cdcmple         0x080016fd          Code  Gb  DblCmpLe.o [4]
__aeabi_cdrcmple        0x0800172d          Code  Gb  DblCmpGe.o [4]
__aeabi_d2iz            0x08001871          Code  Gb  DblToI32.o [4]
__aeabi_d2uiz           0x0800189d          Code  Gb  DblToI32.o [4]
__aeabi_ddiv            0x08001c1d          Code  Gb  DblDiv.o [4]
__aeabi_dmul            0x08001a79          Code  Gb  DblMul.o [4]
__aeabi_dsub            0x080018f9          Code  Gb  DblSub.o [4]
__aeabi_errno_addr      0x08005745     0x6  Code  Gb  errno.o [3]
__aeabi_i2d             0x080018c9          Code  Gb  I32ToDbl.o [4]
__aeabi_ldiv0           0x08001f91          Code  Gb  I64DivZer.o [5]
__aeabi_memset          0x08003121          Code  Gb  ABImemset.o [5]
__aeabi_ui2d            0x080018dd          Code  Gb  I32ToDbl.o [4]
__aeabi_uldivmod        0x080015c9          Code  Gb  I64DivMod.o [5]
__cexit_closeall        0x08005c9f          Code  Gb  cexit.o [5]
__close                 0x080059cb    0x1a  Code  Gb  close.o [6]
__cmain                 0x08005c79          Code  Gb  cmain.o [5]
__cstart_closeall       0x08005e90          Data  Gb  cstart_closeall.o [5]
__data_Aldata           0x20005a64     0x8  Data  Gb  xxmemxmalloc.o [3]
__data_GetMemChunk      0x08001f65    0x2c  Code  Gb  xgetmemchunk.o [3]
__data_GetMemChunk::start
                        0x20005ad8     0x4  Data  Lc  xgetmemchunk.o [3]
__dwrite                0x080056d1    0x1e  Code  Gb  dwrite.o [6]
__exit                  0x08005cad    0x14  Code  Gb  exit.o [6]
__iar_Dnorm             0x080016b7    0x44  Code  Gb  xdnorm.o [4]
__iar_Dscale            0x0800175d   0x114  Code  Gb  xdscale.o [4]
__iar_Errno             0x200001f0     0x4  Data  Gb  errno.o [3]
__iar_Locale_lconv_init
                        0x08001e75    0x3a  Code  Gb  localeconv.o [3]
__iar_Lockfilelock      0x08005355     0x2  Code  Gb  xsyslock_nop.o [3]
__iar_Mbcurmax          0x080013f9     0xa  Code  Gb  xmbcurmax.o [3]
__iar_Memchr            0x080013a1          Code  Gb  memchr.o [5]
__iar_Memset            0x08003121          Code  Gb  ABImemset.o [5]
__iar_Memset_word       0x08003129          Code  Gb  ABImemset.o [5]
__iar_Stderr            0x2000008c    0x40  Data  Gb  xfiles.o [3]
__iar_Stdin             0x2000000c    0x40  Data  Gb  xfiles.o [3]
__iar_Stdout            0x2000004c    0x40  Data  Gb  xfiles.o [3]
__iar_Strchr            0x08001351          Code  Gb  strchr.o [5]
__iar_Strrchr           0x080054ff    0x18  Code  Gb  strrchr.o [3]
__iar_Unlockfilelock    0x08005357     0x2  Code  Gb  xsyslock_nop.o [3]
__iar_close_ttio        0x0800585d    0x2e  Code  Gb  iarttio.o [6]
__iar_d2uiz             0x080018a9          Code  Gb  DblToI32.o [4]
__iar_dadd              0x08001f95          Code  Gb  DblAdd.o [4]
__iar_data_init3        0x08005c0d    0x28  Code  Gb  data_init.o [5]
__iar_dlib_perthread_access
                        0x08002069     0x2  Code  Gb  xtls.o [3]
__iar_dsub              0x0800190d          Code  Gb  DblSub.o [4]
__iar_dsubStart         0x0800191f          Code  Gb  DblSub.o [4]
__iar_get_ttio          0x0800588d    0x38  Code  Gb  iarttio.o [6]
__iar_init_vfp          0x08005c35          Code  Gb  fpinit_M.o [4]
__iar_lookup_ttioh      0x080058c9     0x8  Code  Gb  XShttio.o [3]
__iar_packbits_init_single3
                        0x08005b85    0x38  Code  Gb  packbits_init_single.o [5]
__iar_program_start     0x08005d19          Code  Gb  cstartup_M.o [5]
__iar_sh_Discard        0x08005791    0x3e  Code  Gb  XShHandles.o [3]
__iar_sh_Move           0x080057d5    0x46  Code  Gb  XShHandles.o [3]
__iar_sh_Pos            0x0800581b    0x3e  Code  Gb  XShHandles.o [3]
__iar_sh_stdout         0x08005751    0x20  Code  Gb  iarwstd.o [6]
__iar_sh_write          0x08005771    0x20  Code  Gb  iarwrite.o [6]
__iar_ttio_handles      0x200000ec     0x8  Data  Lc  XShttio.o [3]
__iar_ui2d              0x080018e1          Code  Gb  I32ToDbl.o [4]
__iar_unaligned___aeabi_memcpy
                        0x080014d1          Code  Gb  ABImemcpy_unaligned.o [5]
__iar_unaligned___aeabi_memcpy4
                        0x080014f1          Code  Gb  ABImemcpy_unaligned.o [5]
__iar_unaligned___aeabi_memcpy8
                        0x080014f1          Code  Gb  ABImemcpy_unaligned.o [5]
__iar_zero_init3        0x08005b45    0x40  Code  Gb  zero_init3.o [5]
__low_level_init        0x08005c93     0x4  Code  Gb  low_level_init.o [3]
__lseek                 0x080056f9    0x4c  Code  Gb  lseek.o [6]
__vector_table          0x08000000          Data  Gb  startup_stm32f407xx.o [1]
__write                 0x080055eb    0x10  Code  Gb  write.o [6]
_call_main              0x08005c85          Code  Gb  cmain.o [5]
_exit                   0x08005c9d          Code  Gb  cexit.o [5]
_main                   0x08005c8f          Code  Gb  cmain.o [5]
buffer                  0x2000540c   0x400  Data  Lc  debug.o [1]
buffer_indice           0x20005adc     0x2  Data  Gb  debug.o [1]
buffer_indice_max       0x20005ade     0x2  Data  Gb  debug.o [1]
colaDebug               0x200043f8  0x1014  Data  Gb  cola.o [1]
cola_guardar            0x08005111    0x7c  Code  Gb  cola.o [1]
cola_init               0x080050f1    0x20  Code  Gb  cola.o [1]
cola_leer               0x0800518d    0xae  Code  Gb  cola.o [1]
counter1                0x20005a98     0x4  Data  Gb  stm32f4xx_it.o [1]
counter2                0x20005a9c     0x4  Data  Gb  stm32f4xx_it.o [1]
counter_1s              0x200001f4     0x2  Data  Gb  debug.o [1]
counter_2s              0x200001f6     0x2  Data  Gb  debug.o [1]
debug_systick_isr_1s    0x08004eb7     0xe  Code  Gb  debug.o [1]
debug_systick_isr_2s    0x08004ec5     0xe  Code  Gb  debug.o [1]
debug_systick_isr_begin
                        0x08004eaf     0x8  Code  Gb  debug.o [1]
debug_systick_isr_end   0x08004ed3    0x1a  Code  Gb  debug.o [1]
debug_uart_init         0x08005269    0x46  Code  Gb  debug_uart.o [1]
debug_uart_isr          0x080052af    0x28  Code  Gb  debug_uart.o [1]
debug_uart_isr_begin    0x08004e7d     0x8  Code  Gb  debug.o [1]
debug_uart_isr_end      0x08004e85    0x1a  Code  Gb  debug.o [1]
debug_uart_isr_rx       0x08004ead     0x2  Code  Gb  debug.o [1]
debug_uart_isr_tx       0x08004e9f     0xe  Code  Gb  debug.o [1]
debug_uart_send         0x0800523d    0x2c  Code  Gb  debug_uart.o [1]
div                     0x08001ee1     0xe  Code  Gb  div.o [3]
ebuf                    0x20005918    0x50  Data  Lc  xfiles.o [3]
exit                    0x08005c97     0x4  Code  Gb  exit.o [3]
fclose                  0x08005951    0x7a  Code  Gb  fclose.o [3]
fflush                  0x0800558f    0x34  Code  Gb  fflush.o [3]
fflushOne               0x08005519    0x76  Code  Lc  fflush.o [3]
fputc                   0x080053f1    0x56  Code  Gb  fputc.o [3]
fputs                   0x08005359    0x98  Code  Gb  fputs.o [3]
free                    0x08001549    0x7a  Code  Gb  xxmemxfree.o [3]
fseek                   0x080055c9    0x22  Code  Gb  fseek.o [3]
huartx                  0x200059b8    0x40  Data  Gb  stm32f4xx_it.o [1]
localeconv              0x08001eaf    0x16  Code  Gb  localeconv.o [3]
main                    0x08004b21    0x18  Code  Gb  main.o [1]
malloc                  0x08001405    0xac  Code  Gb  xxmemxmalloc.o [3]
memchr                  0x080013a1          Code  Gb  memchr.o [5]
msg_error               0x20000000     0x4  Data  Lc  debug.o [1]
obuf                    0x20005968    0x50  Data  Lc  xfiles.o [3]
osSystickHandler        0x08005a71    0x10  Code  Gb  cmsis_os.o [1]
pcInterruptPriorityRegisters
                        0x08005d38     0x4  Data  Lc  port.o [1]
prvAddCurrentTaskToDelayedList
                        0x080028c3    0x4a  Code  Lc  tasks.o [1]
prvAllocateTCBAndStack  0x08002915    0x5a  Code  Lc  tasks.o [1]
prvCheckTasksWaitingTermination
                        0x0800285d    0x66  Code  Lc  tasks.o [1]
prvCopyDataFromQueue    0x0800388d    0x30  Code  Lc  queue.o [1]
prvCopyDataToQueue      0x080037f1    0x9c  Code  Lc  queue.o [1]
prvDeleteTCB            0x0800296f    0x12  Code  Lc  tasks.o [1]
prvHeapInit             0x08003031    0x6e  Code  Lc  heap_4.o [1]
prvIdleTask             0x08002769    0x26  Code  Lc  tasks.o [1]
prvInitialiseTCBVariables
                        0x0800278f    0x6c  Code  Lc  tasks.o [1]
prvInitialiseTaskLists  0x080027fb    0x5a  Code  Lc  tasks.o [1]
prvInsertBlockIntoFreeList
                        0x0800309f    0x62  Code  Lc  heap_4.o [1]
prvIsQueueEmpty         0x08003927    0x20  Code  Lc  queue.o [1]
prvIsQueueFull          0x08003947    0x22  Code  Lc  queue.o [1]
prvResetNextTaskUnblockTime
                        0x08002981    0x26  Code  Lc  tasks.o [1]
prvTaskExitError        0x08002bc9    0x2a  Code  Lc  port.o [1]
prvUnlockQueue          0x080038bd    0x6a  Code  Lc  queue.o [1]
puts                    0x08005319    0x3c  Code  Gb  puts.o [3]
pvPortMalloc            0x08002e9d   0x11a  Code  Gb  heap_4.o [1]
pvTaskIncrementMutexHeldCount
                        0x08002b3d    0x1e  Code  Gb  tasks.o [1]
pxCurrentTCB            0x20005aa0     0x4  Data  Gb  tasks.o [1]
pxDelayedTaskList       0x20005aa4     0x4  Data  Lc  tasks.o [1]
pxEnd                   0x20005a80     0x4  Data  Lc  heap_4.o [1]
pxOverflowDelayedTaskList
                        0x20005aa8     0x4  Data  Lc  tasks.o [1]
pxPortInitialiseStack   0x08002ba5    0x24  Code  Gb  port.o [1]
pxReadyTasksLists       0x2000580c    0x8c  Data  Lc  tasks.o [1]
remove                  0x080059e5    0x16  Code  Gb  remove.o [6]
sFileInfo               0x20005898    0x80  Data  Lc  XShHandles.o [3]
semaforo_debug_isrsystick_1s
                        0x20005a70     0x4  Data  Lc  debug.o [1]
semaforo_debug_isrsystick_2s
                        0x20005a74     0x4  Data  Lc  debug.o [1]
semaforo_debug_isruart  0x20005a6c     0x4  Data  Lc  debug.o [1]
sprintf                 0x080052e5    0x34  Code  Gb  sprintf.o [3]
strchr                  0x08001351          Code  Gb  strchr.o [5]
strlen                  0x08001369          Code  Gb  strlen.o [5]
ucHeap                  0x200007f8  0x3c00  Data  Lc  heap_4.o [1]
ucMaxSysCallPriority    0x20005ae0     0x1  Data  Lc  port.o [1]
ulMaxPRIGROUPValue      0x20005a90     0x4  Data  Lc  port.o [1]
uwTick                  0x20005a94     0x4  Data  Gb  stm32f4xx_hal.o [1]
uxCriticalNesting       0x20000004     0x4  Data  Lc  port.o [1]
uxCurrentNumberOfTasks  0x20005ab0     0x4  Data  Lc  tasks.o [1]
uxListRemove            0x08002e73    0x28  Code  Gb  list.o [1]
uxPendedTicks           0x20005ac0     0x4  Data  Lc  tasks.o [1]
uxSchedulerSuspended    0x20005ad4     0x4  Data  Lc  tasks.o [1]
uxTaskNumber            0x20005acc     0x4  Data  Lc  tasks.o [1]
uxTasksDeleted          0x20005aac     0x4  Data  Lc  tasks.o [1]
uxTopReadyPriority      0x20005ab8     0x4  Data  Lc  tasks.o [1]
vListInitialise         0x08002dfd    0x1e  Code  Gb  list.o [1]
vListInitialiseItem     0x08002e1b     0x6  Code  Gb  list.o [1]
vListInsert             0x08002e39    0x3a  Code  Gb  list.o [1]
vListInsertEnd          0x08002e21    0x18  Code  Gb  list.o [1]
vPortEnableVFP          0x08003215          Code  Gb  portasm.o [1]
vPortEnterCritical      0x08002cbf    0x3a  Code  Gb  port.o [1]
vPortExitCritical       0x08002cf9    0x32  Code  Gb  port.o [1]
vPortFree               0x08002fb7    0x7a  Code  Gb  heap_4.o [1]
vPortSetupTimerInterrupt
                        0x08002d57    0x1a  Code  Wk  port.o [1]
vPortStartFirstTask     0x080031fd          Code  Gb  portasm.o [1]
vPortValidateInterruptPriority
                        0x08002d71    0x50  Code  Gb  port.o [1]
vTaskDelay              0x080021f1    0x84  Code  Gb  tasks.o [1]
vTaskMissedYield        0x08002757     0xa  Code  Gb  tasks.o [1]
vTaskPlaceOnEventList   0x08002597    0x76  Code  Gb  tasks.o [1]
vTaskPriorityInherit    0x080029cd    0xaa  Code  Gb  tasks.o [1]
vTaskSetTimeOutState    0x080026a9    0x26  Code  Gb  tasks.o [1]
vTaskStartScheduler     0x08002275    0x6c  Code  Gb  tasks.o [1]
vTaskSuspendAll         0x080022e1    0x10  Code  Gb  tasks.o [1]
vTaskSwitchContext      0x08002523    0x74  Code  Gb  tasks.o [1]
xBlockAllocatedBit      0x20005a8c     0x4  Data  Lc  heap_4.o [1]
xDelayedTaskList1       0x200059f8    0x14  Data  Lc  tasks.o [1]
xDelayedTaskList2       0x20005a0c    0x14  Data  Lc  tasks.o [1]
xFreeBytesRemaining     0x20005a84     0x4  Data  Lc  heap_4.o [1]
xGuardarSomeTaskWoken   0x20005a7c     0x4  Data  Lc  debug.o [1]
xHeapStructSize         0x08005d34     0x4  Data  Lc  heap_4.o [1]
xHigherPriorityTaskWoken
                        0x20005a78     0x4  Data  Lc  debug.o [1]
xMinimumEverFreeBytesRemaining
                        0x20005a88     0x4  Data  Lc  heap_4.o [1]
xNextTaskUnblockTime    0x20005ad0     0x4  Data  Lc  tasks.o [1]
xNumOfOverflows         0x20005ac8     0x4  Data  Lc  tasks.o [1]
xPendingReadyList       0x20005a20    0x14  Data  Lc  tasks.o [1]
xPortStartScheduler     0x08002bf3    0xcc  Code  Gb  port.o [1]
xPortSysTickHandler     0x08002d2b    0x2c  Code  Gb  port.o [1]
xQueueCreateMutex       0x0800333f    0x5c  Code  Gb  queue.o [1]
xQueueGenericCreate     0x080032c1    0x7e  Code  Gb  queue.o [1]
xQueueGenericReceive    0x08003625   0x1cc  Code  Gb  queue.o [1]
xQueueGenericReset      0x08003231    0x90  Code  Gb  queue.o [1]
xQueueGenericSend       0x0800339b   0x1b2  Code  Gb  queue.o [1]
xQueueGiveFromISR       0x0800354d    0xd8  Code  Gb  queue.o [1]
xSchedulerRunning       0x20005abc     0x4  Data  Lc  tasks.o [1]
xStart                  0x20005a5c     0x8  Data  Lc  heap_4.o [1]
xSuspendedTaskList      0x20005a48    0x14  Data  Lc  tasks.o [1]
xTaskCheckForTimeOut    0x080026cf    0x88  Code  Gb  tasks.o [1]
xTaskGenericCreate      0x0800206d   0x184  Code  Gb  tasks.o [1]
xTaskGetSchedulerState  0x080029a7    0x26  Code  Gb  tasks.o [1]
xTaskIncrementTick      0x080023f1   0x132  Code  Gb  tasks.o [1]
xTaskPriorityDisinherit
                        0x08002a81    0xb8  Code  Gb  tasks.o [1]
xTaskRemoveFromEventList
                        0x0800260d    0x84  Code  Gb  tasks.o [1]
xTaskResumeAll          0x080022f1   0x100  Code  Gb  tasks.o [1]
xTasksWaitingTermination
                        0x20005a34    0x14  Data  Lc  tasks.o [1]
xTickCount              0x20005ab4     0x4  Data  Lc  tasks.o [1]
xYieldPending           0x20005ac4     0x4  Data  Lc  tasks.o [1]


[1] = C:\Users\Public\Documents\stm32f4-discovery\ColaDebug v1\EWARM\ColaDebug\Obj
[2] = command line
[3] = dl7M_tlf.a
[4] = m7M_tls.a
[5] = rt7M_tl.a
[6] = shb_l.a

  23 998 bytes of readonly  code memory
     360 bytes of readonly  data memory
  23 265 bytes of readwrite data memory

Errors: none
Warnings: none
