###############################################################################
#
# IAR ELF Linker V7.60.2.11341/W32 for ARM                23/Jun/2016  12:15:40
# Copyright 2007-2016 IAR Systems AB.
#
#    Output file  =  
#        C:\Users\Public\Documents\stm32f4-discovery\MutexTest\EWARM\MutexTest\Exe\MutexTest.out
#    Map file     =  
#        C:\Users\Public\Documents\stm32f4-discovery\MutexTest\EWARM\MutexTest\List\MutexTest.map
#    Command line =  
#        C:\Users\Public\Documents\stm32f4-discovery\MutexTest\EWARM\MutexTest\Obj\cmsis_os.o
#        C:\Users\Public\Documents\stm32f4-discovery\MutexTest\EWARM\MutexTest\Obj\croutine.o
#        C:\Users\Public\Documents\stm32f4-discovery\MutexTest\EWARM\MutexTest\Obj\event_groups.o
#        C:\Users\Public\Documents\stm32f4-discovery\MutexTest\EWARM\MutexTest\Obj\freertos.o
#        C:\Users\Public\Documents\stm32f4-discovery\MutexTest\EWARM\MutexTest\Obj\heap_4.o
#        C:\Users\Public\Documents\stm32f4-discovery\MutexTest\EWARM\MutexTest\Obj\list.o
#        C:\Users\Public\Documents\stm32f4-discovery\MutexTest\EWARM\MutexTest\Obj\main.o
#        C:\Users\Public\Documents\stm32f4-discovery\MutexTest\EWARM\MutexTest\Obj\port.o
#        C:\Users\Public\Documents\stm32f4-discovery\MutexTest\EWARM\MutexTest\Obj\portasm.o
#        C:\Users\Public\Documents\stm32f4-discovery\MutexTest\EWARM\MutexTest\Obj\queue.o
#        C:\Users\Public\Documents\stm32f4-discovery\MutexTest\EWARM\MutexTest\Obj\startup_stm32f407xx.o
#        C:\Users\Public\Documents\stm32f4-discovery\MutexTest\EWARM\MutexTest\Obj\stm32f4xx_hal.o
#        C:\Users\Public\Documents\stm32f4-discovery\MutexTest\EWARM\MutexTest\Obj\stm32f4xx_hal_cortex.o
#        C:\Users\Public\Documents\stm32f4-discovery\MutexTest\EWARM\MutexTest\Obj\stm32f4xx_hal_dma.o
#        C:\Users\Public\Documents\stm32f4-discovery\MutexTest\EWARM\MutexTest\Obj\stm32f4xx_hal_dma_ex.o
#        C:\Users\Public\Documents\stm32f4-discovery\MutexTest\EWARM\MutexTest\Obj\stm32f4xx_hal_flash.o
#        C:\Users\Public\Documents\stm32f4-discovery\MutexTest\EWARM\MutexTest\Obj\stm32f4xx_hal_flash_ex.o
#        C:\Users\Public\Documents\stm32f4-discovery\MutexTest\EWARM\MutexTest\Obj\stm32f4xx_hal_flash_ramfunc.o
#        C:\Users\Public\Documents\stm32f4-discovery\MutexTest\EWARM\MutexTest\Obj\stm32f4xx_hal_gpio.o
#        C:\Users\Public\Documents\stm32f4-discovery\MutexTest\EWARM\MutexTest\Obj\stm32f4xx_hal_msp.o
#        C:\Users\Public\Documents\stm32f4-discovery\MutexTest\EWARM\MutexTest\Obj\stm32f4xx_hal_pwr.o
#        C:\Users\Public\Documents\stm32f4-discovery\MutexTest\EWARM\MutexTest\Obj\stm32f4xx_hal_pwr_ex.o
#        C:\Users\Public\Documents\stm32f4-discovery\MutexTest\EWARM\MutexTest\Obj\stm32f4xx_hal_rcc.o
#        C:\Users\Public\Documents\stm32f4-discovery\MutexTest\EWARM\MutexTest\Obj\stm32f4xx_hal_rcc_ex.o
#        C:\Users\Public\Documents\stm32f4-discovery\MutexTest\EWARM\MutexTest\Obj\stm32f4xx_hal_tim.o
#        C:\Users\Public\Documents\stm32f4-discovery\MutexTest\EWARM\MutexTest\Obj\stm32f4xx_hal_tim_ex.o
#        C:\Users\Public\Documents\stm32f4-discovery\MutexTest\EWARM\MutexTest\Obj\stm32f4xx_hal_uart.o
#        C:\Users\Public\Documents\stm32f4-discovery\MutexTest\EWARM\MutexTest\Obj\stm32f4xx_it.o
#        C:\Users\Public\Documents\stm32f4-discovery\MutexTest\EWARM\MutexTest\Obj\system_stm32f4xx.o
#        C:\Users\Public\Documents\stm32f4-discovery\MutexTest\EWARM\MutexTest\Obj\tasks.o
#        C:\Users\Public\Documents\stm32f4-discovery\MutexTest\EWARM\MutexTest\Obj\timers.o
#        --redirect _Printf=_PrintfFull --redirect _Scanf=_ScanfFull -o
#        C:\Users\Public\Documents\stm32f4-discovery\MutexTest\EWARM\MutexTest\Exe\MutexTest.out
#        --map
#        C:\Users\Public\Documents\stm32f4-discovery\MutexTest\EWARM\MutexTest\List\MutexTest.map
#        --config
#        C:\Users\Public\Documents\stm32f4-discovery\MutexTest\EWARM/stm32f407xx_flash.icf
#        --semihosting --entry __iar_program_start --vfe
#
###############################################################################

*******************************************************************************
*** RUNTIME MODEL ATTRIBUTES
***

CppFlavor       = *
__Heap_Handler  = Basic
__SystemLibrary = DLib


*******************************************************************************
*** PLACEMENT SUMMARY
***

"A1":  place at 0x08000000 { ro section .intvec };
"P1":  place in [from 0x08000000 to 0x080fffff] { ro };
"P2":  place in [from 0x20000000 to 0x2001ffff] { rw, block CSTACK, block HEAP };
initialize by copy { rw };

  Section             Kind        Address    Size  Object
  -------             ----        -------    ----  ------
"A1":                                       0x188
  .intvec             ro code  0x08000000   0x188  startup_stm32f407xx.o [1]
                             - 0x08000188   0x188

"P1":                                      0x2e5f
  .text               ro code  0x08000188   0x77c  tasks.o [1]
  .text               ro code  0x08000904   0x19c  port.o [1]
  .text               ro code  0x08000aa0    0x8e  list.o [1]
  .text               ro code  0x08000b30   0x1b4  heap_4.o [1]
  .text               ro code  0x08000ce4    0x3a  ABImemset48.o [5]
  CODE                ro code  0x08000d20    0xa8  portasm.o [1]
  .text               ro code  0x08000dc8   0x44e  stm32f4xx_hal_uart.o [1]
  .text               ro code  0x08001218    0xc4  stm32f4xx_hal_msp.o [1]
  .text               ro code  0x080012dc    0x24  stm32f4xx_hal_dma.o [1]
  .text               ro code  0x08001300   0x438  stm32f4xx_hal_rcc.o [1]
  .text               ro code  0x08001738    0xdc  stm32f4xx_hal_cortex.o [1]
  .text               ro code  0x08001814   0x1e8  stm32f4xx_hal_gpio.o [1]
  .text               ro code  0x080019fc    0x70  stm32f4xx_hal.o [1]
  .text               ro code  0x08001a6c   0x444  main.o [1]
  .text               ro code  0x08001eb0   0x3cc  queue.o [1]
  .text               ro code  0x0800227c    0x76  ABImemcpy_unaligned.o [5]
  .text               ro code  0x080022f4    0x6e  cmsis_os.o [1]
  .text               ro code  0x08002364    0x3c  puts.o [3]
  .text               ro code  0x080023a0     0x4  xsyslock_nop.o [3]
  .text               ro code  0x080023a4    0x98  fputs.o [3]
  .text               ro code  0x0800243c    0x56  fputc.o [3]
  .text               ro code  0x08002492    0xb8  xfwprep.o [3]
  .text               ro code  0x0800254a    0x18  strrchr.o [3]
  .text               ro code  0x08002564    0x36  strlen.o [5]
  .text               ro code  0x0800259c    0xb0  fflush.o [3]
  .text               ro code  0x0800264c    0xb0  xxmemxmalloc.o [3]
  .text               ro code  0x080026fc    0x22  fseek.o [3]
  .text               ro code  0x0800271e    0x10  write.o [6]
  .text               ro code  0x08002730    0x80  xxmemxfree.o [3]
  .text               ro code  0x080027b0    0x2c  xgetmemchunk.o [3]
  .text               ro code  0x080027dc    0xd6  xfspos.o [3]
  .text               ro code  0x080028b2    0x1e  dwrite.o [6]
  .text               ro code  0x080028d0     0xa  xfgpos.o [3]
  .text               ro code  0x080028da    0x4c  lseek.o [6]
  .text               ro code  0x08002928     0xc  errno.o [3]
  .text               ro code  0x08002934    0x20  iarwstd.o [6]
  .text               ro code  0x08002954    0x20  iarwrite.o [6]
  .text               ro code  0x08002974    0xcc  XShHandles.o [3]
  .text               ro code  0x08002a40     0x2  xtls.o [3]
  .text               ro code  0x08002a44    0x6c  iarttio.o [6]
  .text               ro code  0x08002ab0     0x8  XShttio.o [3]
  .text               ro code  0x08002ab8    0x80  xfofind.o [3]
  .text               ro code  0x08002b38    0x7a  fclose.o [3]
  .text               ro code  0x08002bb2    0x1a  close.o [6]
  .text               ro code  0x08002bcc    0x16  remove.o [6]
  .text               ro code  0x08002be4    0x58  xcloseall.o [3]
  .text               ro code  0x08002c3c    0x50  system_stm32f4xx.o [1]
  .text               ro code  0x08002c8c    0x40  zero_init3.o [5]
  .text               ro code  0x08002ccc    0x38  packbits_init_single.o [5]
  .text               ro code  0x08002d04    0x28  data_init.o [5]
  .text               ro code  0x08002d2c    0x22  fpinit_M.o [4]
  .iar.init_table     const    0x08002d50    0x20  - Linker created -
  .text               ro code  0x08002d70    0x1a  cmain.o [5]
  .text               ro code  0x08002d8a     0x4  low_level_init.o [3]
  .text               ro code  0x08002d8e     0x4  exit.o [3]
  .text               ro code  0x08002d94     0xe  cexit.o [5]
  .text               ro code  0x08002da4    0x14  exit.o [6]
  .text               ro code  0x08002db8    0x18  stm32f4xx_it.o [1]
  .text               ro code  0x08002dd0    0x10  startup_stm32f407xx.o [1]
  .text               ro code  0x08002de0     0xc  cstartup_M.o [5]
  .rodata             const    0x08002dec     0x8  main.o [1]
  .text               ro code  0x08002df4     0x4  startup_stm32f407xx.o [1]
  .text               ro code  0x08002df8     0x4  startup_stm32f407xx.o [1]
  .text               ro code  0x08002dfc     0x4  startup_stm32f407xx.o [1]
  .text               ro code  0x08002e00     0x4  startup_stm32f407xx.o [1]
  .text               ro code  0x08002e04     0x4  startup_stm32f407xx.o [1]
  .text               ro code  0x08002e08     0x4  startup_stm32f407xx.o [1]
  .text               ro code  0x08002e0c     0x4  startup_stm32f407xx.o [1]
  .text               ro code  0x08002e10     0x4  startup_stm32f407xx.o [1]
  .text               ro code  0x08002e14     0x4  startup_stm32f407xx.o [1]
  .text               ro code  0x08002e18     0x4  startup_stm32f407xx.o [1]
  .text               ro code  0x08002e1c     0x4  startup_stm32f407xx.o [1]
  .text               ro code  0x08002e20     0x4  startup_stm32f407xx.o [1]
  .text               ro code  0x08002e24     0x4  startup_stm32f407xx.o [1]
  .text               ro code  0x08002e28     0x4  startup_stm32f407xx.o [1]
  .text               ro code  0x08002e2c     0x4  startup_stm32f407xx.o [1]
  .text               ro code  0x08002e30     0x4  startup_stm32f407xx.o [1]
  .text               ro code  0x08002e34     0x4  startup_stm32f407xx.o [1]
  .text               ro code  0x08002e38     0x4  startup_stm32f407xx.o [1]
  .text               ro code  0x08002e3c     0x4  startup_stm32f407xx.o [1]
  .text               ro code  0x08002e40     0x4  startup_stm32f407xx.o [1]
  .text               ro code  0x08002e44     0x4  startup_stm32f407xx.o [1]
  .text               ro code  0x08002e48     0x4  startup_stm32f407xx.o [1]
  .text               ro code  0x08002e4c     0x4  startup_stm32f407xx.o [1]
  .text               ro code  0x08002e50     0x4  startup_stm32f407xx.o [1]
  .text               ro code  0x08002e54     0x4  startup_stm32f407xx.o [1]
  .text               ro code  0x08002e58     0x4  startup_stm32f407xx.o [1]
  .text               ro code  0x08002e5c     0x4  startup_stm32f407xx.o [1]
  .text               ro code  0x08002e60     0x4  startup_stm32f407xx.o [1]
  .text               ro code  0x08002e64     0x4  startup_stm32f407xx.o [1]
  .text               ro code  0x08002e68     0x4  startup_stm32f407xx.o [1]
  .text               ro code  0x08002e6c     0x4  startup_stm32f407xx.o [1]
  .text               ro code  0x08002e70     0x4  startup_stm32f407xx.o [1]
  .text               ro code  0x08002e74     0x4  startup_stm32f407xx.o [1]
  .text               ro code  0x08002e78     0x4  startup_stm32f407xx.o [1]
  .text               ro code  0x08002e7c     0x4  startup_stm32f407xx.o [1]
  .text               ro code  0x08002e80     0x4  startup_stm32f407xx.o [1]
  .text               ro code  0x08002e84     0x4  startup_stm32f407xx.o [1]
  .text               ro code  0x08002e88     0x4  startup_stm32f407xx.o [1]
  .text               ro code  0x08002e8c     0x4  startup_stm32f407xx.o [1]
  .text               ro code  0x08002e90     0x4  startup_stm32f407xx.o [1]
  .text               ro code  0x08002e94     0x4  startup_stm32f407xx.o [1]
  .text               ro code  0x08002e98     0x4  startup_stm32f407xx.o [1]
  .text               ro code  0x08002e9c     0x4  startup_stm32f407xx.o [1]
  .text               ro code  0x08002ea0     0x4  startup_stm32f407xx.o [1]
  .text               ro code  0x08002ea4     0x4  startup_stm32f407xx.o [1]
  .text               ro code  0x08002ea8     0x4  startup_stm32f407xx.o [1]
  .text               ro code  0x08002eac     0x4  startup_stm32f407xx.o [1]
  .text               ro code  0x08002eb0     0x4  startup_stm32f407xx.o [1]
  .text               ro code  0x08002eb4     0x4  startup_stm32f407xx.o [1]
  .text               ro code  0x08002eb8     0x4  startup_stm32f407xx.o [1]
  .text               ro code  0x08002ebc     0x4  startup_stm32f407xx.o [1]
  .text               ro code  0x08002ec0     0x4  startup_stm32f407xx.o [1]
  .text               ro code  0x08002ec4     0x4  startup_stm32f407xx.o [1]
  .text               ro code  0x08002ec8     0x4  startup_stm32f407xx.o [1]
  .text               ro code  0x08002ecc     0x4  startup_stm32f407xx.o [1]
  .text               ro code  0x08002ed0     0x4  startup_stm32f407xx.o [1]
  .text               ro code  0x08002ed4     0x4  startup_stm32f407xx.o [1]
  .text               ro code  0x08002ed8     0x4  startup_stm32f407xx.o [1]
  .text               ro code  0x08002edc     0x4  startup_stm32f407xx.o [1]
  .text               ro code  0x08002ee0     0x4  startup_stm32f407xx.o [1]
  .text               ro code  0x08002ee4     0x4  startup_stm32f407xx.o [1]
  .text               ro code  0x08002ee8     0x4  startup_stm32f407xx.o [1]
  .text               ro code  0x08002eec     0x4  startup_stm32f407xx.o [1]
  .text               ro code  0x08002ef0     0x4  startup_stm32f407xx.o [1]
  .text               ro code  0x08002ef4     0x4  startup_stm32f407xx.o [1]
  .text               ro code  0x08002ef8     0x4  startup_stm32f407xx.o [1]
  .text               ro code  0x08002efc     0x4  startup_stm32f407xx.o [1]
  .text               ro code  0x08002f00     0x4  startup_stm32f407xx.o [1]
  .text               ro code  0x08002f04     0x4  startup_stm32f407xx.o [1]
  .text               ro code  0x08002f08     0x4  startup_stm32f407xx.o [1]
  .text               ro code  0x08002f0c     0x4  startup_stm32f407xx.o [1]
  .text               ro code  0x08002f10     0x4  startup_stm32f407xx.o [1]
  .text               ro code  0x08002f14     0x4  startup_stm32f407xx.o [1]
  .text               ro code  0x08002f18     0x4  startup_stm32f407xx.o [1]
  .text               ro code  0x08002f1c     0x4  startup_stm32f407xx.o [1]
  .text               ro code  0x08002f20     0x4  startup_stm32f407xx.o [1]
  .text               ro code  0x08002f24     0x4  startup_stm32f407xx.o [1]
  .text               ro code  0x08002f28     0x4  startup_stm32f407xx.o [1]
  .text               ro code  0x08002f2c     0x4  startup_stm32f407xx.o [1]
  .text               ro code  0x08002f30     0x4  startup_stm32f407xx.o [1]
  .text               ro code  0x08002f34     0x4  startup_stm32f407xx.o [1]
  .text               ro code  0x08002f38     0x4  startup_stm32f407xx.o [1]
  .text               ro code  0x08002f3c     0x4  startup_stm32f407xx.o [1]
  .text               ro code  0x08002f40     0x4  startup_stm32f407xx.o [1]
  .text               ro code  0x08002f44     0x4  startup_stm32f407xx.o [1]
  .text               ro code  0x08002f48     0x4  startup_stm32f407xx.o [1]
  .text               ro code  0x08002f4c     0x0  cstart_closeall.o [5]
  .rodata             const    0x08002f4c     0x0  zero_init3.o [5]
  .rodata             const    0x08002f4c     0x0  packbits_init_single.o [5]
  Initializer bytes   const    0x08002f4c    0x9b  <for P2-1>
                             - 0x08002fe7  0x2e5f

"P2", part 1 of 3:                          0x160
  P2-1                         0x20000000   0x160  <Init block>
    .data             inited   0x20000000    0x64  main.o [1]
    .data             inited   0x20000064     0xc  port.o [1]
    .data             inited   0x20000070     0x4  system_stm32f4xx.o [1]
    .data             inited   0x20000074    0x40  xfiles.o [3]
    .data             inited   0x200000b4    0x40  xfiles.o [3]
    .data             inited   0x200000f4    0x40  xfiles.o [3]
    .data             inited   0x20000134    0x20  xfiles.o [3]
    .data             inited   0x20000154     0x8  XShttio.o [3]
    __DLIB_PERTHREAD  inited   0x2000015c     0x4  errno.o [3]
                             - 0x20000160   0x160

"P2", part 2 of 3:                          0x600
  CSTACK                       0x20000160   0x400  <Block>
    CSTACK            uninit   0x20000160   0x400  <Block tail>
  HEAP                         0x20000560   0x200  <Block>
    HEAP              uninit   0x20000560   0x200  <Block tail>
                             - 0x20000760   0x600

"P2", part 3 of 3:                         0x3e70
  .bss                zero     0x20000760  0x3c18  heap_4.o [1]
  .bss                zero     0x20004378    0x9c  tasks.o [1]
  .bss                zero     0x20004414    0x8c  tasks.o [1]
  .bss                zero     0x200044a0    0x80  XShHandles.o [3]
  .bss                zero     0x20004520    0x50  xfiles.o [3]
  .bss                zero     0x20004570    0x50  xfiles.o [3]
  .bss                zero     0x200045c0     0x8  xxmemxmalloc.o [3]
  .bss                zero     0x200045c8     0x4  stm32f4xx_hal.o [1]
  .bss                zero     0x200045cc     0x4  xgetmemchunk.o [3]
                             - 0x200045d0  0x3e70


*******************************************************************************
*** INIT TABLE
***

          Address     Size
          -------     ----
Zero (__iar_zero_init3)
    1 destination range, total size 0x3e70:
          0x20000760  0x3e70

Copy/packbits (__iar_packbits_init_single3)
    1 source range, total size 0x9b (44% of destination):
          0x08002f4c    0x9b
    1 destination range, total size 0x160:
          0x20000000   0x160



*******************************************************************************
*** MODULE SUMMARY
***

    Module                  ro code  ro data  rw data
    ------                  -------  -------  -------
C:\Users\Public\Documents\stm32f4-discovery\MutexTest\EWARM\MutexTest\Obj: [1]
    cmsis_os.o                  110
    heap_4.o                    436            15 384
    list.o                      142
    main.o                    1 092       52      100
    port.o                      412        5       12
    portasm.o                   168
    queue.o                     972
    startup_stm32f407xx.o       752
    stm32f4xx_hal.o             112                 4
    stm32f4xx_hal_cortex.o      220
    stm32f4xx_hal_dma.o          36
    stm32f4xx_hal_gpio.o        488
    stm32f4xx_hal_msp.o         196
    stm32f4xx_hal_rcc.o       1 080
    stm32f4xx_hal_uart.o      1 102
    stm32f4xx_it.o               24
    system_stm32f4xx.o           80        2        4
    tasks.o                   1 916               296
    -------------------------------------------------
    Total:                    9 338       59   15 800

command line: [2]
    -------------------------------------------------
    Total:

dl7M_tlf.a: [3]
    XShHandles.o                204               128
    XShttio.o                     8        4        8
    errno.o                      12        2        4
    exit.o                        4
    fclose.o                    122
    fflush.o                    176
    fputc.o                      86
    fputs.o                     152
    fseek.o                      34
    low_level_init.o              4
    puts.o                       60
    strrchr.o                    24
    xcloseall.o                  88
    xfgpos.o                     10
    xfiles.o                              98      384
    xfofind.o                   128
    xfspos.o                    214
    xfwprep.o                   184
    xgetmemchunk.o               44                 4
    xsyslock_nop.o                4
    xtls.o                        2
    xxmemxfree.o                128
    xxmemxmalloc.o              176                 8
    -------------------------------------------------
    Total:                    1 864      104      536

m7M_tls.a: [4]
    fpinit_M.o                   34
    -------------------------------------------------
    Total:                       34

rt7M_tl.a: [5]
    ABImemcpy_unaligned.o       118
    ABImemset48.o                58
    cexit.o                      14
    cmain.o                      26
    cstart_closeall.o
    cstartup_M.o                 12
    data_init.o                  40
    packbits_init_single.o       56
    strlen.o                     54
    zero_init3.o                 64
    -------------------------------------------------
    Total:                      442

shb_l.a: [6]
    close.o                      26
    dwrite.o                     30
    exit.o                       20
    iarttio.o                   108
    iarwrite.o                   32
    iarwstd.o                    32
    lseek.o                      76
    remove.o                     22
    write.o                      16
    -------------------------------------------------
    Total:                      362

    Gaps                         26        2
    Linker created                        32    1 536
-----------------------------------------------------
    Grand Total:             12 066      197   17 872


*******************************************************************************
*** ENTRY LIST
***

Entry                      Address    Size  Type      Object
-----                      -------    ----  ----      ------
.iar.init_table$$Base   0x08002d50           --   Gb  - Linker created -
.iar.init_table$$Limit  0x08002d70           --   Gb  - Linker created -
?main                   0x08002d71          Code  Gb  cmain.o [5]
APBAHBPrescTable        0x08001728    0x10  Data  Gb  stm32f4xx_hal_rcc.o [1]
CSTACK$$Base            0x20000160           --   Gb  - Linker created -
CSTACK$$Limit           0x20000560           --   Gb  - Linker created -
HAL_DMA_Abort_IT        0x080012dd    0x24  Code  Gb  stm32f4xx_hal_dma.o [1]
HAL_GPIO_Init           0x08001815   0x1ae  Code  Gb  stm32f4xx_hal_gpio.o [1]
HAL_GPIO_WritePin       0x080019c3     0x8  Code  Gb  stm32f4xx_hal_gpio.o [1]
HAL_GetTick             0x08001a5b     0x6  Code  Wk  stm32f4xx_hal.o [1]
HAL_IncTick             0x08001a51     0xa  Code  Wk  stm32f4xx_hal.o [1]
HAL_Init                0x080019fd    0x30  Code  Gb  stm32f4xx_hal.o [1]
HAL_InitTick            0x08001a2d    0x24  Code  Wk  stm32f4xx_hal.o [1]
HAL_MspInit             0x08001219    0x60  Code  Gb  stm32f4xx_hal_msp.o [1]
HAL_NVIC_EnableIRQ      0x080017a7     0xc  Code  Gb  stm32f4xx_hal_cortex.o [1]
HAL_NVIC_SetPriority    0x0800176d    0x3a  Code  Gb  stm32f4xx_hal_cortex.o [1]
HAL_NVIC_SetPriorityGrouping
                        0x08001753    0x1a  Code  Gb  stm32f4xx_hal_cortex.o [1]
HAL_RCC_ClockConfig     0x0800154d   0x12e  Code  Gb  stm32f4xx_hal_rcc.o [1]
HAL_RCC_GetHCLKFreq     0x080016cf     0x6  Code  Gb  stm32f4xx_hal_rcc.o [1]
HAL_RCC_GetPCLK1Freq    0x080016d5    0x12  Code  Gb  stm32f4xx_hal_rcc.o [1]
HAL_RCC_GetPCLK2Freq    0x080016e7    0x10  Code  Gb  stm32f4xx_hal_rcc.o [1]
HAL_RCC_GetSysClockFreq
                        0x08001689    0x46  Code  Wk  stm32f4xx_hal_rcc.o [1]
HAL_RCC_OscConfig       0x08001301   0x244  Code  Wk  stm32f4xx_hal_rcc.o [1]
HAL_SYSTICK_CLKSourceConfig
                        0x080017e3    0x16  Code  Gb  stm32f4xx_hal_cortex.o [1]
HAL_SYSTICK_Config      0x080017bb    0x28  Code  Gb  stm32f4xx_hal_cortex.o [1]
HAL_UART_ErrorCallback  0x08000fdb     0x2  Code  Wk  stm32f4xx_hal_uart.o [1]
HAL_UART_IRQHandler     0x08000e7f   0x14a  Code  Gb  stm32f4xx_hal_uart.o [1]
HAL_UART_Init           0x08000dc9    0x2e  Code  Gb  stm32f4xx_hal_uart.o [1]
HAL_UART_MspInit        0x08001279    0x56  Code  Gb  stm32f4xx_hal_msp.o [1]
HAL_UART_RxCpltCallback
                        0x08000fd9     0x2  Code  Wk  stm32f4xx_hal_uart.o [1]
HAL_UART_Transmit_IT    0x08000e39    0x40  Code  Gb  stm32f4xx_hal_uart.o [1]
HAL_UART_TxCpltCallback
                        0x08000fd7     0x2  Code  Wk  stm32f4xx_hal_uart.o [1]
HEAP$$Base              0x20000560           --   Gb  - Linker created -
HEAP$$Limit             0x20000760           --   Gb  - Linker created -
MX_GPIO_Init            0x08001b8b   0x196  Code  Lc  main.o [1]
NVIC_SetPriority        0x08001739    0x1a  Code  Lc  stm32f4xx_hal_cortex.o [1]
PendSV_Handler          0x08000d21          Code  Gb  portasm.o [1]
Region$$Table$$Base     0x08002d50           --   Gb  - Linker created -
Region$$Table$$Limit    0x08002d70           --   Gb  - Linker created -
SVC_Handler             0x08000d79          Code  Gb  portasm.o [1]
SysTick_Handler         0x08002db9     0xe  Code  Gb  stm32f4xx_it.o [1]
SystemClock_Config      0x08001adf    0xac  Code  Gb  main.o [1]
SystemCoreClock         0x20000070     0x4  Data  Gb  system_stm32f4xx.o [1]
SystemInit              0x08002c3d    0x3a  Code  Gb  system_stm32f4xx.o [1]
UART_DMAAbortOnError    0x08000ffd    0x10  Code  Lc  stm32f4xx_hal_uart.o [1]
UART_EndRxTransfer      0x08000fdd    0x1c  Code  Lc  stm32f4xx_hal_uart.o [1]
UART_Receive_IT         0x0800100d    0x80  Code  Lc  stm32f4xx_hal_uart.o [1]
UART_SetConfig          0x0800109b   0x13a  Code  Lc  stm32f4xx_hal_uart.o [1]
USART2_IRQHandler       0x08002dc7     0x6  Code  Gb  stm32f4xx_it.o [1]
_Close_all              0x08002be5    0x58  Code  Gb  xcloseall.o [3]
_Files                  0x20000134    0x20  Data  Gb  xfiles.o [3]
_Fofree                 0x08002ab9    0x78  Code  Gb  xfofind.o [3]
_Fspos                  0x080027dd    0xd6  Code  Gb  xfspos.o [3]
_Fwprep                 0x08002493    0xb8  Code  Gb  xfwprep.o [3]
_Nnl                    0x080028d1     0xa  Code  Gb  xfgpos.o [3]
__aeabi_errno_addr      0x08002929     0x6  Code  Gb  errno.o [3]
__aeabi_memset4         0x08000ce5          Code  Gb  ABImemset48.o [5]
__aeabi_memset8         0x08000ce5          Code  Gb  ABImemset48.o [5]
__cexit_closeall        0x08002d97          Code  Gb  cexit.o [5]
__close                 0x08002bb3    0x1a  Code  Gb  close.o [6]
__cmain                 0x08002d71          Code  Gb  cmain.o [5]
__cstart_closeall       0x08002f4c          Data  Gb  cstart_closeall.o [5]
__data_Aldata           0x200045c0     0x8  Data  Gb  xxmemxmalloc.o [3]
__data_GetMemChunk      0x080027b1    0x2c  Code  Gb  xgetmemchunk.o [3]
__data_GetMemChunk::start
                        0x200045cc     0x4  Data  Lc  xgetmemchunk.o [3]
__dwrite                0x080028b3    0x1e  Code  Gb  dwrite.o [6]
__exit                  0x08002da5    0x14  Code  Gb  exit.o [6]
__iar_Errno             0x2000015c     0x4  Data  Gb  errno.o [3]
__iar_Lockfilelock      0x080023a1     0x2  Code  Gb  xsyslock_nop.o [3]
__iar_Memset4_word      0x08000ced          Code  Gb  ABImemset48.o [5]
__iar_Memset8_word      0x08000ced          Code  Gb  ABImemset48.o [5]
__iar_Stderr            0x200000f4    0x40  Data  Gb  xfiles.o [3]
__iar_Stdin             0x20000074    0x40  Data  Gb  xfiles.o [3]
__iar_Stdout            0x200000b4    0x40  Data  Gb  xfiles.o [3]
__iar_Strrchr           0x0800254b    0x18  Code  Gb  strrchr.o [3]
__iar_Unlockfilelock    0x080023a3     0x2  Code  Gb  xsyslock_nop.o [3]
__iar_close_ttio        0x08002a45    0x2e  Code  Gb  iarttio.o [6]
__iar_data_init3        0x08002d05    0x28  Code  Gb  data_init.o [5]
__iar_dlib_perthread_access
                        0x08002a41     0x2  Code  Gb  xtls.o [3]
__iar_get_ttio          0x08002a75    0x38  Code  Gb  iarttio.o [6]
__iar_init_vfp          0x08002d2d          Code  Gb  fpinit_M.o [4]
__iar_lookup_ttioh      0x08002ab1     0x8  Code  Gb  XShttio.o [3]
__iar_packbits_init_single3
                        0x08002ccd    0x38  Code  Gb  packbits_init_single.o [5]
__iar_program_start     0x08002de1          Code  Gb  cstartup_M.o [5]
__iar_sh_Discard        0x08002975    0x3e  Code  Gb  XShHandles.o [3]
__iar_sh_Move           0x080029b9    0x46  Code  Gb  XShHandles.o [3]
__iar_sh_Pos            0x080029ff    0x3e  Code  Gb  XShHandles.o [3]
__iar_sh_stdout         0x08002935    0x20  Code  Gb  iarwstd.o [6]
__iar_sh_write          0x08002955    0x20  Code  Gb  iarwrite.o [6]
__iar_ttio_handles      0x20000154     0x8  Data  Lc  XShttio.o [3]
__iar_unaligned___aeabi_memcpy
                        0x0800227d          Code  Gb  ABImemcpy_unaligned.o [5]
__iar_unaligned___aeabi_memcpy4
                        0x0800229d          Code  Gb  ABImemcpy_unaligned.o [5]
__iar_unaligned___aeabi_memcpy8
                        0x0800229d          Code  Gb  ABImemcpy_unaligned.o [5]
__iar_zero_init3        0x08002c8d    0x40  Code  Gb  zero_init3.o [5]
__low_level_init        0x08002d8b     0x4  Code  Gb  low_level_init.o [3]
__lseek                 0x080028db    0x4c  Code  Gb  lseek.o [6]
__vector_table          0x08000000          Data  Gb  startup_stm32f407xx.o [1]
__write                 0x0800271f    0x10  Code  Gb  write.o [6]
_call_main              0x08002d7d          Code  Gb  cmain.o [5]
_exit                   0x08002d95          Code  Gb  cexit.o [5]
_main                   0x08002d87          Code  Gb  cmain.o [5]
ebuf                    0x20004520    0x50  Data  Lc  xfiles.o [3]
exit                    0x08002d8f     0x4  Code  Gb  exit.o [3]
fclose                  0x08002b39    0x7a  Code  Gb  fclose.o [3]
fflush                  0x08002613    0x34  Code  Gb  fflush.o [3]
fflushOne               0x0800259d    0x76  Code  Lc  fflush.o [3]
fputc                   0x0800243d    0x56  Code  Gb  fputc.o [3]
fputs                   0x080023a5    0x98  Code  Gb  fputs.o [3]
free                    0x08002731    0x7a  Code  Gb  xxmemxfree.o [3]
fseek                   0x080026fd    0x22  Code  Gb  fseek.o [3]
gatekeeper              0x20000048     0x4  Data  Gb  main.o [1]
huart2                  0x20000000    0x40  Data  Gb  main.o [1]
main                    0x08001a6d    0x72  Code  Gb  main.o [1]
makeFreeRtosPriority    0x080022f5     0xc  Code  Lc  cmsis_os.o [1]
malloc                  0x0800264d    0xac  Code  Gb  xxmemxmalloc.o [3]
name1                   0x2000004c     0xc  Data  Gb  main.o [1]
name2                   0x20000058     0xc  Data  Gb  main.o [1]
obuf                    0x20004570    0x50  Data  Lc  xfiles.o [3]
osDelay                 0x08002341     0xe  Code  Gb  cmsis_os.o [1]
osKernelStart           0x08002301     0xa  Code  Gb  cmsis_os.o [1]
osSystickHandler        0x0800234f    0x14  Code  Gb  cmsis_os.o [1]
osThreadCreate          0x0800230b    0x36  Code  Gb  cmsis_os.o [1]
prvAddCurrentTaskToDelayedList
                        0x08000717    0x30  Code  Lc  tasks.o [1]
prvAllocateTCBAndStack  0x08000747    0x38  Code  Lc  tasks.o [1]
prvCopyDataFromQueue    0x080021f5    0x26  Code  Lc  queue.o [1]
prvCopyDataToQueue      0x08002187    0x6e  Code  Lc  queue.o [1]
prvIdleTask             0x08000669    0x5a  Code  Lc  tasks.o [1]
prvInitialiseTCBVariables
                        0x080006c3    0x54  Code  Lc  tasks.o [1]
prvInsertBlockIntoFreeList
                        0x08000c99    0x46  Code  Lc  heap_4.o [1]
prvResetNextTaskUnblockTime
                        0x0800077f    0x1a  Code  Lc  tasks.o [1]
prvTaskExitError        0x08000929    0x28  Code  Lc  port.o [1]
prvUnlockQueue          0x0800221b    0x5c  Code  Lc  queue.o [1]
puts                    0x08002365    0x3c  Code  Gb  puts.o [3]
pvPortMalloc            0x08000b31    0xfa  Code  Gb  heap_4.o [1]
pvTaskIncrementMutexHeldCount
                        0x080008b9    0x12  Code  Gb  tasks.o [1]
pxCurrentTCB            0x200043a0     0x4  Data  Gb  tasks.o [1]
pxDelayedTaskList       0x200043a4     0x4  Data  Lc  tasks.o [1]
pxEnd                   0x20000768     0x4  Data  Lc  heap_4.o [1]
pxOverflowDelayedTaskList
                        0x200043a8     0x4  Data  Lc  tasks.o [1]
pxPortInitialiseStack   0x08000905    0x22  Code  Gb  port.o [1]
pxReadyTasksLists       0x20004414    0x8c  Data  Lc  tasks.o [1]
remove                  0x08002bcd    0x16  Code  Gb  remove.o [6]
sFileInfo               0x200044a0    0x80  Data  Lc  XShHandles.o [3]
strlen                  0x08002565          Code  Gb  strlen.o [5]
t1Handle                0x20000040     0x4  Data  Gb  main.o [1]
t2Handle                0x20000044     0x4  Data  Gb  main.o [1]
ucHeap                  0x20000778  0x3c00  Data  Lc  heap_4.o [1]
ucMaxSysCallPriority    0x20000064     0x1  Data  Lc  port.o [1]
ulMaxPRIGROUPValue      0x2000006c     0x4  Data  Lc  port.o [1]
user_1                  0x08001d7d    0x38  Code  Gb  main.o [1]
user_2                  0x08001db5    0x3c  Code  Gb  main.o [1]
uwTick                  0x200045c8     0x4  Data  Gb  stm32f4xx_hal.o [1]
uxCriticalNesting       0x20000068     0x4  Data  Lc  port.o [1]
uxCurrentNumberOfTasks  0x200043c4     0x4  Data  Lc  tasks.o [1]
uxListRemove            0x08000b0b    0x24  Code  Gb  list.o [1]
uxPendedTicks           0x200043d4     0x4  Data  Lc  tasks.o [1]
uxSchedulerSuspended    0x200043e8     0x4  Data  Lc  tasks.o [1]
uxTaskNumber            0x200043e0     0x4  Data  Lc  tasks.o [1]
uxTasksDeleted          0x200043ac     0x4  Data  Lc  tasks.o [1]
uxTopReadyPriority      0x200043cc     0x4  Data  Lc  tasks.o [1]
vListInitialise         0x08000aa1    0x1a  Code  Gb  list.o [1]
vListInitialiseItem     0x08000abb     0x6  Code  Gb  list.o [1]
vListInsert             0x08000ad9    0x32  Code  Gb  list.o [1]
vListInsertEnd          0x08000ac1    0x18  Code  Gb  list.o [1]
vPortEnableVFP          0x08000dad          Code  Gb  portasm.o [1]
vPortEnterCritical      0x080009e9    0x32  Code  Gb  port.o [1]
vPortExitCritical       0x08000a1b    0x24  Code  Gb  port.o [1]
vPortFree               0x08000c3d    0x4e  Code  Gb  heap_4.o [1]
vPortSetupTimerInterrupt
                        0x08000a65    0x18  Code  Wk  port.o [1]
vPortStartFirstTask     0x08000d95          Code  Gb  portasm.o [1]
vTaskDelay              0x080002a9    0x3a  Code  Gb  tasks.o [1]
vTaskMissedYield        0x0800065f     0xa  Code  Gb  tasks.o [1]
vTaskPlaceOnEventList   0x08000515    0x2c  Code  Gb  tasks.o [1]
vTaskPriorityInherit    0x080007af    0x7c  Code  Gb  tasks.o [1]
vTaskSetTimeOutState    0x080005df    0x20  Code  Gb  tasks.o [1]
vTaskStartScheduler     0x08000309    0x5a  Code  Gb  tasks.o [1]
vTaskSuspendAll         0x08000363     0xc  Code  Gb  tasks.o [1]
vTaskSwitchContext      0x080004c3    0x52  Code  Gb  tasks.o [1]
xBlockAllocatedBit      0x20000774     0x4  Data  Lc  heap_4.o [1]
xDelayedTaskList1       0x200043ec    0x14  Data  Lc  tasks.o [1]
xDelayedTaskList2       0x20004400    0x14  Data  Lc  tasks.o [1]
xFreeBytesRemaining     0x2000076c     0x4  Data  Lc  heap_4.o [1]
xMinimumEverFreeBytesRemaining
                        0x20000770     0x4  Data  Lc  heap_4.o [1]
xNextTaskUnblockTime    0x200043e4     0x4  Data  Lc  tasks.o [1]
xNumOfOverflows         0x200043dc     0x4  Data  Lc  tasks.o [1]
xPendingReadyList       0x20004378    0x14  Data  Lc  tasks.o [1]
xPortStartScheduler     0x08000951    0x84  Code  Gb  port.o [1]
xPortSysTickHandler     0x08000a3f    0x26  Code  Gb  port.o [1]
xQueueCreateMutex       0x08001eb1    0x50  Code  Gb  queue.o [1]
xQueueGenericReceive    0x08002049   0x126  Code  Gb  queue.o [1]
xQueueGenericSend       0x08001f01   0x12a  Code  Gb  queue.o [1]
xSchedulerRunning       0x200043d0     0x4  Data  Lc  tasks.o [1]
xStart                  0x20000760     0x8  Data  Lc  heap_4.o [1]
xSuspendedTaskList      0x200043b0    0x14  Data  Lc  tasks.o [1]
xTaskCheckForTimeOut    0x080005ff    0x58  Code  Gb  tasks.o [1]
xTaskGenericCreate      0x08000189   0x118  Code  Gb  tasks.o [1]
xTaskGetSchedulerState  0x08000799    0x16  Code  Gb  tasks.o [1]
xTaskIncrementTick      0x08000407    0xbc  Code  Gb  tasks.o [1]
xTaskPriorityDisinherit
                        0x0800082b    0x88  Code  Gb  tasks.o [1]
xTaskRemoveFromEventList
                        0x08000575    0x56  Code  Gb  tasks.o [1]
xTaskResumeAll          0x0800036f    0x98  Code  Gb  tasks.o [1]
xTasksWaitingTermination
                        0x2000438c    0x14  Data  Lc  tasks.o [1]
xTickCount              0x200043c8     0x4  Data  Lc  tasks.o [1]
xYieldPending           0x200043d8     0x4  Data  Lc  tasks.o [1]


[1] = C:\Users\Public\Documents\stm32f4-discovery\MutexTest\EWARM\MutexTest\Obj
[2] = command line
[3] = dl7M_tlf.a
[4] = m7M_tls.a
[5] = rt7M_tl.a
[6] = shb_l.a

  12 066 bytes of readonly  code memory
     197 bytes of readonly  data memory
  17 872 bytes of readwrite data memory

Errors: none
Warnings: none
