###############################################################################
#
# IAR ELF Linker V7.60.2.11341/W32 for ARM                16/Jun/2016  15:28:19
# Copyright 2007-2016 IAR Systems AB.
#
#    Output file  =  
#        C:\Users\Public\Documents\Project\test\EWARM\test\Exe\test.out
#    Map file     =  
#        C:\Users\Public\Documents\Project\test\EWARM\test\List\test.map
#    Command line =  
#        C:\Users\Public\Documents\Project\test\EWARM\test\Obj\main.o
#        C:\Users\Public\Documents\Project\test\EWARM\test\Obj\startup_stm32f407xx.o
#        C:\Users\Public\Documents\Project\test\EWARM\test\Obj\stm32f4xx_hal.o
#        C:\Users\Public\Documents\Project\test\EWARM\test\Obj\stm32f4xx_hal_cortex.o
#        C:\Users\Public\Documents\Project\test\EWARM\test\Obj\stm32f4xx_hal_dma.o
#        C:\Users\Public\Documents\Project\test\EWARM\test\Obj\stm32f4xx_hal_dma_ex.o
#        C:\Users\Public\Documents\Project\test\EWARM\test\Obj\stm32f4xx_hal_flash.o
#        C:\Users\Public\Documents\Project\test\EWARM\test\Obj\stm32f4xx_hal_flash_ex.o
#        C:\Users\Public\Documents\Project\test\EWARM\test\Obj\stm32f4xx_hal_flash_ramfunc.o
#        C:\Users\Public\Documents\Project\test\EWARM\test\Obj\stm32f4xx_hal_gpio.o
#        C:\Users\Public\Documents\Project\test\EWARM\test\Obj\stm32f4xx_hal_msp.o
#        C:\Users\Public\Documents\Project\test\EWARM\test\Obj\stm32f4xx_hal_pwr.o
#        C:\Users\Public\Documents\Project\test\EWARM\test\Obj\stm32f4xx_hal_pwr_ex.o
#        C:\Users\Public\Documents\Project\test\EWARM\test\Obj\stm32f4xx_hal_rcc.o
#        C:\Users\Public\Documents\Project\test\EWARM\test\Obj\stm32f4xx_hal_rcc_ex.o
#        C:\Users\Public\Documents\Project\test\EWARM\test\Obj\stm32f4xx_hal_tim.o
#        C:\Users\Public\Documents\Project\test\EWARM\test\Obj\stm32f4xx_hal_tim_ex.o
#        C:\Users\Public\Documents\Project\test\EWARM\test\Obj\stm32f4xx_it.o
#        C:\Users\Public\Documents\Project\test\EWARM\test\Obj\system_stm32f4xx.o
#        --redirect _Printf=_PrintfFull --redirect _Scanf=_ScanfFull -o
#        C:\Users\Public\Documents\Project\test\EWARM\test\Exe\test.out --map
#        C:\Users\Public\Documents\Project\test\EWARM\test\List\test.map
#        --config
#        C:\Users\Public\Documents\Project\test\EWARM/stm32f407xx_flash.icf
#        --semihosting --entry __iar_program_start --vfe
#
###############################################################################

*******************************************************************************
*** RUNTIME MODEL ATTRIBUTES
***

CppFlavor       = *
__SystemLibrary = DLib


*******************************************************************************
*** PLACEMENT SUMMARY
***

"A1":  place at 0x08000000 { ro section .intvec };
"P1":  place in [from 0x08000000 to 0x080fffff] { ro };
"P2":  place in [from 0x20000000 to 0x2001ffff] { rw, block CSTACK, block HEAP };
initialize by copy { rw };

  Section            Kind        Address   Size  Object
  -------            ----        -------   ----  ------
"A1":                                     0x188
  .intvec            ro code  0x08000000  0x188  startup_stm32f407xx.o [1]
                            - 0x08000188  0x188

"P1":                                     0xd98
  .text              ro code  0x08000188  0x40c  stm32f4xx_hal_rcc.o [1]
  .text              ro code  0x08000594   0x88  stm32f4xx_hal.o [1]
  .text              ro code  0x0800061c   0xe6  stm32f4xx_hal_cortex.o [1]
  .text              ro code  0x08000702   0x60  stm32f4xx_hal_msp.o [1]
  .text              ro code  0x08000764  0x2f6  main.o [1]
  .text              ro code  0x08000a5c  0x1f0  stm32f4xx_hal_gpio.o [1]
  .text              ro code  0x08000c4c   0x50  system_stm32f4xx.o [1]
  .text              ro code  0x08000c9c   0x2c  stm32f4xx_it.o [1]
  .text              ro code  0x08000cc8   0x2c  copy_init3.o [5]
  .text              ro code  0x08000cf4   0x28  data_init.o [5]
  .text              ro code  0x08000d1c   0x22  fpinit_M.o [4]
  .iar.init_table    const    0x08000d40   0x14  - Linker created -
  .text              ro code  0x08000d54   0x1a  cmain.o [5]
  .text              ro code  0x08000d6e    0x4  low_level_init.o [3]
  .text              ro code  0x08000d72    0x4  exit.o [3]
  .text              ro code  0x08000d78    0xa  cexit.o [5]
  .text              ro code  0x08000d84   0x14  exit.o [6]
  .text              ro code  0x08000d98   0x10  startup_stm32f407xx.o [1]
  .text              ro code  0x08000da8    0xc  cstartup_M.o [5]
  Initializer bytes  const    0x08000db4    0xc  <for P2-1>
  .text              ro code  0x08000dc0    0x4  startup_stm32f407xx.o [1]
  .text              ro code  0x08000dc4    0x4  startup_stm32f407xx.o [1]
  .text              ro code  0x08000dc8    0x4  startup_stm32f407xx.o [1]
  .text              ro code  0x08000dcc    0x4  startup_stm32f407xx.o [1]
  .text              ro code  0x08000dd0    0x4  startup_stm32f407xx.o [1]
  .text              ro code  0x08000dd4    0x4  startup_stm32f407xx.o [1]
  .text              ro code  0x08000dd8    0x4  startup_stm32f407xx.o [1]
  .text              ro code  0x08000ddc    0x4  startup_stm32f407xx.o [1]
  .text              ro code  0x08000de0    0x4  startup_stm32f407xx.o [1]
  .text              ro code  0x08000de4    0x4  startup_stm32f407xx.o [1]
  .text              ro code  0x08000de8    0x4  startup_stm32f407xx.o [1]
  .text              ro code  0x08000dec    0x4  startup_stm32f407xx.o [1]
  .text              ro code  0x08000df0    0x4  startup_stm32f407xx.o [1]
  .text              ro code  0x08000df4    0x4  startup_stm32f407xx.o [1]
  .text              ro code  0x08000df8    0x4  startup_stm32f407xx.o [1]
  .text              ro code  0x08000dfc    0x4  startup_stm32f407xx.o [1]
  .text              ro code  0x08000e00    0x4  startup_stm32f407xx.o [1]
  .text              ro code  0x08000e04    0x4  startup_stm32f407xx.o [1]
  .text              ro code  0x08000e08    0x4  startup_stm32f407xx.o [1]
  .text              ro code  0x08000e0c    0x4  startup_stm32f407xx.o [1]
  .text              ro code  0x08000e10    0x4  startup_stm32f407xx.o [1]
  .text              ro code  0x08000e14    0x4  startup_stm32f407xx.o [1]
  .text              ro code  0x08000e18    0x4  startup_stm32f407xx.o [1]
  .text              ro code  0x08000e1c    0x4  startup_stm32f407xx.o [1]
  .text              ro code  0x08000e20    0x4  startup_stm32f407xx.o [1]
  .text              ro code  0x08000e24    0x4  startup_stm32f407xx.o [1]
  .text              ro code  0x08000e28    0x4  startup_stm32f407xx.o [1]
  .text              ro code  0x08000e2c    0x4  startup_stm32f407xx.o [1]
  .text              ro code  0x08000e30    0x4  startup_stm32f407xx.o [1]
  .text              ro code  0x08000e34    0x4  startup_stm32f407xx.o [1]
  .text              ro code  0x08000e38    0x4  startup_stm32f407xx.o [1]
  .text              ro code  0x08000e3c    0x4  startup_stm32f407xx.o [1]
  .text              ro code  0x08000e40    0x4  startup_stm32f407xx.o [1]
  .text              ro code  0x08000e44    0x4  startup_stm32f407xx.o [1]
  .text              ro code  0x08000e48    0x4  startup_stm32f407xx.o [1]
  .text              ro code  0x08000e4c    0x4  startup_stm32f407xx.o [1]
  .text              ro code  0x08000e50    0x4  startup_stm32f407xx.o [1]
  .text              ro code  0x08000e54    0x4  startup_stm32f407xx.o [1]
  .text              ro code  0x08000e58    0x4  startup_stm32f407xx.o [1]
  .text              ro code  0x08000e5c    0x4  startup_stm32f407xx.o [1]
  .text              ro code  0x08000e60    0x4  startup_stm32f407xx.o [1]
  .text              ro code  0x08000e64    0x4  startup_stm32f407xx.o [1]
  .text              ro code  0x08000e68    0x4  startup_stm32f407xx.o [1]
  .text              ro code  0x08000e6c    0x4  startup_stm32f407xx.o [1]
  .text              ro code  0x08000e70    0x4  startup_stm32f407xx.o [1]
  .text              ro code  0x08000e74    0x4  startup_stm32f407xx.o [1]
  .text              ro code  0x08000e78    0x4  startup_stm32f407xx.o [1]
  .text              ro code  0x08000e7c    0x4  startup_stm32f407xx.o [1]
  .text              ro code  0x08000e80    0x4  startup_stm32f407xx.o [1]
  .text              ro code  0x08000e84    0x4  startup_stm32f407xx.o [1]
  .text              ro code  0x08000e88    0x4  startup_stm32f407xx.o [1]
  .text              ro code  0x08000e8c    0x4  startup_stm32f407xx.o [1]
  .text              ro code  0x08000e90    0x4  startup_stm32f407xx.o [1]
  .text              ro code  0x08000e94    0x4  startup_stm32f407xx.o [1]
  .text              ro code  0x08000e98    0x4  startup_stm32f407xx.o [1]
  .text              ro code  0x08000e9c    0x4  startup_stm32f407xx.o [1]
  .text              ro code  0x08000ea0    0x4  startup_stm32f407xx.o [1]
  .text              ro code  0x08000ea4    0x4  startup_stm32f407xx.o [1]
  .text              ro code  0x08000ea8    0x4  startup_stm32f407xx.o [1]
  .text              ro code  0x08000eac    0x4  startup_stm32f407xx.o [1]
  .text              ro code  0x08000eb0    0x4  startup_stm32f407xx.o [1]
  .text              ro code  0x08000eb4    0x4  startup_stm32f407xx.o [1]
  .text              ro code  0x08000eb8    0x4  startup_stm32f407xx.o [1]
  .text              ro code  0x08000ebc    0x4  startup_stm32f407xx.o [1]
  .text              ro code  0x08000ec0    0x4  startup_stm32f407xx.o [1]
  .text              ro code  0x08000ec4    0x4  startup_stm32f407xx.o [1]
  .text              ro code  0x08000ec8    0x4  startup_stm32f407xx.o [1]
  .text              ro code  0x08000ecc    0x4  startup_stm32f407xx.o [1]
  .text              ro code  0x08000ed0    0x4  startup_stm32f407xx.o [1]
  .text              ro code  0x08000ed4    0x4  startup_stm32f407xx.o [1]
  .text              ro code  0x08000ed8    0x4  startup_stm32f407xx.o [1]
  .text              ro code  0x08000edc    0x4  startup_stm32f407xx.o [1]
  .text              ro code  0x08000ee0    0x4  startup_stm32f407xx.o [1]
  .text              ro code  0x08000ee4    0x4  startup_stm32f407xx.o [1]
  .text              ro code  0x08000ee8    0x4  startup_stm32f407xx.o [1]
  .text              ro code  0x08000eec    0x4  startup_stm32f407xx.o [1]
  .text              ro code  0x08000ef0    0x4  startup_stm32f407xx.o [1]
  .text              ro code  0x08000ef4    0x4  startup_stm32f407xx.o [1]
  .text              ro code  0x08000ef8    0x4  startup_stm32f407xx.o [1]
  .text              ro code  0x08000efc    0x4  startup_stm32f407xx.o [1]
  .text              ro code  0x08000f00    0x4  startup_stm32f407xx.o [1]
  .text              ro code  0x08000f04    0x4  startup_stm32f407xx.o [1]
  .text              ro code  0x08000f08    0x4  startup_stm32f407xx.o [1]
  .text              ro code  0x08000f0c    0x4  startup_stm32f407xx.o [1]
  .text              ro code  0x08000f10    0x4  startup_stm32f407xx.o [1]
  .text              ro code  0x08000f14    0x4  startup_stm32f407xx.o [1]
  .text              ro code  0x08000f18    0x4  startup_stm32f407xx.o [1]
  .text              ro code  0x08000f1c    0x4  startup_stm32f407xx.o [1]
  .rodata            const    0x08000f20    0x0  copy_init3.o [5]
                            - 0x08000f20  0xd98

"P2", part 1 of 2:                          0xc
  P2-1                        0x20000000    0xa  <Init block>
    .data            inited   0x20000000    0x4  system_stm32f4xx.o [1]
    .bss             inited   0x20000004    0x4  stm32f4xx_hal.o [1]
    .bss             inited   0x20000008    0x2  stm32f4xx_it.o [1]
                            - 0x2000000a    0xa

"P2", part 2 of 2:                        0x400
  CSTACK                      0x20000010  0x400  <Block>
    CSTACK           uninit   0x20000010  0x400  <Block tail>
                            - 0x20000410  0x400


*******************************************************************************
*** INIT TABLE
***

          Address     Size
          -------     ----
Copy (__iar_copy_init3)
    1 source range, total size 0xc (120% of destination):
          0x08000db4   0xc
    1 destination range, total size 0xa:
          0x20000000   0xa



*******************************************************************************
*** MODULE SUMMARY
***

    Module                  ro code  ro data  rw data
    ------                  -------  -------  -------
C:\Users\Public\Documents\Project\test\EWARM\test\Obj: [1]
    main.o                      758
    startup_stm32f407xx.o       760
    stm32f4xx_hal.o             136        4        4
    stm32f4xx_hal_cortex.o      230
    stm32f4xx_hal_gpio.o        496
    stm32f4xx_hal_msp.o          96
    stm32f4xx_hal_rcc.o       1 036
    stm32f4xx_it.o               44        2        2
    system_stm32f4xx.o           80        4        4
    -------------------------------------------------
    Total:                    3 636       10       10

command line: [2]
    -------------------------------------------------
    Total:

dl7M_tlf.a: [3]
    exit.o                        4
    low_level_init.o              4
    -------------------------------------------------
    Total:                        8

m7M_tls.a: [4]
    fpinit_M.o                   34
    -------------------------------------------------
    Total:                       34

rt7M_tl.a: [5]
    cexit.o                      10
    cmain.o                      26
    copy_init3.o                 44
    cstartup_M.o                 12
    data_init.o                  40
    -------------------------------------------------
    Total:                      132

shb_l.a: [6]
    exit.o                       20
    -------------------------------------------------
    Total:                       20

    Gaps                          8        2
    Linker created                        22    1 024
-----------------------------------------------------
    Grand Total:              3 838       34    1 034


*******************************************************************************
*** ENTRY LIST
***

Entry                      Address   Size  Type      Object
-----                      -------   ----  ----      ------
.iar.init_table$$Base   0x08000d40          --   Gb  - Linker created -
.iar.init_table$$Limit  0x08000d54          --   Gb  - Linker created -
?main                   0x08000d55         Code  Gb  cmain.o [5]
APBAHBPrescTable        0x08000584   0x10  Data  Gb  stm32f4xx_hal_rcc.o [1]
CSTACK$$Base            0x20000010          --   Gb  - Linker created -
CSTACK$$Limit           0x20000410          --   Gb  - Linker created -
EXTI0_IRQHandler        0x08000cab   0x1a  Code  Gb  stm32f4xx_it.o [1]
HAL_Delay               0x080005f9   0x18  Code  Wk  stm32f4xx_hal.o [1]
HAL_GPIO_Init           0x08000a5d  0x1ae  Code  Gb  stm32f4xx_hal_gpio.o [1]
HAL_GPIO_TogglePin      0x08000c13    0x8  Code  Gb  stm32f4xx_hal_gpio.o [1]
HAL_GPIO_WritePin       0x08000c0b    0x8  Code  Gb  stm32f4xx_hal_gpio.o [1]
HAL_GetTick             0x080005f3    0x6  Code  Wk  stm32f4xx_hal.o [1]
HAL_IncTick             0x080005e9    0xa  Code  Wk  stm32f4xx_hal.o [1]
HAL_Init                0x08000595   0x30  Code  Gb  stm32f4xx_hal.o [1]
HAL_InitTick            0x080005c5   0x24  Code  Wk  stm32f4xx_hal.o [1]
HAL_MspInit             0x08000703   0x60  Code  Gb  stm32f4xx_hal_msp.o [1]
HAL_NVIC_ClearPendingIRQ
                        0x080006bb    0xc  Code  Gb  stm32f4xx_hal_cortex.o [1]
HAL_NVIC_SetPriority    0x08000651   0x3a  Code  Gb  stm32f4xx_hal_cortex.o [1]
HAL_NVIC_SetPriorityGrouping
                        0x08000637   0x1a  Code  Gb  stm32f4xx_hal_cortex.o [1]
HAL_RCC_ClockConfig     0x080003d5  0x12e  Code  Gb  stm32f4xx_hal_rcc.o [1]
HAL_RCC_GetHCLKFreq     0x08000557    0x6  Code  Gb  stm32f4xx_hal_rcc.o [1]
HAL_RCC_GetSysClockFreq
                        0x08000511   0x46  Code  Wk  stm32f4xx_hal_rcc.o [1]
HAL_RCC_OscConfig       0x08000189  0x244  Code  Wk  stm32f4xx_hal_rcc.o [1]
HAL_SYSTICK_CLKSourceConfig
                        0x080006c7   0x16  Code  Gb  stm32f4xx_hal_cortex.o [1]
HAL_SYSTICK_Callback    0x08000701    0x2  Code  Wk  stm32f4xx_hal_cortex.o [1]
HAL_SYSTICK_Config      0x08000693   0x28  Code  Gb  stm32f4xx_hal_cortex.o [1]
HAL_SYSTICK_IRQHandler  0x080006f9    0x8  Code  Gb  stm32f4xx_hal_cortex.o [1]
LEDx                    0x20000008    0x2  Data  Gb  stm32f4xx_it.o [1]
MX_GPIO_Init            0x0800083f  0x1a8  Code  Lc  main.o [1]
NVIC_SetPriority        0x0800061d   0x1a  Code  Lc  stm32f4xx_hal_cortex.o [1]
Region$$Table$$Base     0x08000d40          --   Gb  - Linker created -
Region$$Table$$Limit    0x08000d54          --   Gb  - Linker created -
SysTick_Handler         0x08000c9d    0xe  Code  Gb  stm32f4xx_it.o [1]
SystemClock_Config      0x0800078d   0xa8  Code  Gb  main.o [1]
SystemCoreClock         0x20000000    0x4  Data  Gb  system_stm32f4xx.o [1]
SystemInit              0x08000c4d   0x3a  Code  Gb  system_stm32f4xx.o [1]
__cmain                 0x08000d55         Code  Gb  cmain.o [5]
__exit                  0x08000d85   0x14  Code  Gb  exit.o [6]
__iar_copy_init3        0x08000cc9   0x2c  Code  Gb  copy_init3.o [5]
__iar_data_init3        0x08000cf5   0x28  Code  Gb  data_init.o [5]
__iar_init_vfp          0x08000d1d         Code  Gb  fpinit_M.o [4]
__iar_program_start     0x08000da9         Code  Gb  cstartup_M.o [5]
__low_level_init        0x08000d6f    0x4  Code  Gb  low_level_init.o [3]
__vector_table          0x08000000         Data  Gb  startup_stm32f407xx.o [1]
_call_main              0x08000d61         Code  Gb  cmain.o [5]
_exit                   0x08000d79         Code  Gb  cexit.o [5]
_main                   0x08000d6b         Code  Gb  cmain.o [5]
exit                    0x08000d73    0x4  Code  Gb  exit.o [3]
main                    0x08000765   0x28  Code  Gb  main.o [1]
uwTick                  0x20000004    0x4  Data  Gb  stm32f4xx_hal.o [1]


[1] = C:\Users\Public\Documents\Project\test\EWARM\test\Obj
[2] = command line
[3] = dl7M_tlf.a
[4] = m7M_tls.a
[5] = rt7M_tl.a
[6] = shb_l.a

  3 838 bytes of readonly  code memory
     34 bytes of readonly  data memory
  1 034 bytes of readwrite data memory

Errors: none
Warnings: none
