###############################################################################
#
# IAR ELF Linker V7.60.2.11341/W32 for ARM                21/Jun/2016  11:42:02
# Copyright 2007-2016 IAR Systems AB.
#
#    Output file  =  
#        C:\Users\Public\Documents\Project\UARTTest\EWARM\UARTTest\Exe\UARTTest.out
#    Map file     =  
#        C:\Users\Public\Documents\Project\UARTTest\EWARM\UARTTest\List\UARTTest.map
#    Command line =  
#        C:\Users\Public\Documents\Project\UARTTest\EWARM\UARTTest\Obj\main.o
#        C:\Users\Public\Documents\Project\UARTTest\EWARM\UARTTest\Obj\startup_stm32f407xx.o
#        C:\Users\Public\Documents\Project\UARTTest\EWARM\UARTTest\Obj\stm32f4xx_hal.o
#        C:\Users\Public\Documents\Project\UARTTest\EWARM\UARTTest\Obj\stm32f4xx_hal_cortex.o
#        C:\Users\Public\Documents\Project\UARTTest\EWARM\UARTTest\Obj\stm32f4xx_hal_dma.o
#        C:\Users\Public\Documents\Project\UARTTest\EWARM\UARTTest\Obj\stm32f4xx_hal_dma_ex.o
#        C:\Users\Public\Documents\Project\UARTTest\EWARM\UARTTest\Obj\stm32f4xx_hal_flash.o
#        C:\Users\Public\Documents\Project\UARTTest\EWARM\UARTTest\Obj\stm32f4xx_hal_flash_ex.o
#        C:\Users\Public\Documents\Project\UARTTest\EWARM\UARTTest\Obj\stm32f4xx_hal_flash_ramfunc.o
#        C:\Users\Public\Documents\Project\UARTTest\EWARM\UARTTest\Obj\stm32f4xx_hal_gpio.o
#        C:\Users\Public\Documents\Project\UARTTest\EWARM\UARTTest\Obj\stm32f4xx_hal_msp.o
#        C:\Users\Public\Documents\Project\UARTTest\EWARM\UARTTest\Obj\stm32f4xx_hal_pwr.o
#        C:\Users\Public\Documents\Project\UARTTest\EWARM\UARTTest\Obj\stm32f4xx_hal_pwr_ex.o
#        C:\Users\Public\Documents\Project\UARTTest\EWARM\UARTTest\Obj\stm32f4xx_hal_rcc.o
#        C:\Users\Public\Documents\Project\UARTTest\EWARM\UARTTest\Obj\stm32f4xx_hal_rcc_ex.o
#        C:\Users\Public\Documents\Project\UARTTest\EWARM\UARTTest\Obj\stm32f4xx_hal_tim.o
#        C:\Users\Public\Documents\Project\UARTTest\EWARM\UARTTest\Obj\stm32f4xx_hal_tim_ex.o
#        C:\Users\Public\Documents\Project\UARTTest\EWARM\UARTTest\Obj\stm32f4xx_hal_uart.o
#        C:\Users\Public\Documents\Project\UARTTest\EWARM\UARTTest\Obj\stm32f4xx_it.o
#        C:\Users\Public\Documents\Project\UARTTest\EWARM\UARTTest\Obj\system_stm32f4xx.o
#        --redirect _Printf=_PrintfFull --redirect _Scanf=_ScanfFull -o
#        C:\Users\Public\Documents\Project\UARTTest\EWARM\UARTTest\Exe\UARTTest.out
#        --map
#        C:\Users\Public\Documents\Project\UARTTest\EWARM\UARTTest\List\UARTTest.map
#        --config
#        C:\Users\Public\Documents\Project\UARTTest\EWARM/stm32f407xx_flash.icf
#        --semihosting --entry __iar_program_start --vfe
#
###############################################################################

*******************************************************************************
*** RUNTIME MODEL ATTRIBUTES
***

CppFlavor       = *
__SystemLibrary = DLib


*******************************************************************************
*** PLACEMENT SUMMARY
***

"A1":  place at 0x08000000 { ro section .intvec };
"P1":  place in [from 0x08000000 to 0x080fffff] { ro };
"P2":  place in [from 0x20000000 to 0x2001ffff] { rw, block CSTACK, block HEAP };
initialize by copy { rw };

  Section            Kind        Address    Size  Object
  -------            ----        -------    ----  ------
"A1":                                      0x188
  .intvec            ro code  0x08000000   0x188  startup_stm32f407xx.o [1]
                            - 0x08000188   0x188

"P1":                                     0x1347
  .text              ro code  0x08000188   0x4a2  stm32f4xx_hal_uart.o [1]
  .text              ro code  0x0800062c    0xc4  stm32f4xx_hal_msp.o [1]
  .text              ro code  0x080006f0    0x24  stm32f4xx_hal_dma.o [1]
  .text              ro code  0x08000714   0x438  stm32f4xx_hal_rcc.o [1]
  .text              ro code  0x08000b4c    0xe6  stm32f4xx_hal_cortex.o [1]
  .text              ro code  0x08000c34   0x202  stm32f4xx_hal_gpio.o [1]
  .text              ro code  0x08000e38    0x70  stm32f4xx_hal.o [1]
  .text              ro code  0x08000ea8   0x33c  main.o [1]
  .text              ro code  0x080011e4    0x50  system_stm32f4xx.o [1]
  .text              ro code  0x08001234    0x38  stm32f4xx_it.o [1]
  .text              ro code  0x0800126c    0x38  packbits_init_single.o [5]
  .text              ro code  0x080012a4    0x28  data_init.o [5]
  .text              ro code  0x080012cc    0x22  fpinit_M.o [4]
  .iar.init_table    const    0x080012f0    0x10  - Linker created -
  .text              ro code  0x08001300    0x1a  cmain.o [5]
  .text              ro code  0x0800131a     0x4  low_level_init.o [3]
  .text              ro code  0x0800131e     0x4  exit.o [3]
  .text              ro code  0x08001324     0xa  cexit.o [5]
  .text              ro code  0x08001330    0x14  exit.o [6]
  .text              ro code  0x08001344    0x10  startup_stm32f407xx.o [1]
  .text              ro code  0x08001354     0xc  cstartup_M.o [5]
  .text              ro code  0x08001360     0x4  startup_stm32f407xx.o [1]
  .text              ro code  0x08001364     0x4  startup_stm32f407xx.o [1]
  .text              ro code  0x08001368     0x4  startup_stm32f407xx.o [1]
  .text              ro code  0x0800136c     0x4  startup_stm32f407xx.o [1]
  .text              ro code  0x08001370     0x4  startup_stm32f407xx.o [1]
  .text              ro code  0x08001374     0x4  startup_stm32f407xx.o [1]
  .text              ro code  0x08001378     0x4  startup_stm32f407xx.o [1]
  .text              ro code  0x0800137c     0x4  startup_stm32f407xx.o [1]
  .text              ro code  0x08001380     0x4  startup_stm32f407xx.o [1]
  .text              ro code  0x08001384     0x4  startup_stm32f407xx.o [1]
  .text              ro code  0x08001388     0x4  startup_stm32f407xx.o [1]
  .text              ro code  0x0800138c     0x4  startup_stm32f407xx.o [1]
  .text              ro code  0x08001390     0x4  startup_stm32f407xx.o [1]
  .text              ro code  0x08001394     0x4  startup_stm32f407xx.o [1]
  .text              ro code  0x08001398     0x4  startup_stm32f407xx.o [1]
  .text              ro code  0x0800139c     0x4  startup_stm32f407xx.o [1]
  .text              ro code  0x080013a0     0x4  startup_stm32f407xx.o [1]
  .text              ro code  0x080013a4     0x4  startup_stm32f407xx.o [1]
  .text              ro code  0x080013a8     0x4  startup_stm32f407xx.o [1]
  .text              ro code  0x080013ac     0x4  startup_stm32f407xx.o [1]
  .text              ro code  0x080013b0     0x4  startup_stm32f407xx.o [1]
  .text              ro code  0x080013b4     0x4  startup_stm32f407xx.o [1]
  .text              ro code  0x080013b8     0x4  startup_stm32f407xx.o [1]
  .text              ro code  0x080013bc     0x4  startup_stm32f407xx.o [1]
  .text              ro code  0x080013c0     0x4  startup_stm32f407xx.o [1]
  .text              ro code  0x080013c4     0x4  startup_stm32f407xx.o [1]
  .text              ro code  0x080013c8     0x4  startup_stm32f407xx.o [1]
  .text              ro code  0x080013cc     0x4  startup_stm32f407xx.o [1]
  .text              ro code  0x080013d0     0x4  startup_stm32f407xx.o [1]
  .text              ro code  0x080013d4     0x4  startup_stm32f407xx.o [1]
  .text              ro code  0x080013d8     0x4  startup_stm32f407xx.o [1]
  .text              ro code  0x080013dc     0x4  startup_stm32f407xx.o [1]
  .text              ro code  0x080013e0     0x4  startup_stm32f407xx.o [1]
  .text              ro code  0x080013e4     0x4  startup_stm32f407xx.o [1]
  .text              ro code  0x080013e8     0x4  startup_stm32f407xx.o [1]
  .text              ro code  0x080013ec     0x4  startup_stm32f407xx.o [1]
  .text              ro code  0x080013f0     0x4  startup_stm32f407xx.o [1]
  .text              ro code  0x080013f4     0x4  startup_stm32f407xx.o [1]
  .text              ro code  0x080013f8     0x4  startup_stm32f407xx.o [1]
  .text              ro code  0x080013fc     0x4  startup_stm32f407xx.o [1]
  .text              ro code  0x08001400     0x4  startup_stm32f407xx.o [1]
  .text              ro code  0x08001404     0x4  startup_stm32f407xx.o [1]
  .text              ro code  0x08001408     0x4  startup_stm32f407xx.o [1]
  .text              ro code  0x0800140c     0x4  startup_stm32f407xx.o [1]
  .text              ro code  0x08001410     0x4  startup_stm32f407xx.o [1]
  .text              ro code  0x08001414     0x4  startup_stm32f407xx.o [1]
  .text              ro code  0x08001418     0x4  startup_stm32f407xx.o [1]
  .text              ro code  0x0800141c     0x4  startup_stm32f407xx.o [1]
  .text              ro code  0x08001420     0x4  startup_stm32f407xx.o [1]
  .text              ro code  0x08001424     0x4  startup_stm32f407xx.o [1]
  .text              ro code  0x08001428     0x4  startup_stm32f407xx.o [1]
  .text              ro code  0x0800142c     0x4  startup_stm32f407xx.o [1]
  .text              ro code  0x08001430     0x4  startup_stm32f407xx.o [1]
  .text              ro code  0x08001434     0x4  startup_stm32f407xx.o [1]
  .text              ro code  0x08001438     0x4  startup_stm32f407xx.o [1]
  .text              ro code  0x0800143c     0x4  startup_stm32f407xx.o [1]
  .text              ro code  0x08001440     0x4  startup_stm32f407xx.o [1]
  .text              ro code  0x08001444     0x4  startup_stm32f407xx.o [1]
  .text              ro code  0x08001448     0x4  startup_stm32f407xx.o [1]
  .text              ro code  0x0800144c     0x4  startup_stm32f407xx.o [1]
  .text              ro code  0x08001450     0x4  startup_stm32f407xx.o [1]
  .text              ro code  0x08001454     0x4  startup_stm32f407xx.o [1]
  .text              ro code  0x08001458     0x4  startup_stm32f407xx.o [1]
  .text              ro code  0x0800145c     0x4  startup_stm32f407xx.o [1]
  .text              ro code  0x08001460     0x4  startup_stm32f407xx.o [1]
  .text              ro code  0x08001464     0x4  startup_stm32f407xx.o [1]
  .text              ro code  0x08001468     0x4  startup_stm32f407xx.o [1]
  .text              ro code  0x0800146c     0x4  startup_stm32f407xx.o [1]
  .text              ro code  0x08001470     0x4  startup_stm32f407xx.o [1]
  .text              ro code  0x08001474     0x4  startup_stm32f407xx.o [1]
  .text              ro code  0x08001478     0x4  startup_stm32f407xx.o [1]
  .text              ro code  0x0800147c     0x4  startup_stm32f407xx.o [1]
  .text              ro code  0x08001480     0x4  startup_stm32f407xx.o [1]
  .text              ro code  0x08001484     0x4  startup_stm32f407xx.o [1]
  .text              ro code  0x08001488     0x4  startup_stm32f407xx.o [1]
  .text              ro code  0x0800148c     0x4  startup_stm32f407xx.o [1]
  .text              ro code  0x08001490     0x4  startup_stm32f407xx.o [1]
  .text              ro code  0x08001494     0x4  startup_stm32f407xx.o [1]
  .text              ro code  0x08001498     0x4  startup_stm32f407xx.o [1]
  .text              ro code  0x0800149c     0x4  startup_stm32f407xx.o [1]
  .text              ro code  0x080014a0     0x4  startup_stm32f407xx.o [1]
  .text              ro code  0x080014a4     0x4  startup_stm32f407xx.o [1]
  .text              ro code  0x080014a8     0x4  startup_stm32f407xx.o [1]
  .text              ro code  0x080014ac     0x4  startup_stm32f407xx.o [1]
  .text              ro code  0x080014b0     0x4  startup_stm32f407xx.o [1]
  .rodata            const    0x080014b4     0x0  packbits_init_single.o [5]
  Initializer bytes  const    0x080014b4    0x1b  <for P2-1>
                            - 0x080014cf  0x1347

"P2", part 1 of 2:                          0x5c
  P2-1                        0x20000000    0x5c  <Init block>
    .data            inited   0x20000000    0x42  main.o [1]
    .data            inited   0x20000044    0x10  stm32f4xx_it.o [1]
    .data            inited   0x20000054     0x4  system_stm32f4xx.o [1]
    .bss             inited   0x20000058     0x4  stm32f4xx_hal.o [1]
                            - 0x2000005c    0x5c

"P2", part 2 of 2:                         0x400
  CSTACK                      0x20000060   0x400  <Block>
    CSTACK           uninit   0x20000060   0x400  <Block tail>
                            - 0x20000460   0x400


*******************************************************************************
*** INIT TABLE
***

          Address     Size
          -------     ----
Copy/packbits (__iar_packbits_init_single3)
    1 source range, total size 0x1b (29% of destination):
          0x080014b4  0x1b
    1 destination range, total size 0x5c:
          0x20000000  0x5c



*******************************************************************************
*** MODULE SUMMARY
***

    Module                  ro code  ro data  rw data
    ------                  -------  -------  -------
C:\Users\Public\Documents\Project\UARTTest\EWARM\UARTTest\Obj: [1]
    main.o                      828       19       66
    startup_stm32f407xx.o       748
    stm32f4xx_hal.o             112        2        4
    stm32f4xx_hal_cortex.o      230
    stm32f4xx_hal_dma.o          36
    stm32f4xx_hal_gpio.o        514
    stm32f4xx_hal_msp.o         196
    stm32f4xx_hal_rcc.o       1 080
    stm32f4xx_hal_uart.o      1 186
    stm32f4xx_it.o               56        5       16
    system_stm32f4xx.o           80        1        4
    -------------------------------------------------
    Total:                    5 066       27       90

command line: [2]
    -------------------------------------------------
    Total:

dl7M_tlf.a: [3]
    exit.o                        4
    low_level_init.o              4
    -------------------------------------------------
    Total:                        8

m7M_tls.a: [4]
    fpinit_M.o                   34
    -------------------------------------------------
    Total:                       34

rt7M_tl.a: [5]
    cexit.o                      10
    cmain.o                      26
    cstartup_M.o                 12
    data_init.o                  40
    packbits_init_single.o       56
    -------------------------------------------------
    Total:                      144

shb_l.a: [6]
    exit.o                       20
    -------------------------------------------------
    Total:                       20

    Gaps                         10        2        2
    Linker created                        16    1 024
-----------------------------------------------------
    Grand Total:              5 282       45    1 116


*******************************************************************************
*** ENTRY LIST
***

Entry                      Address   Size  Type      Object
-----                      -------   ----  ----      ------
.iar.init_table$$Base   0x080012f0          --   Gb  - Linker created -
.iar.init_table$$Limit  0x08001300          --   Gb  - Linker created -
?main                   0x08001301         Code  Gb  cmain.o [5]
APBAHBPrescTable        0x08000b3c   0x10  Data  Gb  stm32f4xx_hal_rcc.o [1]
CSTACK$$Base            0x20000060          --   Gb  - Linker created -
CSTACK$$Limit           0x20000460          --   Gb  - Linker created -
EXTI0_IRQHandler        0x08001247   0x16  Code  Gb  stm32f4xx_it.o [1]
HAL_DMA_Abort_IT        0x080006f1   0x24  Code  Gb  stm32f4xx_hal_dma.o [1]
HAL_GPIO_EXTI_Callback  0x08000e35    0x2  Code  Wk  stm32f4xx_hal_gpio.o [1]
HAL_GPIO_EXTI_IRQHandler
                        0x08000deb   0x14  Code  Gb  stm32f4xx_hal_gpio.o [1]
HAL_GPIO_Init           0x08000c35  0x1ae  Code  Gb  stm32f4xx_hal_gpio.o [1]
HAL_GPIO_WritePin       0x08000de3    0x8  Code  Gb  stm32f4xx_hal_gpio.o [1]
HAL_GetTick             0x08000e97    0x6  Code  Wk  stm32f4xx_hal.o [1]
HAL_IncTick             0x08000e8d    0xa  Code  Wk  stm32f4xx_hal.o [1]
HAL_Init                0x08000e39   0x30  Code  Gb  stm32f4xx_hal.o [1]
HAL_InitTick            0x08000e69   0x24  Code  Wk  stm32f4xx_hal.o [1]
HAL_MspInit             0x0800062d   0x60  Code  Gb  stm32f4xx_hal_msp.o [1]
HAL_NVIC_EnableIRQ      0x08000bbb    0xc  Code  Gb  stm32f4xx_hal_cortex.o [1]
HAL_NVIC_SetPriority    0x08000b81   0x3a  Code  Gb  stm32f4xx_hal_cortex.o [1]
HAL_NVIC_SetPriorityGrouping
                        0x08000b67   0x1a  Code  Gb  stm32f4xx_hal_cortex.o [1]
HAL_RCC_ClockConfig     0x08000961  0x12e  Code  Gb  stm32f4xx_hal_rcc.o [1]
HAL_RCC_GetHCLKFreq     0x08000ae3    0x6  Code  Gb  stm32f4xx_hal_rcc.o [1]
HAL_RCC_GetPCLK1Freq    0x08000ae9   0x12  Code  Gb  stm32f4xx_hal_rcc.o [1]
HAL_RCC_GetPCLK2Freq    0x08000afb   0x10  Code  Gb  stm32f4xx_hal_rcc.o [1]
HAL_RCC_GetSysClockFreq
                        0x08000a9d   0x46  Code  Wk  stm32f4xx_hal_rcc.o [1]
HAL_RCC_OscConfig       0x08000715  0x244  Code  Wk  stm32f4xx_hal_rcc.o [1]
HAL_SYSTICK_CLKSourceConfig
                        0x08000bf7   0x16  Code  Gb  stm32f4xx_hal_cortex.o [1]
HAL_SYSTICK_Callback    0x08000c31    0x2  Code  Wk  stm32f4xx_hal_cortex.o [1]
HAL_SYSTICK_Config      0x08000bcf   0x28  Code  Gb  stm32f4xx_hal_cortex.o [1]
HAL_SYSTICK_IRQHandler  0x08000c29    0x8  Code  Gb  stm32f4xx_hal_cortex.o [1]
HAL_UART_ErrorCallback  0x080003ef    0x2  Code  Wk  stm32f4xx_hal_uart.o [1]
HAL_UART_IRQHandler     0x08000293  0x14a  Code  Gb  stm32f4xx_hal_uart.o [1]
HAL_UART_Init           0x08000189   0x2e  Code  Gb  stm32f4xx_hal_uart.o [1]
HAL_UART_MspInit        0x0800068d   0x56  Code  Gb  stm32f4xx_hal_msp.o [1]
HAL_UART_Receive_IT     0x08000239   0x54  Code  Gb  stm32f4xx_hal_uart.o [1]
HAL_UART_RxCpltCallback
                        0x080003ed    0x2  Code  Wk  stm32f4xx_hal_uart.o [1]
HAL_UART_Transmit_IT    0x080001f9   0x40  Code  Gb  stm32f4xx_hal_uart.o [1]
HAL_UART_TxCpltCallback
                        0x080003eb    0x2  Code  Wk  stm32f4xx_hal_uart.o [1]
MX_GPIO_Init            0x08000fb3  0x1b2  Code  Lc  main.o [1]
NVIC_SetPriority        0x08000b4d   0x1a  Code  Lc  stm32f4xx_hal_cortex.o [1]
PendSV_Handler          0x08001237    0x2  Code  Gb  stm32f4xx_it.o [1]
Region$$Table$$Base     0x080012f0          --   Gb  - Linker created -
Region$$Table$$Limit    0x08001300          --   Gb  - Linker created -
SVC_Handler             0x08001235    0x2  Code  Gb  stm32f4xx_it.o [1]
SysTick_Handler         0x08001239    0xe  Code  Gb  stm32f4xx_it.o [1]
SystemClock_Config      0x08000f07   0xac  Code  Gb  main.o [1]
SystemCoreClock         0x20000054    0x4  Data  Gb  system_stm32f4xx.o [1]
SystemInit              0x080011e5   0x3a  Code  Gb  system_stm32f4xx.o [1]
UART_DMAAbortOnError    0x08000411   0x10  Code  Lc  stm32f4xx_hal_uart.o [1]
UART_EndRxTransfer      0x080003f1   0x1c  Code  Lc  stm32f4xx_hal_uart.o [1]
UART_Receive_IT         0x08000421   0x80  Code  Lc  stm32f4xx_hal_uart.o [1]
UART_SetConfig          0x080004af  0x13a  Code  Lc  stm32f4xx_hal_uart.o [1]
USART2_IRQHandler       0x0800125d    0x6  Code  Gb  stm32f4xx_it.o [1]
__cmain                 0x08001301         Code  Gb  cmain.o [5]
__exit                  0x08001331   0x14  Code  Gb  exit.o [6]
__iar_data_init3        0x080012a5   0x28  Code  Gb  data_init.o [5]
__iar_init_vfp          0x080012cd         Code  Gb  fpinit_M.o [4]
__iar_packbits_init_single3
                        0x0800126d   0x38  Code  Gb  packbits_init_single.o [5]
__iar_program_start     0x08001355         Code  Gb  cstartup_M.o [5]
__low_level_init        0x0800131b    0x4  Code  Gb  low_level_init.o [3]
__vector_table          0x08000000         Data  Gb  startup_stm32f407xx.o [1]
_call_main              0x0800130d         Code  Gb  cmain.o [5]
_exit                   0x08001325         Code  Gb  cexit.o [5]
_main                   0x08001317         Code  Gb  cmain.o [5]
buffer                  0x20000040    0x2  Data  Gb  main.o [1]
buffer1                 0x20000044   0x10  Data  Gb  stm32f4xx_it.o [1]
exit                    0x0800131f    0x4  Code  Gb  exit.o [3]
huart2                  0x20000000   0x40  Data  Gb  main.o [1]
main                    0x08000ea9   0x5e  Code  Gb  main.o [1]
uwTick                  0x20000058    0x4  Data  Gb  stm32f4xx_hal.o [1]


[1] = C:\Users\Public\Documents\Project\UARTTest\EWARM\UARTTest\Obj
[2] = command line
[3] = dl7M_tlf.a
[4] = m7M_tls.a
[5] = rt7M_tl.a
[6] = shb_l.a

  5 282 bytes of readonly  code memory
     45 bytes of readonly  data memory
  1 116 bytes of readwrite data memory

Errors: none
Warnings: none
