###############################################################################
#
# IAR ELF Linker V7.70.1.11437/W32 for ARM                30/Jun/2016  18:11:06
# Copyright 2007-2016 IAR Systems AB.
#
#    Output file  =  
#        C:\Users\Public\Documents\stm32f4-discovery\ColaDebug
#        v2\EWARM\ColaDebug\Exe\ColaDebug.out
#    Map file     =  
#        C:\Users\Public\Documents\stm32f4-discovery\ColaDebug
#        v2\EWARM\ColaDebug\List\ColaDebug.map
#    Command line =  
#        "C:\Users\Public\Documents\stm32f4-discovery\ColaDebug
#        v2\EWARM\ColaDebug\Obj\cmsis_os.o"
#        "C:\Users\Public\Documents\stm32f4-discovery\ColaDebug
#        v2\EWARM\ColaDebug\Obj\cola.o"
#        "C:\Users\Public\Documents\stm32f4-discovery\ColaDebug
#        v2\EWARM\ColaDebug\Obj\croutine.o"
#        "C:\Users\Public\Documents\stm32f4-discovery\ColaDebug
#        v2\EWARM\ColaDebug\Obj\debug.o"
#        "C:\Users\Public\Documents\stm32f4-discovery\ColaDebug
#        v2\EWARM\ColaDebug\Obj\debug_uart.o"
#        "C:\Users\Public\Documents\stm32f4-discovery\ColaDebug
#        v2\EWARM\ColaDebug\Obj\event_groups.o"
#        "C:\Users\Public\Documents\stm32f4-discovery\ColaDebug
#        v2\EWARM\ColaDebug\Obj\freertos.o"
#        "C:\Users\Public\Documents\stm32f4-discovery\ColaDebug
#        v2\EWARM\ColaDebug\Obj\heap_4.o"
#        "C:\Users\Public\Documents\stm32f4-discovery\ColaDebug
#        v2\EWARM\ColaDebug\Obj\list.o"
#        "C:\Users\Public\Documents\stm32f4-discovery\ColaDebug
#        v2\EWARM\ColaDebug\Obj\main.o"
#        "C:\Users\Public\Documents\stm32f4-discovery\ColaDebug
#        v2\EWARM\ColaDebug\Obj\port.o"
#        "C:\Users\Public\Documents\stm32f4-discovery\ColaDebug
#        v2\EWARM\ColaDebug\Obj\portasm.o"
#        "C:\Users\Public\Documents\stm32f4-discovery\ColaDebug
#        v2\EWARM\ColaDebug\Obj\queue.o"
#        "C:\Users\Public\Documents\stm32f4-discovery\ColaDebug
#        v2\EWARM\ColaDebug\Obj\startup_stm32f407xx.o"
#        "C:\Users\Public\Documents\stm32f4-discovery\ColaDebug
#        v2\EWARM\ColaDebug\Obj\stm32f4xx_hal.o"
#        "C:\Users\Public\Documents\stm32f4-discovery\ColaDebug
#        v2\EWARM\ColaDebug\Obj\stm32f4xx_hal_cortex.o"
#        "C:\Users\Public\Documents\stm32f4-discovery\ColaDebug
#        v2\EWARM\ColaDebug\Obj\stm32f4xx_hal_dma.o"
#        "C:\Users\Public\Documents\stm32f4-discovery\ColaDebug
#        v2\EWARM\ColaDebug\Obj\stm32f4xx_hal_dma_ex.o"
#        "C:\Users\Public\Documents\stm32f4-discovery\ColaDebug
#        v2\EWARM\ColaDebug\Obj\stm32f4xx_hal_flash.o"
#        "C:\Users\Public\Documents\stm32f4-discovery\ColaDebug
#        v2\EWARM\ColaDebug\Obj\stm32f4xx_hal_flash_ex.o"
#        "C:\Users\Public\Documents\stm32f4-discovery\ColaDebug
#        v2\EWARM\ColaDebug\Obj\stm32f4xx_hal_flash_ramfunc.o"
#        "C:\Users\Public\Documents\stm32f4-discovery\ColaDebug
#        v2\EWARM\ColaDebug\Obj\stm32f4xx_hal_gpio.o"
#        "C:\Users\Public\Documents\stm32f4-discovery\ColaDebug
#        v2\EWARM\ColaDebug\Obj\stm32f4xx_hal_msp.o"
#        "C:\Users\Public\Documents\stm32f4-discovery\ColaDebug
#        v2\EWARM\ColaDebug\Obj\stm32f4xx_hal_pwr.o"
#        "C:\Users\Public\Documents\stm32f4-discovery\ColaDebug
#        v2\EWARM\ColaDebug\Obj\stm32f4xx_hal_pwr_ex.o"
#        "C:\Users\Public\Documents\stm32f4-discovery\ColaDebug
#        v2\EWARM\ColaDebug\Obj\stm32f4xx_hal_rcc.o"
#        "C:\Users\Public\Documents\stm32f4-discovery\ColaDebug
#        v2\EWARM\ColaDebug\Obj\stm32f4xx_hal_rcc_ex.o"
#        "C:\Users\Public\Documents\stm32f4-discovery\ColaDebug
#        v2\EWARM\ColaDebug\Obj\stm32f4xx_hal_tim.o"
#        "C:\Users\Public\Documents\stm32f4-discovery\ColaDebug
#        v2\EWARM\ColaDebug\Obj\stm32f4xx_hal_tim_ex.o"
#        "C:\Users\Public\Documents\stm32f4-discovery\ColaDebug
#        v2\EWARM\ColaDebug\Obj\stm32f4xx_hal_uart.o"
#        "C:\Users\Public\Documents\stm32f4-discovery\ColaDebug
#        v2\EWARM\ColaDebug\Obj\stm32f4xx_it.o"
#        "C:\Users\Public\Documents\stm32f4-discovery\ColaDebug
#        v2\EWARM\ColaDebug\Obj\system_stm32f4xx.o"
#        "C:\Users\Public\Documents\stm32f4-discovery\ColaDebug
#        v2\EWARM\ColaDebug\Obj\tasks.o"
#        "C:\Users\Public\Documents\stm32f4-discovery\ColaDebug
#        v2\EWARM\ColaDebug\Obj\timers.o" --redirect _Printf=_PrintfFull
#        --redirect _Scanf=_ScanfFull -o
#        "C:\Users\Public\Documents\stm32f4-discovery\ColaDebug
#        v2\EWARM\ColaDebug\Exe\ColaDebug.out" --map
#        "C:\Users\Public\Documents\stm32f4-discovery\ColaDebug
#        v2\EWARM\ColaDebug\List\ColaDebug.map" --config
#        "C:\Users\Public\Documents\stm32f4-discovery\ColaDebug
#        v2\EWARM/stm32f407xx_flash.icf" --semihosting --entry
#        __iar_program_start --vfe
#
###############################################################################

*******************************************************************************
*** RUNTIME MODEL ATTRIBUTES
***

CppFlavor                     = *
__Heap_Handler                = Basic
__SystemLibrary               = DLib
__dlib_dynamic_initialization = normal


*******************************************************************************
*** PLACEMENT SUMMARY
***

"A0":  place at 0x08000000 { ro section .intvec };
"P1":  place in [from 0x08000000 to 0x080fffff] { ro };
"P2":  place in [from 0x20000000 to 0x2001ffff] { rw, block CSTACK, block HEAP };
initialize by copy { rw };

  Section             Kind        Address    Size  Object
  -------             ----        -------    ----  ------
"A0":                                       0x188
  .intvec             ro code  0x08000000   0x188  startup_stm32f407xx.o [1]
                             - 0x08000188   0x188

"P1":                                      0x62c2
  .text               ro code  0x08000188  0x118a  xprintffull.o [3]
  .text               ro code  0x08001312    0x20  xmbtowc.o [3]
  .text               ro code  0x08001332     0xa  xsprout.o [3]
  .text               ro code  0x0800133c    0x16  strchr.o [5]
  .text               ro code  0x08001354    0x36  strlen.o [5]
  .text               ro code  0x0800138c    0x58  memchr.o [5]
  .text               ro code  0x080013e4     0xa  xmbcurmax.o [3]
  .text               ro code  0x080013f0    0xb0  xxmemxmalloc.o [3]
  .text               ro code  0x080014a0    0x1a  xwctomb.o [3]
  .text               ro code  0x080014bc    0x76  ABImemcpy_unaligned.o [5]
  .text               ro code  0x08001534    0x80  xxmemxfree.o [3]
  .text               ro code  0x080015b4    0xee  I64DivMod.o [5]
  .text               ro code  0x080016a2    0x44  xdnorm.o [4]
  .text               ro code  0x080016e8    0x2e  DblCmpLe.o [4]
  .text               ro code  0x08001718    0x2e  DblCmpGe.o [4]
  .text               ro code  0x08001748   0x114  xdscale.o [4]
  .text               ro code  0x0800185c    0x58  DblToI32.o [4]
  .text               ro code  0x080018b4    0x30  I32ToDbl.o [4]
  .text               ro code  0x080018e4   0x180  DblSub.o [4]
  .text               ro code  0x08001a64   0x1a2  DblMul.o [4]
  .text               ro code  0x08001c08   0x256  DblDiv.o [4]
  .text               ro code  0x08001e60    0x6c  localeconv.o [3]
  .text               ro code  0x08001ecc     0xe  div.o [3]
  .text               ro code  0x08001edc    0x14  setlocale.o [3]
  .text               ro code  0x08001ef0    0x60  xencoding_sb.o [3]
  .text               ro code  0x08001f50    0x2c  xgetmemchunk.o [3]
  .text               ro code  0x08001f7c     0x2  I64DivZer.o [5]
  .text               ro code  0x08001f80    0xd4  DblAdd.o [4]
  .text               ro code  0x08002054     0x2  xtls.o [3]
  .text               ro code  0x08002058   0xb30  tasks.o [1]
  .text               ro code  0x08002b88   0x284  heap_4.o [1]
  .text               ro code  0x08002e0c    0x66  ABImemset.o [5]
  .text               ro code  0x08002e72    0x9e  list.o [1]
  .text               ro code  0x08002f10   0x25c  port.o [1]
  .text               ro code  0x0800316c   0x43c  timers.o [1]
  CODE                ro code  0x080035a8    0xa8  portasm.o [1]
  .text               ro code  0x08003650   0x8b4  queue.o [1]
  .text               ro code  0x08003f04   0x658  stm32f4xx_hal_uart.o [1]
  .text               ro code  0x0800455c    0xc4  stm32f4xx_hal_msp.o [1]
  .text               ro code  0x08004620    0x28  stm32f4xx_hal_dma.o [1]
  .text               ro code  0x08004648     0x2  stm32f4xx_hal_uart.o [1]
  .text               ro code  0x0800464a     0x2  stm32f4xx_hal_uart.o [1]
  .text               ro code  0x0800464c     0x2  stm32f4xx_hal_uart.o [1]
  .text               ro code  0x08004650   0x2a4  stm32f4xx_hal_rcc.o [1]
  .text               ro code  0x080048f4   0x15c  stm32f4xx_hal_cortex.o [1]
  .text               ro code  0x08004a50   0x262  stm32f4xx_hal_gpio.o [1]
  .text               ro code  0x08004cb4     0xc  stm32f4xx_hal.o [1]
  .text               ro code  0x08004cc0    0x28  stm32f4xx_hal.o [1]
  .text               ro code  0x08004ce8   0x35a  main.o [1]
  .text               ro code  0x08005044    0x40  stm32f4xx_hal.o [1]
  .text               ro code  0x08005084   0x25c  debug.o [1]
  .text               ro code  0x080052e0   0x318  stm32f4xx_hal_rcc.o [1]
  .text               ro code  0x080055f8   0x14a  cola.o [1]
  .text               ro code  0x08005744    0xa8  debug_uart.o [1]
  .text               ro code  0x080057ec    0x34  sprintf.o [3]
  .text               ro code  0x08005820    0x3c  puts.o [3]
  .text               ro code  0x0800585c     0x4  xsyslock_nop.o [3]
  .text               ro code  0x08005860    0x98  fputs.o [3]
  .text               ro code  0x080058f8    0x56  fputc.o [3]
  .text               ro code  0x0800594e    0xb8  xfwprep.o [3]
  .text               ro code  0x08005a06    0x18  strrchr.o [3]
  .text               ro code  0x08005a20    0xb0  fflush.o [3]
  .text               ro code  0x08005ad0    0x22  fseek.o [3]
  .text               ro code  0x08005af2    0x10  write.o [6]
  .text               ro code  0x08005b02    0xd6  xfspos.o [3]
  .text               ro code  0x08005bd8    0x1e  dwrite.o [6]
  .text               ro code  0x08005bf6     0xa  xfgpos.o [3]
  .text               ro code  0x08005c00    0x4c  lseek.o [6]
  .text               ro code  0x08005c4c     0xc  errno.o [3]
  .text               ro code  0x08005c58    0x20  iarwstd.o [6]
  .text               ro code  0x08005c78    0x22  iarwrite.o [6]
  .text               ro code  0x08005c9c    0xcc  XShHandles.o [3]
  .text               ro code  0x08005d68    0x6c  iarttio.o [6]
  .text               ro code  0x08005dd4     0x8  XShttio.o [3]
  .text               ro code  0x08005ddc    0x80  xfofind.o [3]
  .text               ro code  0x08005e5c    0x7a  fclose.o [3]
  .text               ro code  0x08005ed6    0x1a  close.o [6]
  .text               ro code  0x08005ef0    0x16  remove.o [6]
  .text               ro code  0x08005f08    0x74  stm32f4xx_it.o [1]
  .text               ro code  0x08005f7c    0x10  stm32f4xx_hal.o [1]
  .text               ro code  0x08005f8c     0x8  cmsis_os.o [1]
  .text               ro code  0x08005f94    0x6c  system_stm32f4xx.o [1]
  .text               ro code  0x08006000    0x58  xcloseall.o [3]
  .text               ro code  0x08006058    0x40  zero_init3.o [5]
  .text               ro code  0x08006098    0x38  packbits_init_single.o [5]
  .rodata             const    0x080060d0    0x28  debug.o [1]
  .rodata             const    0x080060f8    0x28  debug_uart.o [1]
  .text               ro code  0x08006120    0x28  data_init.o [5]
  .text               ro code  0x08006148    0x22  fpinit_M.o [4]
  .iar.init_table     const    0x0800616c    0x20  - Linker created -
  .text               ro code  0x0800618c    0x1a  cmain.o [5]
  .text               ro code  0x080061a6     0x4  low_level_init.o [3]
  .text               ro code  0x080061aa     0x4  exit.o [3]
  .text               ro code  0x080061b0     0xe  cexit.o [5]
  .text               ro code  0x080061c0    0x14  exit.o [6]
  .rodata             const    0x080061d4    0x10  debug.o [1]
  .rodata             const    0x080061e4    0x10  debug.o [1]
  .rodata             const    0x080061f4    0x10  stm32f4xx_hal_rcc.o [1]
  .text               ro code  0x08006204    0x10  startup_stm32f407xx.o [1]
  .rodata             const    0x08006214     0xc  debug.o [1]
  .rodata             const    0x08006220     0xc  debug.o [1]
  .text               ro code  0x0800622c     0xc  cstartup_M.o [5]
  .rodata             const    0x08006238     0x8  debug.o [1]
  .rodata             const    0x08006240     0x8  tasks.o [1]
  .rodata             const    0x08006248     0x8  timers.o [1]
  .rodata             const    0x08006250     0x8  timers.o [1]
  .rodata             const    0x08006258     0x4  heap_4.o [1]
  .rodata             const    0x0800625c     0x4  port.o [1]
  .text               ro code  0x08006260     0x4  startup_stm32f407xx.o [1]
  .text               ro code  0x08006264     0x4  startup_stm32f407xx.o [1]
  .text               ro code  0x08006268     0x4  startup_stm32f407xx.o [1]
  .text               ro code  0x0800626c     0x4  startup_stm32f407xx.o [1]
  .text               ro code  0x08006270     0x4  startup_stm32f407xx.o [1]
  .text               ro code  0x08006274     0x4  startup_stm32f407xx.o [1]
  .text               ro code  0x08006278     0x4  startup_stm32f407xx.o [1]
  .text               ro code  0x0800627c     0x4  startup_stm32f407xx.o [1]
  .text               ro code  0x08006280     0x4  startup_stm32f407xx.o [1]
  .text               ro code  0x08006284     0x4  startup_stm32f407xx.o [1]
  .text               ro code  0x08006288     0x4  startup_stm32f407xx.o [1]
  .text               ro code  0x0800628c     0x4  startup_stm32f407xx.o [1]
  .text               ro code  0x08006290     0x4  startup_stm32f407xx.o [1]
  .text               ro code  0x08006294     0x4  startup_stm32f407xx.o [1]
  .text               ro code  0x08006298     0x4  startup_stm32f407xx.o [1]
  .text               ro code  0x0800629c     0x4  startup_stm32f407xx.o [1]
  .text               ro code  0x080062a0     0x4  startup_stm32f407xx.o [1]
  .text               ro code  0x080062a4     0x4  startup_stm32f407xx.o [1]
  .text               ro code  0x080062a8     0x4  startup_stm32f407xx.o [1]
  .text               ro code  0x080062ac     0x4  startup_stm32f407xx.o [1]
  .text               ro code  0x080062b0     0x4  startup_stm32f407xx.o [1]
  .text               ro code  0x080062b4     0x4  startup_stm32f407xx.o [1]
  .text               ro code  0x080062b8     0x4  startup_stm32f407xx.o [1]
  .text               ro code  0x080062bc     0x4  startup_stm32f407xx.o [1]
  .text               ro code  0x080062c0     0x4  startup_stm32f407xx.o [1]
  .text               ro code  0x080062c4     0x4  startup_stm32f407xx.o [1]
  .text               ro code  0x080062c8     0x4  startup_stm32f407xx.o [1]
  .text               ro code  0x080062cc     0x4  startup_stm32f407xx.o [1]
  .text               ro code  0x080062d0     0x4  startup_stm32f407xx.o [1]
  .text               ro code  0x080062d4     0x4  startup_stm32f407xx.o [1]
  .text               ro code  0x080062d8     0x4  startup_stm32f407xx.o [1]
  .text               ro code  0x080062dc     0x4  startup_stm32f407xx.o [1]
  .text               ro code  0x080062e0     0x4  startup_stm32f407xx.o [1]
  .text               ro code  0x080062e4     0x4  startup_stm32f407xx.o [1]
  .text               ro code  0x080062e8     0x4  startup_stm32f407xx.o [1]
  .text               ro code  0x080062ec     0x4  startup_stm32f407xx.o [1]
  .text               ro code  0x080062f0     0x4  startup_stm32f407xx.o [1]
  .text               ro code  0x080062f4     0x4  startup_stm32f407xx.o [1]
  .text               ro code  0x080062f8     0x4  startup_stm32f407xx.o [1]
  .text               ro code  0x080062fc     0x4  startup_stm32f407xx.o [1]
  .text               ro code  0x08006300     0x4  startup_stm32f407xx.o [1]
  .text               ro code  0x08006304     0x4  startup_stm32f407xx.o [1]
  .text               ro code  0x08006308     0x4  startup_stm32f407xx.o [1]
  .text               ro code  0x0800630c     0x4  startup_stm32f407xx.o [1]
  .text               ro code  0x08006310     0x4  startup_stm32f407xx.o [1]
  .text               ro code  0x08006314     0x4  startup_stm32f407xx.o [1]
  .text               ro code  0x08006318     0x4  startup_stm32f407xx.o [1]
  .text               ro code  0x0800631c     0x4  startup_stm32f407xx.o [1]
  .text               ro code  0x08006320     0x4  startup_stm32f407xx.o [1]
  .text               ro code  0x08006324     0x4  startup_stm32f407xx.o [1]
  .text               ro code  0x08006328     0x4  startup_stm32f407xx.o [1]
  .text               ro code  0x0800632c     0x4  startup_stm32f407xx.o [1]
  .text               ro code  0x08006330     0x4  startup_stm32f407xx.o [1]
  .text               ro code  0x08006334     0x4  startup_stm32f407xx.o [1]
  .text               ro code  0x08006338     0x4  startup_stm32f407xx.o [1]
  .text               ro code  0x0800633c     0x4  startup_stm32f407xx.o [1]
  .text               ro code  0x08006340     0x4  startup_stm32f407xx.o [1]
  .text               ro code  0x08006344     0x4  startup_stm32f407xx.o [1]
  .text               ro code  0x08006348     0x4  startup_stm32f407xx.o [1]
  .text               ro code  0x0800634c     0x4  startup_stm32f407xx.o [1]
  .text               ro code  0x08006350     0x4  startup_stm32f407xx.o [1]
  .text               ro code  0x08006354     0x4  startup_stm32f407xx.o [1]
  .text               ro code  0x08006358     0x4  startup_stm32f407xx.o [1]
  .text               ro code  0x0800635c     0x4  startup_stm32f407xx.o [1]
  .text               ro code  0x08006360     0x4  startup_stm32f407xx.o [1]
  .text               ro code  0x08006364     0x4  startup_stm32f407xx.o [1]
  .text               ro code  0x08006368     0x4  startup_stm32f407xx.o [1]
  .text               ro code  0x0800636c     0x4  startup_stm32f407xx.o [1]
  .text               ro code  0x08006370     0x4  startup_stm32f407xx.o [1]
  .text               ro code  0x08006374     0x4  startup_stm32f407xx.o [1]
  .text               ro code  0x08006378     0x4  startup_stm32f407xx.o [1]
  .text               ro code  0x0800637c     0x4  startup_stm32f407xx.o [1]
  .text               ro code  0x08006380     0x4  startup_stm32f407xx.o [1]
  .text               ro code  0x08006384     0x4  startup_stm32f407xx.o [1]
  .text               ro code  0x08006388     0x4  startup_stm32f407xx.o [1]
  .text               ro code  0x0800638c     0x4  startup_stm32f407xx.o [1]
  .text               ro code  0x08006390     0x4  startup_stm32f407xx.o [1]
  .text               ro code  0x08006394     0x4  startup_stm32f407xx.o [1]
  .text               ro code  0x08006398     0x4  startup_stm32f407xx.o [1]
  .text               ro code  0x0800639c     0x4  startup_stm32f407xx.o [1]
  .text               ro code  0x080063a0     0x4  startup_stm32f407xx.o [1]
  .text               ro code  0x080063a4     0x4  startup_stm32f407xx.o [1]
  .text               ro code  0x080063a8     0x4  startup_stm32f407xx.o [1]
  .text               ro code  0x080063ac     0x4  startup_stm32f407xx.o [1]
  .text               ro code  0x080063b0     0x4  startup_stm32f407xx.o [1]
  .text               ro code  0x080063b4     0x0  cstart_closeall.o [5]
  .rodata             const    0x080063b4     0x0  zero_init3.o [5]
  .rodata             const    0x080063b4     0x0  packbits_init_single.o [5]
  Initializer bytes   const    0x080063b4    0x96  <for P2-1>
                             - 0x0800644a  0x62c2

"P2", part 1 of 3:                          0x1f8
  P2-1                         0x20000000   0x1f8  <Init block>
    .data             inited   0x20000000     0x4  debug.o [1]
    .data             inited   0x20000004     0x4  port.o [1]
    .data             inited   0x20000008     0x4  system_stm32f4xx.o [1]
    .data             inited   0x2000000c    0x40  xfiles.o [3]
    .data             inited   0x2000004c    0x40  xfiles.o [3]
    .data             inited   0x2000008c    0x40  xfiles.o [3]
    .data             inited   0x200000cc    0x20  xfiles.o [3]
    .data             inited   0x200000ec     0x8  XShttio.o [3]
    __DLIB_PERTHREAD  inited   0x200000f4    0x88  localeconv.o [3]
    __DLIB_PERTHREAD  inited   0x2000017c    0x74  setlocale.o [3]
    __DLIB_PERTHREAD  inited   0x200001f0     0x4  errno.o [3]
    .data             inited   0x200001f4     0x2  debug.o [1]
    .data             inited   0x200001f6     0x2  debug.o [1]
                             - 0x200001f8   0x1f8

"P2", part 2 of 3:                          0x600
  CSTACK                       0x200001f8   0x400  <Block>
    CSTACK            uninit   0x200001f8   0x400  <Block tail>
  HEAP                         0x200005f8   0x200  <Block>
    HEAP              uninit   0x200005f8   0x200  <Block tail>
                             - 0x200007f8   0x600

"P2", part 3 of 3:                         0x536c
  .bss                zero     0x200007f8  0x3c00  heap_4.o [1]
  .bss                zero     0x200043f8  0x1014  cola.o [1]
  .bss                zero     0x2000540c   0x400  debug.o [1]
  .bss                zero     0x2000580c    0x8c  tasks.o [1]
  .bss                zero     0x20005898    0x80  XShHandles.o [3]
  .bss                zero     0x20005918    0x50  xfiles.o [3]
  .bss                zero     0x20005968    0x50  xfiles.o [3]
  .bss                zero     0x200059b8    0x40  queue.o [1]
  .bss                zero     0x200059f8    0x40  stm32f4xx_it.o [1]
  .bss                zero     0x20005a38    0x14  tasks.o [1]
  .bss                zero     0x20005a4c    0x14  tasks.o [1]
  .bss                zero     0x20005a60    0x14  tasks.o [1]
  .bss                zero     0x20005a74    0x14  tasks.o [1]
  .bss                zero     0x20005a88    0x14  tasks.o [1]
  .bss                zero     0x20005a9c    0x14  timers.o [1]
  .bss                zero     0x20005ab0    0x14  timers.o [1]
  .bss                zero     0x20005ac4     0x8  heap_4.o [1]
  .bss                zero     0x20005acc     0x8  xxmemxmalloc.o [3]
  .bss                zero     0x20005ad4     0x4  debug.o [1]
  .bss                zero     0x20005ad8     0x4  debug.o [1]
  .bss                zero     0x20005adc     0x4  debug.o [1]
  .bss                zero     0x20005ae0     0x4  debug.o [1]
  .bss                zero     0x20005ae4     0x4  debug.o [1]
  .bss                zero     0x20005ae8     0x4  heap_4.o [1]
  .bss                zero     0x20005aec     0x4  heap_4.o [1]
  .bss                zero     0x20005af0     0x4  heap_4.o [1]
  .bss                zero     0x20005af4     0x4  heap_4.o [1]
  .bss                zero     0x20005af8     0x4  port.o [1]
  .bss                zero     0x20005afc     0x4  stm32f4xx_hal.o [1]
  .bss                zero     0x20005b00     0x4  stm32f4xx_it.o [1]
  .bss                zero     0x20005b04     0x4  stm32f4xx_it.o [1]
  .bss                zero     0x20005b08     0x4  tasks.o [1]
  .bss                zero     0x20005b0c     0x4  tasks.o [1]
  .bss                zero     0x20005b10     0x4  tasks.o [1]
  .bss                zero     0x20005b14     0x4  tasks.o [1]
  .bss                zero     0x20005b18     0x4  tasks.o [1]
  .bss                zero     0x20005b1c     0x4  tasks.o [1]
  .bss                zero     0x20005b20     0x4  tasks.o [1]
  .bss                zero     0x20005b24     0x4  tasks.o [1]
  .bss                zero     0x20005b28     0x4  tasks.o [1]
  .bss                zero     0x20005b2c     0x4  tasks.o [1]
  .bss                zero     0x20005b30     0x4  tasks.o [1]
  .bss                zero     0x20005b34     0x4  tasks.o [1]
  .bss                zero     0x20005b38     0x4  tasks.o [1]
  .bss                zero     0x20005b3c     0x4  tasks.o [1]
  .bss                zero     0x20005b40     0x4  tasks.o [1]
  .bss                zero     0x20005b44     0x4  timers.o [1]
  .bss                zero     0x20005b48     0x4  timers.o [1]
  .bss                zero     0x20005b4c     0x4  timers.o [1]
  .bss                zero     0x20005b50     0x4  timers.o [1]
  .bss                zero     0x20005b54     0x4  timers.o [1]
  .bss                zero     0x20005b58     0x4  xgetmemchunk.o [3]
  .bss                zero     0x20005b5c     0x2  debug.o [1]
  .bss                zero     0x20005b5e     0x2  debug.o [1]
  .bss                zero     0x20005b60     0x1  port.o [1]
                             - 0x20005b61  0x5369


*******************************************************************************
*** INIT TABLE
***

          Address     Size
          -------     ----
Zero (__iar_zero_init3)
    1 destination range, total size 0x5369:
          0x200007f8  0x5369

Copy/packbits (__iar_packbits_init_single3)
    1 source range, total size 0x96 (29% of destination):
          0x080063b4    0x96
    1 destination range, total size 0x1f8:
          0x20000000   0x1f8



*******************************************************************************
*** MODULE SUMMARY
***

    Module                  ro code  ro data  rw data
    ------                  -------  -------  -------
C:\Users\Public\Documents\stm32f4-discovery\ColaDebug v2\EWARM\ColaDebug\Obj: [1]
    cmsis_os.o                    8
    cola.o                      330             4 116
    debug.o                     604      107    1 056
    debug_uart.o                168       40
    heap_4.o                    644        4   15 384
    list.o                      158
    main.o                      858
    port.o                      604        5        9
    portasm.o                   168
    queue.o                   2 228                64
    startup_stm32f407xx.o       748
    stm32f4xx_hal.o             132                 4
    stm32f4xx_hal_cortex.o      348
    stm32f4xx_hal_dma.o          40
    stm32f4xx_hal_gpio.o        610
    stm32f4xx_hal_msp.o         196
    stm32f4xx_hal_rcc.o       1 468       16
    stm32f4xx_hal_uart.o      1 630
    stm32f4xx_it.o              116                72
    system_stm32f4xx.o          108        1        4
    tasks.o                   2 864        8      300
    timers.o                  1 084       16       60
    -------------------------------------------------
    Total:                   15 114      197   21 069

command line: [2]
    -------------------------------------------------
    Total:

dl7M_tlf.a: [3]
    XShHandles.o                204               128
    XShttio.o                     8        2        8
    div.o                        14
    errno.o                      12        1        4
    exit.o                        4
    fclose.o                    122
    fflush.o                    176
    fputc.o                      86
    fputs.o                     152
    fseek.o                      34
    localeconv.o                108       41      136
    low_level_init.o              4
    puts.o                       60
    setlocale.o                  20       34      116
    sprintf.o                    52
    strrchr.o                    24
    xcloseall.o                  88
    xencoding_sb.o               96
    xfgpos.o                     10
    xfiles.o                              67      384
    xfofind.o                   128
    xfspos.o                    214
    xfwprep.o                   184
    xgetmemchunk.o               44                 4
    xmbcurmax.o                  10
    xmbtowc.o                    32
    xprintffull.o             4 490
    xsprout.o                    10
    xsyslock_nop.o                4
    xtls.o                        2
    xwctomb.o                    26
    xxmemxfree.o                128
    xxmemxmalloc.o              176                 8
    -------------------------------------------------
    Total:                    6 722      145      788

m7M_tls.a: [4]
    DblAdd.o                    212
    DblCmpGe.o                   46
    DblCmpLe.o                   46
    DblDiv.o                    598
    DblMul.o                    418
    DblSub.o                    384
    DblToI32.o                   88
    I32ToDbl.o                   48
    fpinit_M.o                   34
    xdnorm.o                     68
    xdscale.o                   276
    -------------------------------------------------
    Total:                    2 218

rt7M_tl.a: [5]
    ABImemcpy_unaligned.o       118
    ABImemset.o                 102
    I64DivMod.o                 238
    I64DivZer.o                   2
    cexit.o                      14
    cmain.o                      26
    cstart_closeall.o
    cstartup_M.o                 12
    data_init.o                  40
    memchr.o                     88
    packbits_init_single.o       56
    strchr.o                     22
    strlen.o                     54
    zero_init3.o                 64
    -------------------------------------------------
    Total:                      836

shb_l.a: [6]
    close.o                      26
    dwrite.o                     30
    exit.o                       20
    iarttio.o                   108
    iarwrite.o                   34
    iarwstd.o                    32
    lseek.o                      76
    remove.o                     22
    write.o                      16
    -------------------------------------------------
    Total:                      364

    Gaps                         44        2
    Linker created                        32    1 536
-----------------------------------------------------
    Grand Total:             25 298      376   23 393


*******************************************************************************
*** ENTRY LIST
***

Entry                      Address    Size  Type      Object
-----                      -------    ----  ----      ------
.iar.init_table$$Base   0x0800616c           --   Gb  - Linker created -
.iar.init_table$$Limit  0x0800618c           --   Gb  - Linker created -
?main                   0x0800618d          Code  Gb  cmain.o [5]
APBAHBPrescTable        0x080061f4    0x10  Data  Gb  stm32f4xx_hal_rcc.o [1]
CSTACK$$Base            0x200001f8           --   Gb  - Linker created -
CSTACK$$Limit           0x200005f8           --   Gb  - Linker created -
DebugGuardar1sTask      0x08005225    0x38  Code  Gb  debug.o [1]
DebugGuardar2sTask      0x0800525d    0x38  Code  Gb  debug.o [1]
DebugInit               0x080050f5    0x86  Code  Gb  debug.o [1]
DebugTask               0x0800517d    0xa6  Code  Gb  debug.o [1]
EXTI0_IRQHandler        0x08005f59     0xa  Code  Gb  stm32f4xx_it.o [1]
Error_Handler           0x08005041     0x2  Code  Gb  main.o [1]
HAL_DMA_Abort_IT        0x08004621    0x28  Code  Gb  stm32f4xx_hal_dma.o [1]
HAL_GPIO_EXTI_Callback  0x08004cb1     0x2  Code  Wk  stm32f4xx_hal_gpio.o [1]
HAL_GPIO_EXTI_IRQHandler
                        0x08004c53    0x1e  Code  Gb  stm32f4xx_hal_gpio.o [1]
HAL_GPIO_Init           0x08004a51   0x1ee  Code  Gb  stm32f4xx_hal_gpio.o [1]
HAL_GPIO_WritePin       0x08004c3f    0x14  Code  Gb  stm32f4xx_hal_gpio.o [1]
HAL_GetTick             0x08004cb5     0xc  Code  Wk  stm32f4xx_hal.o [1]
HAL_IncTick             0x08005f7d    0x10  Code  Wk  stm32f4xx_hal.o [1]
HAL_Init                0x08005045    0x3a  Code  Gb  stm32f4xx_hal.o [1]
HAL_InitTick            0x08004cc1    0x28  Code  Wk  stm32f4xx_hal.o [1]
HAL_MspInit             0x0800455d    0x5e  Code  Gb  stm32f4xx_hal_msp.o [1]
HAL_NVIC_EnableIRQ      0x080049f7     0xe  Code  Gb  stm32f4xx_hal_cortex.o [1]
HAL_NVIC_SetPriority    0x080049d1    0x26  Code  Gb  stm32f4xx_hal_cortex.o [1]
HAL_NVIC_SetPriorityGrouping
                        0x080049c5     0xc  Code  Gb  stm32f4xx_hal_cortex.o [1]
HAL_RCC_ClockConfig     0x08004651   0x190  Code  Gb  stm32f4xx_hal_rcc.o [1]
HAL_RCC_GetHCLKFreq     0x080047e1     0x6  Code  Gb  stm32f4xx_hal_rcc.o [1]
HAL_RCC_GetPCLK1Freq    0x080047e7    0x20  Code  Gb  stm32f4xx_hal_rcc.o [1]
HAL_RCC_GetPCLK2Freq    0x08004807    0x20  Code  Gb  stm32f4xx_hal_rcc.o [1]
HAL_RCC_GetSysClockFreq
                        0x0800483d    0xb8  Code  Wk  stm32f4xx_hal_rcc.o [1]
HAL_RCC_OscConfig       0x080052e1   0x318  Code  Wk  stm32f4xx_hal_rcc.o [1]
HAL_SYSTICK_CLKSourceConfig
                        0x08004a11    0x20  Code  Gb  stm32f4xx_hal_cortex.o [1]
HAL_SYSTICK_Config      0x08004a05     0xc  Code  Gb  stm32f4xx_hal_cortex.o [1]
HAL_UART_ErrorCallback  0x08004649     0x2  Code  Wk  stm32f4xx_hal_uart.o [1]
HAL_UART_GetState       0x080040bf    0x18  Code  Gb  stm32f4xx_hal_uart.o [1]
HAL_UART_IRQHandler     0x08003f7b   0x144  Code  Gb  stm32f4xx_hal_uart.o [1]
HAL_UART_Init           0x08003f05    0x76  Code  Gb  stm32f4xx_hal_uart.o [1]
HAL_UART_MspInit        0x080045bb    0x5a  Code  Gb  stm32f4xx_hal_msp.o [1]
HAL_UART_RxCpltCallback
                        0x0800464d     0x2  Code  Wk  stm32f4xx_hal_uart.o [1]
HAL_UART_TxCpltCallback
                        0x0800464b     0x2  Code  Wk  stm32f4xx_hal_uart.o [1]
HEAP$$Base              0x200005f8           --   Gb  - Linker created -
HEAP$$Limit             0x200007f8           --   Gb  - Linker created -
LoadInt                 0x080007ef    0x6e  Code  Lc  xprintffull.o [3]
MX_GPIO_Init            0x08004dbd   0x25c  Code  Lc  main.o [1]
NVIC_EnableIRQ          0x0800491d    0x14  Code  Lc  stm32f4xx_hal_cortex.o [1]
NVIC_EncodePriority     0x08004957    0x3e  Code  Lc  stm32f4xx_hal_cortex.o [1]
NVIC_GetPriorityGrouping
                        0x08004913     0xa  Code  Lc  stm32f4xx_hal_cortex.o [1]
NVIC_SetPriority        0x08004931    0x26  Code  Lc  stm32f4xx_hal_cortex.o [1]
NVIC_SetPriorityGrouping
                        0x080048f5    0x1e  Code  Lc  stm32f4xx_hal_cortex.o [1]
PendSV_Handler          0x080035a9          Code  Gb  portasm.o [1]
Region$$Table$$Base     0x0800616c           --   Gb  - Linker created -
Region$$Table$$Limit    0x0800618c           --   Gb  - Linker created -
SVC_Handler             0x08003601          Code  Gb  portasm.o [1]
SysTick_Config          0x08004995    0x30  Code  Lc  stm32f4xx_hal_cortex.o [1]
SysTick_Handler         0x08005f09    0x50  Code  Gb  stm32f4xx_it.o [1]
SystemClock_Config      0x08004d01    0xbc  Code  Gb  main.o [1]
SystemCoreClock         0x20000008     0x4  Data  Gb  system_stm32f4xx.o [1]
SystemInit              0x08005f95    0x4c  Code  Gb  system_stm32f4xx.o [1]
UART_DMAAbortOnError    0x080040f9    0x16  Code  Lc  stm32f4xx_hal_uart.o [1]
UART_EndRxTransfer      0x080040d7    0x20  Code  Lc  stm32f4xx_hal_uart.o [1]
UART_EndTransmit_IT     0x0800417d    0x20  Code  Lc  stm32f4xx_hal_uart.o [1]
UART_Receive_IT         0x0800419d    0xa2  Code  Lc  stm32f4xx_hal_uart.o [1]
UART_SetConfig          0x0800423f   0x312  Code  Lc  stm32f4xx_hal_uart.o [1]
UART_Transmit_IT        0x0800410f    0x6e  Code  Lc  stm32f4xx_hal_uart.o [1]
USART2_IRQHandler       0x08005f63     0xe  Code  Gb  stm32f4xx_it.o [1]
_Close_all              0x08006001    0x58  Code  Gb  xcloseall.o [3]
_EncodingSb_Mbtowc      0x08001f0b    0x30  Code  Gb  xencoding_sb.o [3]
_EncodingSb_Mbtowc::initial
                        0x08001f48     0x8  Data  Lc  xencoding_sb.o [3]
_EncodingSb_Wctomb      0x08001ef1    0x1a  Code  Gb  xencoding_sb.o [3]
_EncodingSb_Wctomb::initial
                        0x08001f40     0x8  Data  Lc  xencoding_sb.o [3]
_Files                  0x200000cc    0x20  Data  Gb  xfiles.o [3]
_Fofree                 0x08005ddd    0x78  Code  Gb  xfofind.o [3]
_Fspos                  0x08005b03    0xd6  Code  Gb  xfspos.o [3]
_Fwprep                 0x0800594f    0xb8  Code  Gb  xfwprep.o [3]
_GenldFull              0x08001075   0x254  Code  Lc  xprintffull.o [3]
_IsdstStr               0x20000180     0x4  Data  Gb  setlocale.o [3]
_LdtobFull              0x08000c75   0x3fa  Code  Lc  xprintffull.o [3]
_LitobFull              0x08000b69   0x10a  Code  Lc  xprintffull.o [3]
_LocaleEncoding         0x08001edd     0xe  Code  Gb  setlocale.o [3]
_LocaleReturnString     0x200001a0    0x50  Data  Lc  setlocale.o [3]
_Locale_Profile         0x20000184    0x1c  Data  Gb  setlocale.o [3]
_Locale_aeabi_lconv     0x20000144    0x38  Data  Gb  localeconv.o [3]
_Locale_lconv           0x200000f4    0x50  Data  Gb  localeconv.o [3]
_Mbtowc                 0x08001313    0x20  Code  Gb  xmbtowc.o [3]
_Nnl                    0x08005bf7     0xa  Code  Gb  xfgpos.o [3]
_PrintfFull             0x08000189   0x650  Code  Gb  xprintffull.o [3]
_PutcharsFull           0x080012c9    0x2e  Code  Lc  xprintffull.o [3]
_PutstrFull             0x0800085d   0x306  Code  Lc  xprintffull.o [3]
_SProut                 0x08001333     0xa  Code  Gb  xsprout.o [3]
_TzoneStr               0x2000017c     0x4  Data  Gb  setlocale.o [3]
_Wctomb                 0x080014a1    0x1a  Code  Gb  xwctomb.o [3]
__aeabi_cdcmple         0x080016e9          Code  Gb  DblCmpLe.o [4]
__aeabi_cdrcmple        0x08001719          Code  Gb  DblCmpGe.o [4]
__aeabi_d2iz            0x0800185d          Code  Gb  DblToI32.o [4]
__aeabi_d2uiz           0x08001889          Code  Gb  DblToI32.o [4]
__aeabi_ddiv            0x08001c09          Code  Gb  DblDiv.o [4]
__aeabi_dmul            0x08001a65          Code  Gb  DblMul.o [4]
__aeabi_dsub            0x080018e5          Code  Gb  DblSub.o [4]
__aeabi_errno_addr      0x08005c4d     0x6  Code  Gb  errno.o [3]
__aeabi_i2d             0x080018b5          Code  Gb  I32ToDbl.o [4]
__aeabi_ldiv0           0x08001f7d          Code  Gb  I64DivZer.o [5]
__aeabi_memset          0x08002e0d          Code  Gb  ABImemset.o [5]
__aeabi_ui2d            0x080018c9          Code  Gb  I32ToDbl.o [4]
__aeabi_uldivmod        0x080015b5          Code  Gb  I64DivMod.o [5]
__cexit_closeall        0x080061b3          Code  Gb  cexit.o [5]
__close                 0x08005ed7    0x1a  Code  Gb  close.o [6]
__cmain                 0x0800618d          Code  Gb  cmain.o [5]
__cstart_closeall       0x080063b4          Data  Gb  cstart_closeall.o [5]
__data_Aldata           0x20005acc     0x8  Data  Gb  xxmemxmalloc.o [3]
__data_GetMemChunk      0x08001f51    0x2c  Code  Gb  xgetmemchunk.o [3]
__data_GetMemChunk::start
                        0x20005b58     0x4  Data  Lc  xgetmemchunk.o [3]
__dwrite                0x08005bd9    0x1e  Code  Gb  dwrite.o [6]
__exit                  0x080061c1    0x14  Code  Gb  exit.o [6]
__iar_Dnorm             0x080016a3    0x44  Code  Gb  xdnorm.o [4]
__iar_Dscale            0x08001749   0x114  Code  Gb  xdscale.o [4]
__iar_Errno             0x200001f0     0x4  Data  Gb  errno.o [3]
__iar_Locale_lconv_init
                        0x08001e61    0x3a  Code  Gb  localeconv.o [3]
__iar_Lockfilelock      0x0800585d     0x2  Code  Gb  xsyslock_nop.o [3]
__iar_Mbcurmax          0x080013e5     0xa  Code  Gb  xmbcurmax.o [3]
__iar_Memchr            0x0800138d          Code  Gb  memchr.o [5]
__iar_Memset            0x08002e0d          Code  Gb  ABImemset.o [5]
__iar_Memset_word       0x08002e15          Code  Gb  ABImemset.o [5]
__iar_Stderr            0x2000008c    0x40  Data  Gb  xfiles.o [3]
__iar_Stdin             0x2000000c    0x40  Data  Gb  xfiles.o [3]
__iar_Stdout            0x2000004c    0x40  Data  Gb  xfiles.o [3]
__iar_Strchr            0x0800133d          Code  Gb  strchr.o [5]
__iar_Strrchr           0x08005a07    0x18  Code  Gb  strrchr.o [3]
__iar_Unlockfilelock    0x0800585f     0x2  Code  Gb  xsyslock_nop.o [3]
__iar_close_ttio        0x08005d69    0x2e  Code  Gb  iarttio.o [6]
__iar_d2uiz             0x08001895          Code  Gb  DblToI32.o [4]
__iar_dadd              0x08001f81          Code  Gb  DblAdd.o [4]
__iar_data_init3        0x08006121    0x28  Code  Gb  data_init.o [5]
__iar_dlib_perthread_access
                        0x08002055     0x2  Code  Gb  xtls.o [3]
__iar_dsub              0x080018f9          Code  Gb  DblSub.o [4]
__iar_dsubStart         0x0800190b          Code  Gb  DblSub.o [4]
__iar_get_ttio          0x08005d99    0x38  Code  Gb  iarttio.o [6]
__iar_init_vfp          0x08006149          Code  Gb  fpinit_M.o [4]
__iar_lookup_ttioh      0x08005dd5     0x8  Code  Gb  XShttio.o [3]
__iar_packbits_init_single3
                        0x08006099    0x38  Code  Gb  packbits_init_single.o [5]
__iar_program_start     0x0800622d          Code  Gb  cstartup_M.o [5]
__iar_sh_Discard        0x08005c9d    0x3e  Code  Gb  XShHandles.o [3]
__iar_sh_Move           0x08005ce1    0x46  Code  Gb  XShHandles.o [3]
__iar_sh_Pos            0x08005d27    0x3e  Code  Gb  XShHandles.o [3]
__iar_sh_stdout         0x08005c59    0x20  Code  Gb  iarwstd.o [6]
__iar_sh_write          0x08005c79    0x22  Code  Gb  iarwrite.o [6]
__iar_ttio_handles      0x200000ec     0x8  Data  Lc  XShttio.o [3]
__iar_ui2d              0x080018cd          Code  Gb  I32ToDbl.o [4]
__iar_unaligned___aeabi_memcpy
                        0x080014bd          Code  Gb  ABImemcpy_unaligned.o [5]
__iar_unaligned___aeabi_memcpy4
                        0x080014dd          Code  Gb  ABImemcpy_unaligned.o [5]
__iar_unaligned___aeabi_memcpy8
                        0x080014dd          Code  Gb  ABImemcpy_unaligned.o [5]
__iar_zero_init3        0x08006059    0x40  Code  Gb  zero_init3.o [5]
__low_level_init        0x080061a7     0x4  Code  Gb  low_level_init.o [3]
__lseek                 0x08005c01    0x4c  Code  Gb  lseek.o [6]
__vector_table          0x08000000          Data  Gb  startup_stm32f407xx.o [1]
__write                 0x08005af3    0x10  Code  Gb  write.o [6]
_call_main              0x08006199          Code  Gb  cmain.o [5]
_exit                   0x080061b1          Code  Gb  cexit.o [5]
_main                   0x080061a3          Code  Gb  cmain.o [5]
buffer                  0x2000540c   0x400  Data  Lc  debug.o [1]
buffer_indice           0x20005b5c     0x2  Data  Gb  debug.o [1]
buffer_indice_max       0x20005b5e     0x2  Data  Gb  debug.o [1]
colaDebug               0x200043f8  0x1014  Data  Gb  cola.o [1]
cola_guardar            0x08005619    0x7c  Code  Gb  cola.o [1]
cola_init               0x080055f9    0x20  Code  Gb  cola.o [1]
cola_leer               0x08005695    0xae  Code  Gb  cola.o [1]
counter1                0x20005b00     0x4  Data  Gb  stm32f4xx_it.o [1]
counter2                0x20005b04     0x4  Data  Gb  stm32f4xx_it.o [1]
counter_1s              0x200001f4     0x2  Data  Gb  debug.o [1]
counter_2s              0x200001f6     0x2  Data  Gb  debug.o [1]
debug_systick_isr_1s    0x080050bf     0xe  Code  Gb  debug.o [1]
debug_systick_isr_2s    0x080050cd     0xe  Code  Gb  debug.o [1]
debug_systick_isr_begin
                        0x080050b7     0x8  Code  Gb  debug.o [1]
debug_systick_isr_end   0x080050db    0x1a  Code  Gb  debug.o [1]
debug_uart_init         0x08005771    0x46  Code  Gb  debug_uart.o [1]
debug_uart_isr          0x080057b7    0x28  Code  Gb  debug_uart.o [1]
debug_uart_isr_begin    0x08005085     0x8  Code  Gb  debug.o [1]
debug_uart_isr_end      0x0800508d    0x1a  Code  Gb  debug.o [1]
debug_uart_isr_rx       0x080050b5     0x2  Code  Gb  debug.o [1]
debug_uart_isr_tx       0x080050a7     0xe  Code  Gb  debug.o [1]
debug_uart_send         0x08005745    0x2c  Code  Gb  debug_uart.o [1]
div                     0x08001ecd     0xe  Code  Gb  div.o [3]
ebuf                    0x20005918    0x50  Data  Lc  xfiles.o [3]
exit                    0x080061ab     0x4  Code  Gb  exit.o [3]
fclose                  0x08005e5d    0x7a  Code  Gb  fclose.o [3]
fflush                  0x08005a97    0x34  Code  Gb  fflush.o [3]
fflushOne               0x08005a21    0x76  Code  Lc  fflush.o [3]
fputc                   0x080058f9    0x56  Code  Gb  fputc.o [3]
fputs                   0x08005861    0x98  Code  Gb  fputs.o [3]
free                    0x08001535    0x7a  Code  Gb  xxmemxfree.o [3]
fseek                   0x08005ad1    0x22  Code  Gb  fseek.o [3]
huartx                  0x200059f8    0x40  Data  Gb  stm32f4xx_it.o [1]
localeconv              0x08001e9b    0x16  Code  Gb  localeconv.o [3]
main                    0x08004ce9    0x18  Code  Gb  main.o [1]
malloc                  0x080013f1    0xac  Code  Gb  xxmemxmalloc.o [3]
memchr                  0x0800138d          Code  Gb  memchr.o [5]
msg_error               0x20000000     0x4  Data  Lc  debug.o [1]
obuf                    0x20005968    0x50  Data  Lc  xfiles.o [3]
osSystickHandler        0x08005f8d     0x8  Code  Gb  cmsis_os.o [1]
pcInterruptPriorityRegisters
                        0x0800625c     0x4  Data  Lc  port.o [1]
prvAddCurrentTaskToDelayedList
                        0x08002ac5    0x82  Code  Lc  tasks.o [1]
prvAddNewTaskToReadyList
                        0x080021b9    0xc0  Code  Lc  tasks.o [1]
prvCheckForValidListAndQueue
                        0x08003533    0x4c  Code  Lc  timers.o [1]
prvCheckTasksWaitingTermination
                        0x08002859    0x66  Code  Lc  tasks.o [1]
prvCopyDataFromQueue    0x08003da7    0x30  Code  Lc  queue.o [1]
prvCopyDataToQueue      0x08003d09    0x9e  Code  Lc  queue.o [1]
prvDeleteTCB            0x080028bf    0x12  Code  Lc  tasks.o [1]
prvGetNextExpireTime    0x0800331f    0x2e  Code  Lc  timers.o [1]
prvHeapInit             0x08002d1d    0x6e  Code  Lc  heap_4.o [1]
prvIdleTask             0x080027cd    0x26  Code  Lc  tasks.o [1]
prvInitialiseMutex      0x08003773    0x22  Code  Lc  queue.o [1]
prvInitialiseNewQueue   0x0800373d    0x36  Code  Lc  queue.o [1]
prvInitialiseNewTask    0x080020dd    0xdc  Code  Lc  tasks.o [1]
prvInitialiseTaskLists  0x080027fd    0x5c  Code  Lc  tasks.o [1]
prvInsertBlockIntoFreeList
                        0x08002d8b    0x62  Code  Lc  heap_4.o [1]
prvInsertTimerInActiveList
                        0x08003375    0x50  Code  Lc  timers.o [1]
prvIsQueueEmpty         0x08003e45    0x20  Code  Lc  queue.o [1]
prvIsQueueFull          0x08003e65    0x22  Code  Lc  queue.o [1]
prvProcessExpiredTimer  0x08003239    0x5c  Code  Lc  timers.o [1]
prvProcessReceivedCommands
                        0x080033c5    0xde  Code  Lc  timers.o [1]
prvProcessTimerOrBlockTask
                        0x080032af    0x70  Code  Lc  timers.o [1]
prvResetNextTaskUnblockTime
                        0x080028d1    0x2a  Code  Lc  tasks.o [1]
prvSampleTimeNow        0x0800334d    0x28  Code  Lc  timers.o [1]
prvSampleTimeNow::xLastTime
                        0x20005b54     0x4  Data  Lc  timers.o [1]
prvSwitchTimerLists     0x080034a3    0x90  Code  Lc  timers.o [1]
prvTaskExitError        0x08002f39    0x2a  Code  Lc  port.o [1]
prvTimerTask            0x08003295    0x1a  Code  Lc  timers.o [1]
prvUnlockQueue          0x08003dd7    0x6e  Code  Lc  queue.o [1]
puts                    0x08005821    0x3c  Code  Gb  puts.o [3]
pvPortMalloc            0x08002b89   0x11a  Code  Gb  heap_4.o [1]
pvTaskIncrementMutexHeldCount
                        0x08002a85    0x1e  Code  Gb  tasks.o [1]
pxCurrentTCB            0x20005b08     0x4  Data  Gb  tasks.o [1]
pxCurrentTimerList      0x20005b44     0x4  Data  Lc  timers.o [1]
pxDelayedTaskList       0x20005b0c     0x4  Data  Lc  tasks.o [1]
pxEnd                   0x20005ae8     0x4  Data  Lc  heap_4.o [1]
pxOverflowDelayedTaskList
                        0x20005b10     0x4  Data  Lc  tasks.o [1]
pxOverflowTimerList     0x20005b48     0x4  Data  Lc  timers.o [1]
pxPortInitialiseStack   0x08002f11    0x28  Code  Gb  port.o [1]
pxReadyTasksLists       0x2000580c    0x8c  Data  Lc  tasks.o [1]
remove                  0x08005ef1    0x16  Code  Gb  remove.o [6]
sFileInfo               0x20005898    0x80  Data  Lc  XShHandles.o [3]
semaforo_debug_isrsystick_1s
                        0x20005ad8     0x4  Data  Lc  debug.o [1]
semaforo_debug_isrsystick_2s
                        0x20005adc     0x4  Data  Lc  debug.o [1]
semaforo_debug_isruart  0x20005ad4     0x4  Data  Lc  debug.o [1]
sprintf                 0x080057ed    0x34  Code  Gb  sprintf.o [3]
strchr                  0x0800133d          Code  Gb  strchr.o [5]
strlen                  0x08001355          Code  Gb  strlen.o [5]
ucHeap                  0x200007f8  0x3c00  Data  Lc  heap_4.o [1]
ucMaxSysCallPriority    0x20005b60     0x1  Data  Lc  port.o [1]
ulMaxPRIGROUPValue      0x20005af8     0x4  Data  Lc  port.o [1]
uwTick                  0x20005afc     0x4  Data  Gb  stm32f4xx_hal.o [1]
uxCriticalNesting       0x20000004     0x4  Data  Lc  port.o [1]
uxCurrentNumberOfTasks  0x20005b18     0x4  Data  Lc  tasks.o [1]
uxDeletedTasksWaitingCleanUp
                        0x20005b14     0x4  Data  Lc  tasks.o [1]
uxListRemove            0x08002ee9    0x28  Code  Gb  list.o [1]
uxPendedTicks           0x20005b28     0x4  Data  Lc  tasks.o [1]
uxSchedulerSuspended    0x20005b40     0x4  Data  Lc  tasks.o [1]
uxTaskNumber            0x20005b34     0x4  Data  Lc  tasks.o [1]
uxTopReadyPriority      0x20005b20     0x4  Data  Lc  tasks.o [1]
vListInitialise         0x08002e73    0x1e  Code  Gb  list.o [1]
vListInitialiseItem     0x08002e91     0x6  Code  Gb  list.o [1]
vListInsert             0x08002eaf    0x3a  Code  Gb  list.o [1]
vListInsertEnd          0x08002e97    0x18  Code  Gb  list.o [1]
vPortEnableVFP          0x08003635          Code  Gb  portasm.o [1]
vPortEnterCritical      0x0800302f    0x3a  Code  Gb  port.o [1]
vPortExitCritical       0x08003069    0x32  Code  Gb  port.o [1]
vPortFree               0x08002ca3    0x7a  Code  Gb  heap_4.o [1]
vPortSetupTimerInterrupt
                        0x08003145    0x28  Code  Wk  port.o [1]
vPortStartFirstTask     0x0800361d          Code  Gb  portasm.o [1]
vPortValidateInterruptPriority
                        0x080030c5    0x50  Code  Gb  port.o [1]
vQueueAddToRegistry     0x08003e87    0x28  Code  Gb  queue.o [1]
vQueueWaitForMessageRestricted
                        0x08003eb9    0x4c  Code  Gb  queue.o [1]
vTaskDelay              0x08002279    0x4e  Code  Gb  tasks.o [1]
vTaskMissedYield        0x080027bf     0xa  Code  Gb  tasks.o [1]
vTaskPlaceOnEventList   0x080025eb    0x34  Code  Gb  tasks.o [1]
vTaskPlaceOnEventListRestricted
                        0x08002631    0x40  Code  Gb  tasks.o [1]
vTaskPriorityInherit    0x08002923    0xaa  Code  Gb  tasks.o [1]
vTaskSetTimeOutState    0x08002709    0x26  Code  Gb  tasks.o [1]
vTaskStartScheduler     0x080022c7    0x72  Code  Gb  tasks.o [1]
vTaskSuspendAll         0x08002339    0x10  Code  Gb  tasks.o [1]
vTaskSwitchContext      0x08002579    0x72  Code  Gb  tasks.o [1]
xActiveTimerList1       0x20005a9c    0x14  Data  Lc  timers.o [1]
xActiveTimerList2       0x20005ab0    0x14  Data  Lc  timers.o [1]
xBlockAllocatedBit      0x20005af4     0x4  Data  Lc  heap_4.o [1]
xDelayedTaskList1       0x20005a38    0x14  Data  Lc  tasks.o [1]
xDelayedTaskList2       0x20005a4c    0x14  Data  Lc  tasks.o [1]
xFreeBytesRemaining     0x20005aec     0x4  Data  Lc  heap_4.o [1]
xGuardarSomeTaskWoken   0x20005ae4     0x4  Data  Lc  debug.o [1]
xHeapStructSize         0x08006258     0x4  Data  Lc  heap_4.o [1]
xHigherPriorityTaskWoken
                        0x20005ae0     0x4  Data  Lc  debug.o [1]
xIdleTaskHandle         0x20005b3c     0x4  Data  Lc  tasks.o [1]
xMinimumEverFreeBytesRemaining
                        0x20005af0     0x4  Data  Lc  heap_4.o [1]
xNextTaskUnblockTime    0x20005b38     0x4  Data  Lc  tasks.o [1]
xNumOfOverflows         0x20005b30     0x4  Data  Lc  tasks.o [1]
xPendingReadyList       0x20005a60    0x14  Data  Lc  tasks.o [1]
xPortStartScheduler     0x08002f63    0xcc  Code  Gb  port.o [1]
xPortSysTickHandler     0x0800309b    0x28  Code  Gb  port.o [1]
xQueueCreateMutex       0x08003795    0x20  Code  Gb  queue.o [1]
xQueueGenericCreate     0x080036e5    0x58  Code  Gb  queue.o [1]
xQueueGenericReceive    0x08003b2d   0x1dc  Code  Gb  queue.o [1]
xQueueGenericReset      0x08003651    0x94  Code  Gb  queue.o [1]
xQueueGenericSend       0x080037b5   0x1b2  Code  Gb  queue.o [1]
xQueueGenericSendFromISR
                        0x08003967    0xee  Code  Gb  queue.o [1]
xQueueGiveFromISR       0x08003a55    0xd8  Code  Gb  queue.o [1]
xQueueRegistry          0x200059b8    0x40  Data  Gb  queue.o [1]
xSchedulerRunning       0x20005b24     0x4  Data  Lc  tasks.o [1]
xStart                  0x20005ac4     0x8  Data  Lc  heap_4.o [1]
xSuspendedTaskList      0x20005a88    0x14  Data  Lc  tasks.o [1]
xTaskCheckForTimeOut    0x08002735    0x8a  Code  Gb  tasks.o [1]
xTaskCreate             0x08002059    0x84  Code  Gb  tasks.o [1]
xTaskGetSchedulerState  0x080028fb    0x26  Code  Gb  tasks.o [1]
xTaskGetTickCount       0x08002447     0xa  Code  Gb  tasks.o [1]
xTaskIncrementTick      0x08002451   0x128  Code  Gb  tasks.o [1]
xTaskPriorityDisinherit
                        0x080029cd    0xb8  Code  Gb  tasks.o [1]
xTaskRemoveFromEventList
                        0x08002679    0x8c  Code  Gb  tasks.o [1]
xTaskResumeAll          0x08002349    0xfe  Code  Gb  tasks.o [1]
xTasksWaitingTermination
                        0x20005a74    0x14  Data  Lc  tasks.o [1]
xTickCount              0x20005b1c     0x4  Data  Lc  tasks.o [1]
xTimerCreateTimerTask   0x0800316d    0x48  Code  Gb  timers.o [1]
xTimerGenericCommand    0x080031b5    0x84  Code  Gb  timers.o [1]
xTimerQueue             0x20005b4c     0x4  Data  Lc  timers.o [1]
xTimerTaskHandle        0x20005b50     0x4  Data  Lc  timers.o [1]
xYieldPending           0x20005b2c     0x4  Data  Lc  tasks.o [1]


[1] = C:\Users\Public\Documents\stm32f4-discovery\ColaDebug v2\EWARM\ColaDebug\Obj
[2] = command line
[3] = dl7M_tlf.a
[4] = m7M_tls.a
[5] = rt7M_tl.a
[6] = shb_l.a

  25 298 bytes of readonly  code memory
     376 bytes of readonly  data memory
  23 393 bytes of readwrite data memory

Errors: none
Warnings: none
