###############################################################################
#
# IAR ELF Linker V7.60.2.11341/W32 for ARM                24/Jun/2016  17:28:09
# Copyright 2007-2016 IAR Systems AB.
#
#    Output file  =  
#        C:\Users\Public\Documents\stm32f4-discovery\ColaDebug
#        v0\EWARM\ColaDebug\Exe\ColaDebug.out
#    Map file     =  
#        C:\Users\Public\Documents\stm32f4-discovery\ColaDebug
#        v0\EWARM\ColaDebug\List\ColaDebug.map
#    Command line =  
#        "C:\Users\Public\Documents\stm32f4-discovery\ColaDebug
#        v0\EWARM\ColaDebug\Obj\cmsis_os.o"
#        "C:\Users\Public\Documents\stm32f4-discovery\ColaDebug
#        v0\EWARM\ColaDebug\Obj\cola.o"
#        "C:\Users\Public\Documents\stm32f4-discovery\ColaDebug
#        v0\EWARM\ColaDebug\Obj\croutine.o"
#        "C:\Users\Public\Documents\stm32f4-discovery\ColaDebug
#        v0\EWARM\ColaDebug\Obj\debug.o"
#        "C:\Users\Public\Documents\stm32f4-discovery\ColaDebug
#        v0\EWARM\ColaDebug\Obj\debug_uart.o"
#        "C:\Users\Public\Documents\stm32f4-discovery\ColaDebug
#        v0\EWARM\ColaDebug\Obj\event_groups.o"
#        "C:\Users\Public\Documents\stm32f4-discovery\ColaDebug
#        v0\EWARM\ColaDebug\Obj\freertos.o"
#        "C:\Users\Public\Documents\stm32f4-discovery\ColaDebug
#        v0\EWARM\ColaDebug\Obj\heap_4.o"
#        "C:\Users\Public\Documents\stm32f4-discovery\ColaDebug
#        v0\EWARM\ColaDebug\Obj\list.o"
#        "C:\Users\Public\Documents\stm32f4-discovery\ColaDebug
#        v0\EWARM\ColaDebug\Obj\main.o"
#        "C:\Users\Public\Documents\stm32f4-discovery\ColaDebug
#        v0\EWARM\ColaDebug\Obj\port.o"
#        "C:\Users\Public\Documents\stm32f4-discovery\ColaDebug
#        v0\EWARM\ColaDebug\Obj\portasm.o"
#        "C:\Users\Public\Documents\stm32f4-discovery\ColaDebug
#        v0\EWARM\ColaDebug\Obj\queue.o"
#        "C:\Users\Public\Documents\stm32f4-discovery\ColaDebug
#        v0\EWARM\ColaDebug\Obj\startup_stm32f407xx.o"
#        "C:\Users\Public\Documents\stm32f4-discovery\ColaDebug
#        v0\EWARM\ColaDebug\Obj\stm32f4xx_hal.o"
#        "C:\Users\Public\Documents\stm32f4-discovery\ColaDebug
#        v0\EWARM\ColaDebug\Obj\stm32f4xx_hal_cortex.o"
#        "C:\Users\Public\Documents\stm32f4-discovery\ColaDebug
#        v0\EWARM\ColaDebug\Obj\stm32f4xx_hal_dma.o"
#        "C:\Users\Public\Documents\stm32f4-discovery\ColaDebug
#        v0\EWARM\ColaDebug\Obj\stm32f4xx_hal_dma_ex.o"
#        "C:\Users\Public\Documents\stm32f4-discovery\ColaDebug
#        v0\EWARM\ColaDebug\Obj\stm32f4xx_hal_flash.o"
#        "C:\Users\Public\Documents\stm32f4-discovery\ColaDebug
#        v0\EWARM\ColaDebug\Obj\stm32f4xx_hal_flash_ex.o"
#        "C:\Users\Public\Documents\stm32f4-discovery\ColaDebug
#        v0\EWARM\ColaDebug\Obj\stm32f4xx_hal_flash_ramfunc.o"
#        "C:\Users\Public\Documents\stm32f4-discovery\ColaDebug
#        v0\EWARM\ColaDebug\Obj\stm32f4xx_hal_gpio.o"
#        "C:\Users\Public\Documents\stm32f4-discovery\ColaDebug
#        v0\EWARM\ColaDebug\Obj\stm32f4xx_hal_msp.o"
#        "C:\Users\Public\Documents\stm32f4-discovery\ColaDebug
#        v0\EWARM\ColaDebug\Obj\stm32f4xx_hal_pwr.o"
#        "C:\Users\Public\Documents\stm32f4-discovery\ColaDebug
#        v0\EWARM\ColaDebug\Obj\stm32f4xx_hal_pwr_ex.o"
#        "C:\Users\Public\Documents\stm32f4-discovery\ColaDebug
#        v0\EWARM\ColaDebug\Obj\stm32f4xx_hal_rcc.o"
#        "C:\Users\Public\Documents\stm32f4-discovery\ColaDebug
#        v0\EWARM\ColaDebug\Obj\stm32f4xx_hal_rcc_ex.o"
#        "C:\Users\Public\Documents\stm32f4-discovery\ColaDebug
#        v0\EWARM\ColaDebug\Obj\stm32f4xx_hal_tim.o"
#        "C:\Users\Public\Documents\stm32f4-discovery\ColaDebug
#        v0\EWARM\ColaDebug\Obj\stm32f4xx_hal_tim_ex.o"
#        "C:\Users\Public\Documents\stm32f4-discovery\ColaDebug
#        v0\EWARM\ColaDebug\Obj\stm32f4xx_hal_uart.o"
#        "C:\Users\Public\Documents\stm32f4-discovery\ColaDebug
#        v0\EWARM\ColaDebug\Obj\stm32f4xx_it.o"
#        "C:\Users\Public\Documents\stm32f4-discovery\ColaDebug
#        v0\EWARM\ColaDebug\Obj\system_stm32f4xx.o"
#        "C:\Users\Public\Documents\stm32f4-discovery\ColaDebug
#        v0\EWARM\ColaDebug\Obj\tasks.o"
#        "C:\Users\Public\Documents\stm32f4-discovery\ColaDebug
#        v0\EWARM\ColaDebug\Obj\timers.o" --redirect _Printf=_PrintfFull
#        --redirect _Scanf=_ScanfFull -o
#        "C:\Users\Public\Documents\stm32f4-discovery\ColaDebug
#        v0\EWARM\ColaDebug\Exe\ColaDebug.out" --map
#        "C:\Users\Public\Documents\stm32f4-discovery\ColaDebug
#        v0\EWARM\ColaDebug\List\ColaDebug.map" --config
#        "C:\Users\Public\Documents\stm32f4-discovery\ColaDebug
#        v0\EWARM/stm32f407xx_flash.icf" --semihosting --entry
#        __iar_program_start --vfe
#
###############################################################################

*******************************************************************************
*** RUNTIME MODEL ATTRIBUTES
***

CppFlavor       = *
__Heap_Handler  = Basic
__SystemLibrary = DLib


*******************************************************************************
*** PLACEMENT SUMMARY
***

"A1":  place at 0x08000000 { ro section .intvec };
"P1":  place in [from 0x08000000 to 0x080fffff] { ro };
"P2":  place in [from 0x20000000 to 0x2001ffff] { rw, block CSTACK, block HEAP };
initialize by copy { rw };

  Section             Kind        Address    Size  Object
  -------             ----        -------    ----  ------
"A1":                                       0x188
  .intvec             ro code  0x08000000   0x188  startup_stm32f407xx.o [1]
                             - 0x08000188   0x188

"P1":                                      0x3161
  .text               ro code  0x08000188   0x77c  tasks.o [1]
  .text               ro code  0x08000904   0x1e8  port.o [1]
  .text               ro code  0x08000aec    0x8e  list.o [1]
  .text               ro code  0x08000b7c   0x1b4  heap_4.o [1]
  .text               ro code  0x08000d30    0x3a  ABImemset48.o [5]
  CODE                ro code  0x08000d6c    0xa8  portasm.o [1]
  .text               ro code  0x08000e14   0x540  queue.o [1]
  .text               ro code  0x08001354    0x76  ABImemcpy_unaligned.o [5]
  .text               ro code  0x080013cc   0x456  stm32f4xx_hal_uart.o [1]
  .text               ro code  0x08001824    0xc4  stm32f4xx_hal_msp.o [1]
  .text               ro code  0x080018e8    0x24  stm32f4xx_hal_dma.o [1]
  .text               ro code  0x0800190c   0x438  stm32f4xx_hal_rcc.o [1]
  .text               ro code  0x08001d44    0xdc  stm32f4xx_hal_cortex.o [1]
  .text               ro code  0x08001e20   0x202  stm32f4xx_hal_gpio.o [1]
  .text               ro code  0x08002024    0x70  stm32f4xx_hal.o [1]
  .text               ro code  0x08002094   0x2f0  main.o [1]
  .text               ro code  0x08002384   0x134  debug.o [1]
  .text               ro code  0x080024b8    0x1e  cmsis_os.o [1]
  .text               ro code  0x080024d6   0x10a  cola.o [1]
  .text               ro code  0x080025e0    0x98  debug_uart.o [1]
  .text               ro code  0x08002678    0x3c  puts.o [3]
  .text               ro code  0x080026b4     0x4  xsyslock_nop.o [3]
  .text               ro code  0x080026b8    0x98  fputs.o [3]
  .text               ro code  0x08002750    0x56  fputc.o [3]
  .text               ro code  0x080027a6    0xb8  xfwprep.o [3]
  .text               ro code  0x0800285e    0x18  strrchr.o [3]
  .text               ro code  0x08002878    0x36  strlen.o [5]
  .text               ro code  0x080028b0    0xb0  fflush.o [3]
  .text               ro code  0x08002960    0xb0  xxmemxmalloc.o [3]
  .text               ro code  0x08002a10    0x22  fseek.o [3]
  .text               ro code  0x08002a32    0x10  write.o [6]
  .text               ro code  0x08002a44    0x80  xxmemxfree.o [3]
  .text               ro code  0x08002ac4    0x2c  xgetmemchunk.o [3]
  .text               ro code  0x08002af0    0xd6  xfspos.o [3]
  .text               ro code  0x08002bc6    0x1e  dwrite.o [6]
  .text               ro code  0x08002be4     0xa  xfgpos.o [3]
  .text               ro code  0x08002bee    0x4c  lseek.o [6]
  .text               ro code  0x08002c3c     0xc  errno.o [3]
  .text               ro code  0x08002c48    0x20  iarwstd.o [6]
  .text               ro code  0x08002c68    0x20  iarwrite.o [6]
  .text               ro code  0x08002c88    0xcc  XShHandles.o [3]
  .text               ro code  0x08002d54     0x2  xtls.o [3]
  .text               ro code  0x08002d58    0x6c  iarttio.o [6]
  .text               ro code  0x08002dc4     0x8  XShttio.o [3]
  .text               ro code  0x08002dcc    0x80  xfofind.o [3]
  .text               ro code  0x08002e4c    0x7a  fclose.o [3]
  .text               ro code  0x08002ec6    0x1a  close.o [6]
  .text               ro code  0x08002ee0    0x16  remove.o [6]
  .text               ro code  0x08002ef8    0x58  xcloseall.o [3]
  .text               ro code  0x08002f50    0x50  system_stm32f4xx.o [1]
  .text               ro code  0x08002fa0    0x40  zero_init3.o [5]
  .text               ro code  0x08002fe0    0x38  packbits_init_single.o [5]
  .text               ro code  0x08003018    0x28  stm32f4xx_it.o [1]
  .text               ro code  0x08003040    0x28  data_init.o [5]
  .text               ro code  0x08003068    0x22  fpinit_M.o [4]
  .iar.init_table     const    0x0800308c    0x20  - Linker created -
  .text               ro code  0x080030ac    0x1a  cmain.o [5]
  .text               ro code  0x080030c6     0x4  low_level_init.o [3]
  .text               ro code  0x080030ca     0x4  exit.o [3]
  .text               ro code  0x080030d0     0xe  cexit.o [5]
  .text               ro code  0x080030e0    0x14  exit.o [6]
  .text               ro code  0x080030f4    0x10  startup_stm32f407xx.o [1]
  .text               ro code  0x08003104     0xc  cstartup_M.o [5]
  .text               ro code  0x08003110     0x4  startup_stm32f407xx.o [1]
  .text               ro code  0x08003114     0x4  startup_stm32f407xx.o [1]
  .text               ro code  0x08003118     0x4  startup_stm32f407xx.o [1]
  .text               ro code  0x0800311c     0x4  startup_stm32f407xx.o [1]
  .text               ro code  0x08003120     0x4  startup_stm32f407xx.o [1]
  .text               ro code  0x08003124     0x4  startup_stm32f407xx.o [1]
  .text               ro code  0x08003128     0x4  startup_stm32f407xx.o [1]
  .text               ro code  0x0800312c     0x4  startup_stm32f407xx.o [1]
  .text               ro code  0x08003130     0x4  startup_stm32f407xx.o [1]
  .text               ro code  0x08003134     0x4  startup_stm32f407xx.o [1]
  .text               ro code  0x08003138     0x4  startup_stm32f407xx.o [1]
  .text               ro code  0x0800313c     0x4  startup_stm32f407xx.o [1]
  .text               ro code  0x08003140     0x4  startup_stm32f407xx.o [1]
  .text               ro code  0x08003144     0x4  startup_stm32f407xx.o [1]
  .text               ro code  0x08003148     0x4  startup_stm32f407xx.o [1]
  .text               ro code  0x0800314c     0x4  startup_stm32f407xx.o [1]
  .text               ro code  0x08003150     0x4  startup_stm32f407xx.o [1]
  .text               ro code  0x08003154     0x4  startup_stm32f407xx.o [1]
  .text               ro code  0x08003158     0x4  startup_stm32f407xx.o [1]
  .text               ro code  0x0800315c     0x4  startup_stm32f407xx.o [1]
  .text               ro code  0x08003160     0x4  startup_stm32f407xx.o [1]
  .text               ro code  0x08003164     0x4  startup_stm32f407xx.o [1]
  .text               ro code  0x08003168     0x4  startup_stm32f407xx.o [1]
  .text               ro code  0x0800316c     0x4  startup_stm32f407xx.o [1]
  .text               ro code  0x08003170     0x4  startup_stm32f407xx.o [1]
  .text               ro code  0x08003174     0x4  startup_stm32f407xx.o [1]
  .text               ro code  0x08003178     0x4  startup_stm32f407xx.o [1]
  .text               ro code  0x0800317c     0x4  startup_stm32f407xx.o [1]
  .text               ro code  0x08003180     0x4  startup_stm32f407xx.o [1]
  .text               ro code  0x08003184     0x4  startup_stm32f407xx.o [1]
  .text               ro code  0x08003188     0x4  startup_stm32f407xx.o [1]
  .text               ro code  0x0800318c     0x4  startup_stm32f407xx.o [1]
  .text               ro code  0x08003190     0x4  startup_stm32f407xx.o [1]
  .text               ro code  0x08003194     0x4  startup_stm32f407xx.o [1]
  .text               ro code  0x08003198     0x4  startup_stm32f407xx.o [1]
  .text               ro code  0x0800319c     0x4  startup_stm32f407xx.o [1]
  .text               ro code  0x080031a0     0x4  startup_stm32f407xx.o [1]
  .text               ro code  0x080031a4     0x4  startup_stm32f407xx.o [1]
  .text               ro code  0x080031a8     0x4  startup_stm32f407xx.o [1]
  .text               ro code  0x080031ac     0x4  startup_stm32f407xx.o [1]
  .text               ro code  0x080031b0     0x4  startup_stm32f407xx.o [1]
  .text               ro code  0x080031b4     0x4  startup_stm32f407xx.o [1]
  .text               ro code  0x080031b8     0x4  startup_stm32f407xx.o [1]
  .text               ro code  0x080031bc     0x4  startup_stm32f407xx.o [1]
  .text               ro code  0x080031c0     0x4  startup_stm32f407xx.o [1]
  .text               ro code  0x080031c4     0x4  startup_stm32f407xx.o [1]
  .text               ro code  0x080031c8     0x4  startup_stm32f407xx.o [1]
  .text               ro code  0x080031cc     0x4  startup_stm32f407xx.o [1]
  .text               ro code  0x080031d0     0x4  startup_stm32f407xx.o [1]
  .text               ro code  0x080031d4     0x4  startup_stm32f407xx.o [1]
  .text               ro code  0x080031d8     0x4  startup_stm32f407xx.o [1]
  .text               ro code  0x080031dc     0x4  startup_stm32f407xx.o [1]
  .text               ro code  0x080031e0     0x4  startup_stm32f407xx.o [1]
  .text               ro code  0x080031e4     0x4  startup_stm32f407xx.o [1]
  .text               ro code  0x080031e8     0x4  startup_stm32f407xx.o [1]
  .text               ro code  0x080031ec     0x4  startup_stm32f407xx.o [1]
  .text               ro code  0x080031f0     0x4  startup_stm32f407xx.o [1]
  .text               ro code  0x080031f4     0x4  startup_stm32f407xx.o [1]
  .text               ro code  0x080031f8     0x4  startup_stm32f407xx.o [1]
  .text               ro code  0x080031fc     0x4  startup_stm32f407xx.o [1]
  .text               ro code  0x08003200     0x4  startup_stm32f407xx.o [1]
  .text               ro code  0x08003204     0x4  startup_stm32f407xx.o [1]
  .text               ro code  0x08003208     0x4  startup_stm32f407xx.o [1]
  .text               ro code  0x0800320c     0x4  startup_stm32f407xx.o [1]
  .text               ro code  0x08003210     0x4  startup_stm32f407xx.o [1]
  .text               ro code  0x08003214     0x4  startup_stm32f407xx.o [1]
  .text               ro code  0x08003218     0x4  startup_stm32f407xx.o [1]
  .text               ro code  0x0800321c     0x4  startup_stm32f407xx.o [1]
  .text               ro code  0x08003220     0x4  startup_stm32f407xx.o [1]
  .text               ro code  0x08003224     0x4  startup_stm32f407xx.o [1]
  .text               ro code  0x08003228     0x4  startup_stm32f407xx.o [1]
  .text               ro code  0x0800322c     0x4  startup_stm32f407xx.o [1]
  .text               ro code  0x08003230     0x4  startup_stm32f407xx.o [1]
  .text               ro code  0x08003234     0x4  startup_stm32f407xx.o [1]
  .text               ro code  0x08003238     0x4  startup_stm32f407xx.o [1]
  .text               ro code  0x0800323c     0x4  startup_stm32f407xx.o [1]
  .text               ro code  0x08003240     0x4  startup_stm32f407xx.o [1]
  .text               ro code  0x08003244     0x4  startup_stm32f407xx.o [1]
  .text               ro code  0x08003248     0x4  startup_stm32f407xx.o [1]
  .text               ro code  0x0800324c     0x4  startup_stm32f407xx.o [1]
  .text               ro code  0x08003250     0x4  startup_stm32f407xx.o [1]
  .text               ro code  0x08003254     0x4  startup_stm32f407xx.o [1]
  .text               ro code  0x08003258     0x4  startup_stm32f407xx.o [1]
  .text               ro code  0x0800325c     0x4  startup_stm32f407xx.o [1]
  .text               ro code  0x08003260     0x4  startup_stm32f407xx.o [1]
  .text               ro code  0x08003264     0x0  cstart_closeall.o [5]
  .rodata             const    0x08003264     0x0  zero_init3.o [5]
  .rodata             const    0x08003264     0x0  packbits_init_single.o [5]
  Initializer bytes   const    0x08003264    0x85  <for P2-1>
                             - 0x080032e9  0x3161

"P2", part 1 of 3:                           0xfc
  P2-1                         0x20000000    0xfc  <Init block>
    .data             inited   0x20000000     0xc  port.o [1]
    .data             inited   0x2000000c     0x4  system_stm32f4xx.o [1]
    .data             inited   0x20000010    0x40  xfiles.o [3]
    .data             inited   0x20000050    0x40  xfiles.o [3]
    .data             inited   0x20000090    0x40  xfiles.o [3]
    .data             inited   0x200000d0    0x20  xfiles.o [3]
    .data             inited   0x200000f0     0x8  XShttio.o [3]
    __DLIB_PERTHREAD  inited   0x200000f8     0x4  errno.o [3]
                             - 0x200000fc    0xfc

"P2", part 2 of 3:                          0x600
  CSTACK                       0x20000100   0x400  <Block>
    CSTACK            uninit   0x20000100   0x400  <Block tail>
  HEAP                         0x20000500   0x200  <Block>
    HEAP              uninit   0x20000500   0x200  <Block tail>
                             - 0x20000700   0x600

"P2", part 3 of 3:                         0x52cc
  .bss                zero     0x20000700  0x3c18  heap_4.o [1]
  .bss                zero     0x20004318  0x1014  cola.o [1]
  .bss                zero     0x2000532c   0x400  debug.o [1]
  .bss                zero     0x2000572c    0x9c  tasks.o [1]
  .bss                zero     0x200057c8    0x8c  tasks.o [1]
  .bss                zero     0x20005854    0x80  XShHandles.o [3]
  .bss                zero     0x200058d4    0x50  xfiles.o [3]
  .bss                zero     0x20005924    0x50  xfiles.o [3]
  .bss                zero     0x20005974    0x40  stm32f4xx_it.o [1]
  .bss                zero     0x200059b4     0x8  debug.o [1]
  .bss                zero     0x200059bc     0x8  xxmemxmalloc.o [3]
  .bss                zero     0x200059c4     0x4  stm32f4xx_hal.o [1]
  .bss                zero     0x200059c8     0x4  xgetmemchunk.o [3]
                             - 0x200059cc  0x52cc


*******************************************************************************
*** INIT TABLE
***

          Address     Size
          -------     ----
Zero (__iar_zero_init3)
    1 destination range, total size 0x52cc:
          0x20000700  0x52cc

Copy/packbits (__iar_packbits_init_single3)
    1 source range, total size 0x85 (52% of destination):
          0x08003264    0x85
    1 destination range, total size 0xfc:
          0x20000000    0xfc



*******************************************************************************
*** MODULE SUMMARY
***

    Module                  ro code  ro data  rw data
    ------                  -------  -------  -------
C:\Users\Public\Documents\stm32f4-discovery\ColaDebug v0\EWARM\ColaDebug\Obj: [1]
    cmsis_os.o                   30
    cola.o                      266             4 116
    debug.o                     308             1 032
    debug_uart.o                152
    heap_4.o                    436            15 384
    list.o                      142
    main.o                      752
    port.o                      488        6       12
    portasm.o                   168
    queue.o                   1 344
    startup_stm32f407xx.o       748
    stm32f4xx_hal.o             112                 4
    stm32f4xx_hal_cortex.o      220
    stm32f4xx_hal_dma.o          36
    stm32f4xx_hal_gpio.o        514
    stm32f4xx_hal_msp.o         196
    stm32f4xx_hal_rcc.o       1 080
    stm32f4xx_hal_uart.o      1 110
    stm32f4xx_it.o               40                64
    system_stm32f4xx.o           80        2        4
    tasks.o                   1 916               296
    -------------------------------------------------
    Total:                   10 138        8   20 912

command line: [2]
    -------------------------------------------------
    Total:

dl7M_tlf.a: [3]
    XShHandles.o                204               128
    XShttio.o                     8        4        8
    errno.o                      12        3        4
    exit.o                        4
    fclose.o                    122
    fflush.o                    176
    fputc.o                      86
    fputs.o                     152
    fseek.o                      34
    low_level_init.o              4
    puts.o                       60
    strrchr.o                    24
    xcloseall.o                  88
    xfgpos.o                     10
    xfiles.o                             118      384
    xfofind.o                   128
    xfspos.o                    214
    xfwprep.o                   184
    xgetmemchunk.o               44                 4
    xsyslock_nop.o                4
    xtls.o                        2
    xxmemxfree.o                128
    xxmemxmalloc.o              176                 8
    -------------------------------------------------
    Total:                    1 864      125      536

m7M_tls.a: [4]
    fpinit_M.o                   34
    -------------------------------------------------
    Total:                       34

rt7M_tl.a: [5]
    ABImemcpy_unaligned.o       118
    ABImemset48.o                58
    cexit.o                      14
    cmain.o                      26
    cstart_closeall.o
    cstartup_M.o                 12
    data_init.o                  40
    packbits_init_single.o       56
    strlen.o                     54
    zero_init3.o                 64
    -------------------------------------------------
    Total:                      442

shb_l.a: [6]
    close.o                      26
    dwrite.o                     30
    exit.o                       20
    iarttio.o                   108
    iarwrite.o                   32
    iarwstd.o                    32
    lseek.o                      76
    remove.o                     22
    write.o                      16
    -------------------------------------------------
    Total:                      362

    Gaps                         26        2
    Linker created                        32    1 536
-----------------------------------------------------
    Grand Total:             12 866      167   22 984


*******************************************************************************
*** ENTRY LIST
***

Entry                      Address    Size  Type      Object
-----                      -------    ----  ----      ------
.iar.init_table$$Base   0x0800308c           --   Gb  - Linker created -
.iar.init_table$$Limit  0x080030ac           --   Gb  - Linker created -
?main                   0x080030ad          Code  Gb  cmain.o [5]
APBAHBPrescTable        0x08001d34    0x10  Data  Gb  stm32f4xx_hal_rcc.o [1]
CSTACK$$Base            0x20000100           --   Gb  - Linker created -
CSTACK$$Limit           0x20000500           --   Gb  - Linker created -
DebugInit               0x080023b1    0x42  Code  Gb  debug.o [1]
DebugTask               0x080023f5    0x68  Code  Gb  debug.o [1]
EXTI0_IRQHandler        0x08003027     0x6  Code  Gb  stm32f4xx_it.o [1]
HAL_DMA_Abort_IT        0x080018e9    0x24  Code  Gb  stm32f4xx_hal_dma.o [1]
HAL_GPIO_EXTI_Callback  0x08002021     0x2  Code  Wk  stm32f4xx_hal_gpio.o [1]
HAL_GPIO_EXTI_IRQHandler
                        0x08001fd7    0x14  Code  Gb  stm32f4xx_hal_gpio.o [1]
HAL_GPIO_Init           0x08001e21   0x1ae  Code  Gb  stm32f4xx_hal_gpio.o [1]
HAL_GPIO_WritePin       0x08001fcf     0x8  Code  Gb  stm32f4xx_hal_gpio.o [1]
HAL_GetTick             0x08002083     0x6  Code  Wk  stm32f4xx_hal.o [1]
HAL_IncTick             0x08002079     0xa  Code  Wk  stm32f4xx_hal.o [1]
HAL_Init                0x08002025    0x30  Code  Gb  stm32f4xx_hal.o [1]
HAL_InitTick            0x08002055    0x24  Code  Wk  stm32f4xx_hal.o [1]
HAL_MspInit             0x08001825    0x60  Code  Gb  stm32f4xx_hal_msp.o [1]
HAL_NVIC_EnableIRQ      0x08001db3     0xc  Code  Gb  stm32f4xx_hal_cortex.o [1]
HAL_NVIC_SetPriority    0x08001d79    0x3a  Code  Gb  stm32f4xx_hal_cortex.o [1]
HAL_NVIC_SetPriorityGrouping
                        0x08001d5f    0x1a  Code  Gb  stm32f4xx_hal_cortex.o [1]
HAL_RCC_ClockConfig     0x08001b59   0x12e  Code  Gb  stm32f4xx_hal_rcc.o [1]
HAL_RCC_GetHCLKFreq     0x08001cdb     0x6  Code  Gb  stm32f4xx_hal_rcc.o [1]
HAL_RCC_GetPCLK1Freq    0x08001ce1    0x12  Code  Gb  stm32f4xx_hal_rcc.o [1]
HAL_RCC_GetPCLK2Freq    0x08001cf3    0x10  Code  Gb  stm32f4xx_hal_rcc.o [1]
HAL_RCC_GetSysClockFreq
                        0x08001c95    0x46  Code  Wk  stm32f4xx_hal_rcc.o [1]
HAL_RCC_OscConfig       0x0800190d   0x244  Code  Wk  stm32f4xx_hal_rcc.o [1]
HAL_SYSTICK_CLKSourceConfig
                        0x08001def    0x16  Code  Gb  stm32f4xx_hal_cortex.o [1]
HAL_SYSTICK_Config      0x08001dc7    0x28  Code  Gb  stm32f4xx_hal_cortex.o [1]
HAL_UART_ErrorCallback  0x080015df     0x2  Code  Wk  stm32f4xx_hal_uart.o [1]
HAL_UART_GetState       0x080015e1     0xa  Code  Gb  stm32f4xx_hal_uart.o [1]
HAL_UART_IRQHandler     0x08001483   0x14a  Code  Gb  stm32f4xx_hal_uart.o [1]
HAL_UART_Init           0x080013cd    0x2e  Code  Gb  stm32f4xx_hal_uart.o [1]
HAL_UART_MspInit        0x08001885    0x56  Code  Gb  stm32f4xx_hal_msp.o [1]
HAL_UART_RxCpltCallback
                        0x080015dd     0x2  Code  Wk  stm32f4xx_hal_uart.o [1]
HAL_UART_Transmit_IT    0x0800143d    0x40  Code  Gb  stm32f4xx_hal_uart.o [1]
HAL_UART_TxCpltCallback
                        0x080015db     0x2  Code  Wk  stm32f4xx_hal_uart.o [1]
HEAP$$Base              0x20000500           --   Gb  - Linker created -
HEAP$$Limit             0x20000700           --   Gb  - Linker created -
MX_GPIO_Init            0x08002159   0x1b2  Code  Lc  main.o [1]
NVIC_SetPriority        0x08001d45    0x1a  Code  Lc  stm32f4xx_hal_cortex.o [1]
PendSV_Handler          0x08000d6d          Code  Gb  portasm.o [1]
Region$$Table$$Base     0x0800308c           --   Gb  - Linker created -
Region$$Table$$Limit    0x080030ac           --   Gb  - Linker created -
SVC_Handler             0x08000dc5          Code  Gb  portasm.o [1]
SysTick_Handler         0x08003019     0xe  Code  Gb  stm32f4xx_it.o [1]
SystemClock_Config      0x080020ad    0xac  Code  Gb  main.o [1]
SystemCoreClock         0x2000000c     0x4  Data  Gb  system_stm32f4xx.o [1]
SystemInit              0x08002f51    0x3a  Code  Gb  system_stm32f4xx.o [1]
UART_DMAAbortOnError    0x08001609    0x10  Code  Lc  stm32f4xx_hal_uart.o [1]
UART_EndRxTransfer      0x080015eb    0x1c  Code  Lc  stm32f4xx_hal_uart.o [1]
UART_Receive_IT         0x08001619    0x80  Code  Lc  stm32f4xx_hal_uart.o [1]
UART_SetConfig          0x080016a7   0x13a  Code  Lc  stm32f4xx_hal_uart.o [1]
USART2_IRQHandler       0x0800302d    0x10  Code  Gb  stm32f4xx_it.o [1]
_Close_all              0x08002ef9    0x58  Code  Gb  xcloseall.o [3]
_Files                  0x200000d0    0x20  Data  Gb  xfiles.o [3]
_Fofree                 0x08002dcd    0x78  Code  Gb  xfofind.o [3]
_Fspos                  0x08002af1    0xd6  Code  Gb  xfspos.o [3]
_Fwprep                 0x080027a7    0xb8  Code  Gb  xfwprep.o [3]
_Nnl                    0x08002be5     0xa  Code  Gb  xfgpos.o [3]
__aeabi_errno_addr      0x08002c3d     0x6  Code  Gb  errno.o [3]
__aeabi_memset4         0x08000d31          Code  Gb  ABImemset48.o [5]
__aeabi_memset8         0x08000d31          Code  Gb  ABImemset48.o [5]
__cexit_closeall        0x080030d3          Code  Gb  cexit.o [5]
__close                 0x08002ec7    0x1a  Code  Gb  close.o [6]
__cmain                 0x080030ad          Code  Gb  cmain.o [5]
__cstart_closeall       0x08003264          Data  Gb  cstart_closeall.o [5]
__data_Aldata           0x200059bc     0x8  Data  Gb  xxmemxmalloc.o [3]
__data_GetMemChunk      0x08002ac5    0x2c  Code  Gb  xgetmemchunk.o [3]
__data_GetMemChunk::start
                        0x200059c8     0x4  Data  Lc  xgetmemchunk.o [3]
__dwrite                0x08002bc7    0x1e  Code  Gb  dwrite.o [6]
__exit                  0x080030e1    0x14  Code  Gb  exit.o [6]
__iar_Errno             0x200000f8     0x4  Data  Gb  errno.o [3]
__iar_Lockfilelock      0x080026b5     0x2  Code  Gb  xsyslock_nop.o [3]
__iar_Memset4_word      0x08000d39          Code  Gb  ABImemset48.o [5]
__iar_Memset8_word      0x08000d39          Code  Gb  ABImemset48.o [5]
__iar_Stderr            0x20000090    0x40  Data  Gb  xfiles.o [3]
__iar_Stdin             0x20000010    0x40  Data  Gb  xfiles.o [3]
__iar_Stdout            0x20000050    0x40  Data  Gb  xfiles.o [3]
__iar_Strrchr           0x0800285f    0x18  Code  Gb  strrchr.o [3]
__iar_Unlockfilelock    0x080026b7     0x2  Code  Gb  xsyslock_nop.o [3]
__iar_close_ttio        0x08002d59    0x2e  Code  Gb  iarttio.o [6]
__iar_data_init3        0x08003041    0x28  Code  Gb  data_init.o [5]
__iar_dlib_perthread_access
                        0x08002d55     0x2  Code  Gb  xtls.o [3]
__iar_get_ttio          0x08002d89    0x38  Code  Gb  iarttio.o [6]
__iar_init_vfp          0x08003069          Code  Gb  fpinit_M.o [4]
__iar_lookup_ttioh      0x08002dc5     0x8  Code  Gb  XShttio.o [3]
__iar_packbits_init_single3
                        0x08002fe1    0x38  Code  Gb  packbits_init_single.o [5]
__iar_program_start     0x08003105          Code  Gb  cstartup_M.o [5]
__iar_sh_Discard        0x08002c89    0x3e  Code  Gb  XShHandles.o [3]
__iar_sh_Move           0x08002ccd    0x46  Code  Gb  XShHandles.o [3]
__iar_sh_Pos            0x08002d13    0x3e  Code  Gb  XShHandles.o [3]
__iar_sh_stdout         0x08002c49    0x20  Code  Gb  iarwstd.o [6]
__iar_sh_write          0x08002c69    0x20  Code  Gb  iarwrite.o [6]
__iar_ttio_handles      0x200000f0     0x8  Data  Lc  XShttio.o [3]
__iar_unaligned___aeabi_memcpy
                        0x08001355          Code  Gb  ABImemcpy_unaligned.o [5]
__iar_unaligned___aeabi_memcpy4
                        0x08001375          Code  Gb  ABImemcpy_unaligned.o [5]
__iar_unaligned___aeabi_memcpy8
                        0x08001375          Code  Gb  ABImemcpy_unaligned.o [5]
__iar_zero_init3        0x08002fa1    0x40  Code  Gb  zero_init3.o [5]
__low_level_init        0x080030c7     0x4  Code  Gb  low_level_init.o [3]
__lseek                 0x08002bef    0x4c  Code  Gb  lseek.o [6]
__vector_table          0x08000000          Data  Gb  startup_stm32f407xx.o [1]
__write                 0x08002a33    0x10  Code  Gb  write.o [6]
_call_main              0x080030b9          Code  Gb  cmain.o [5]
_exit                   0x080030d1          Code  Gb  cexit.o [5]
_main                   0x080030c3          Code  Gb  cmain.o [5]
buffer                  0x2000532c   0x400  Data  Lc  debug.o [1]
colaDebug               0x20004318  0x1014  Data  Gb  cola.o [1]
cola_guardar            0x080024f3    0x58  Code  Gb  cola.o [1]
cola_init               0x080024d7    0x1c  Code  Gb  cola.o [1]
cola_leer               0x0800254b    0x7c  Code  Gb  cola.o [1]
debug_uart_init         0x080025eb    0x34  Code  Gb  debug_uart.o [1]
debug_uart_isr          0x0800261f    0x2a  Code  Gb  debug_uart.o [1]
debug_uart_isr_begin    0x08002385     0x8  Code  Gb  debug.o [1]
debug_uart_isr_end      0x0800238d    0x18  Code  Gb  debug.o [1]
debug_uart_isr_rx       0x080023af     0x2  Code  Gb  debug.o [1]
debug_uart_isr_tx       0x080023a5     0xa  Code  Gb  debug.o [1]
debug_uart_send         0x080025e1     0xa  Code  Gb  debug_uart.o [1]
ebuf                    0x200058d4    0x50  Data  Lc  xfiles.o [3]
exit                    0x080030cb     0x4  Code  Gb  exit.o [3]
fclose                  0x08002e4d    0x7a  Code  Gb  fclose.o [3]
fflush                  0x08002927    0x34  Code  Gb  fflush.o [3]
fflushOne               0x080028b1    0x76  Code  Lc  fflush.o [3]
fputc                   0x08002751    0x56  Code  Gb  fputc.o [3]
fputs                   0x080026b9    0x98  Code  Gb  fputs.o [3]
free                    0x08002a45    0x7a  Code  Gb  xxmemxfree.o [3]
fseek                   0x08002a11    0x22  Code  Gb  fseek.o [3]
huartx                  0x20005974    0x40  Data  Gb  stm32f4xx_it.o [1]
main                    0x08002095    0x18  Code  Gb  main.o [1]
malloc                  0x08002961    0xac  Code  Gb  xxmemxmalloc.o [3]
obuf                    0x20005924    0x50  Data  Lc  xfiles.o [3]
osKernelStart           0x080024b9     0xa  Code  Gb  cmsis_os.o [1]
osSystickHandler        0x080024c3    0x14  Code  Gb  cmsis_os.o [1]
prvAddCurrentTaskToDelayedList
                        0x08000717    0x30  Code  Lc  tasks.o [1]
prvAllocateTCBAndStack  0x08000747    0x38  Code  Lc  tasks.o [1]
prvCopyDataFromQueue    0x080012cf    0x26  Code  Lc  queue.o [1]
prvCopyDataToQueue      0x08001261    0x6e  Code  Lc  queue.o [1]
prvIdleTask             0x08000669    0x5a  Code  Lc  tasks.o [1]
prvInitialiseTCBVariables
                        0x080006c3    0x54  Code  Lc  tasks.o [1]
prvInsertBlockIntoFreeList
                        0x08000ce5    0x46  Code  Lc  heap_4.o [1]
prvResetNextTaskUnblockTime
                        0x0800077f    0x1a  Code  Lc  tasks.o [1]
prvTaskExitError        0x08000929    0x28  Code  Lc  port.o [1]
prvUnlockQueue          0x080012f5    0x5c  Code  Lc  queue.o [1]
puts                    0x08002679    0x3c  Code  Gb  puts.o [3]
pvPortMalloc            0x08000b7d    0xfa  Code  Gb  heap_4.o [1]
pvTaskIncrementMutexHeldCount
                        0x080008b9    0x12  Code  Gb  tasks.o [1]
pxCurrentTCB            0x20005754     0x4  Data  Gb  tasks.o [1]
pxDelayedTaskList       0x20005758     0x4  Data  Lc  tasks.o [1]
pxEnd                   0x20000708     0x4  Data  Lc  heap_4.o [1]
pxOverflowDelayedTaskList
                        0x2000575c     0x4  Data  Lc  tasks.o [1]
pxPortInitialiseStack   0x08000905    0x22  Code  Gb  port.o [1]
pxReadyTasksLists       0x200057c8    0x8c  Data  Lc  tasks.o [1]
remove                  0x08002ee1    0x16  Code  Gb  remove.o [6]
sFileInfo               0x20005854    0x80  Data  Lc  XShHandles.o [3]
semaforo_debug_isruart  0x200059b4     0x4  Data  Lc  debug.o [1]
strlen                  0x08002879          Code  Gb  strlen.o [5]
ucHeap                  0x20000718  0x3c00  Data  Lc  heap_4.o [1]
ucMaxSysCallPriority    0x20000000     0x1  Data  Lc  port.o [1]
ulMaxPRIGROUPValue      0x20000008     0x4  Data  Lc  port.o [1]
uwTick                  0x200059c4     0x4  Data  Gb  stm32f4xx_hal.o [1]
uxCriticalNesting       0x20000004     0x4  Data  Lc  port.o [1]
uxCurrentNumberOfTasks  0x20005778     0x4  Data  Lc  tasks.o [1]
uxListRemove            0x08000b57    0x24  Code  Gb  list.o [1]
uxPendedTicks           0x20005788     0x4  Data  Lc  tasks.o [1]
uxSchedulerSuspended    0x2000579c     0x4  Data  Lc  tasks.o [1]
uxTaskNumber            0x20005794     0x4  Data  Lc  tasks.o [1]
uxTasksDeleted          0x20005760     0x4  Data  Lc  tasks.o [1]
uxTopReadyPriority      0x20005780     0x4  Data  Lc  tasks.o [1]
vListInitialise         0x08000aed    0x1a  Code  Gb  list.o [1]
vListInitialiseItem     0x08000b07     0x6  Code  Gb  list.o [1]
vListInsert             0x08000b25    0x32  Code  Gb  list.o [1]
vListInsertEnd          0x08000b0d    0x18  Code  Gb  list.o [1]
vPortEnableVFP          0x08000df9          Code  Gb  portasm.o [1]
vPortEnterCritical      0x080009e9    0x32  Code  Gb  port.o [1]
vPortExitCritical       0x08000a1b    0x24  Code  Gb  port.o [1]
vPortFree               0x08000c89    0x4e  Code  Gb  heap_4.o [1]
vPortSetupTimerInterrupt
                        0x08000a65    0x18  Code  Wk  port.o [1]
vPortStartFirstTask     0x08000de1          Code  Gb  portasm.o [1]
vPortValidateInterruptPriority
                        0x08000a7d    0x42  Code  Gb  port.o [1]
vTaskDelay              0x080002a9    0x3a  Code  Gb  tasks.o [1]
vTaskMissedYield        0x0800065f     0xa  Code  Gb  tasks.o [1]
vTaskPlaceOnEventList   0x08000515    0x2c  Code  Gb  tasks.o [1]
vTaskPriorityInherit    0x080007af    0x7c  Code  Gb  tasks.o [1]
vTaskSetTimeOutState    0x080005df    0x20  Code  Gb  tasks.o [1]
vTaskStartScheduler     0x08000309    0x5a  Code  Gb  tasks.o [1]
vTaskSuspendAll         0x08000363     0xc  Code  Gb  tasks.o [1]
vTaskSwitchContext      0x080004c3    0x52  Code  Gb  tasks.o [1]
xBlockAllocatedBit      0x20000714     0x4  Data  Lc  heap_4.o [1]
xDelayedTaskList1       0x200057a0    0x14  Data  Lc  tasks.o [1]
xDelayedTaskList2       0x200057b4    0x14  Data  Lc  tasks.o [1]
xFreeBytesRemaining     0x2000070c     0x4  Data  Lc  heap_4.o [1]
xHigherPriorityTaskWoken
                        0x200059b8     0x4  Data  Lc  debug.o [1]
xMinimumEverFreeBytesRemaining
                        0x20000710     0x4  Data  Lc  heap_4.o [1]
xNextTaskUnblockTime    0x20005798     0x4  Data  Lc  tasks.o [1]
xNumOfOverflows         0x20005790     0x4  Data  Lc  tasks.o [1]
xPendingReadyList       0x2000572c    0x14  Data  Lc  tasks.o [1]
xPortStartScheduler     0x08000951    0x84  Code  Gb  port.o [1]
xPortSysTickHandler     0x08000a3f    0x26  Code  Gb  port.o [1]
xQueueCreateMutex       0x08000ed3    0x50  Code  Gb  queue.o [1]
xQueueGenericCreate     0x08000e7f    0x54  Code  Gb  queue.o [1]
xQueueGenericReceive    0x0800110b   0x126  Code  Gb  queue.o [1]
xQueueGenericReset      0x08000e15    0x6a  Code  Gb  queue.o [1]
xQueueGenericSend       0x08000f23   0x12a  Code  Gb  queue.o [1]
xQueueGiveFromISR       0x08001063    0x7a  Code  Gb  queue.o [1]
xSchedulerRunning       0x20005784     0x4  Data  Lc  tasks.o [1]
xStart                  0x20000700     0x8  Data  Lc  heap_4.o [1]
xSuspendedTaskList      0x20005764    0x14  Data  Lc  tasks.o [1]
xTaskCheckForTimeOut    0x080005ff    0x58  Code  Gb  tasks.o [1]
xTaskGenericCreate      0x08000189   0x118  Code  Gb  tasks.o [1]
xTaskGetSchedulerState  0x08000799    0x16  Code  Gb  tasks.o [1]
xTaskIncrementTick      0x08000407    0xbc  Code  Gb  tasks.o [1]
xTaskPriorityDisinherit
                        0x0800082b    0x88  Code  Gb  tasks.o [1]
xTaskRemoveFromEventList
                        0x08000575    0x56  Code  Gb  tasks.o [1]
xTaskResumeAll          0x0800036f    0x98  Code  Gb  tasks.o [1]
xTasksWaitingTermination
                        0x20005740    0x14  Data  Lc  tasks.o [1]
xTickCount              0x2000577c     0x4  Data  Lc  tasks.o [1]
xYieldPending           0x2000578c     0x4  Data  Lc  tasks.o [1]


[1] = C:\Users\Public\Documents\stm32f4-discovery\ColaDebug v0\EWARM\ColaDebug\Obj
[2] = command line
[3] = dl7M_tlf.a
[4] = m7M_tls.a
[5] = rt7M_tl.a
[6] = shb_l.a

  12 866 bytes of readonly  code memory
     167 bytes of readonly  data memory
  22 984 bytes of readwrite data memory

Errors: none
Warnings: none
